<html>
<body>
<pre>
<h1>礦ision Build Log</h1>
<h2>Project:</h2>
E:\代码\实训挖空代码\FTC-Remoter-V1.0\FTC_Remoter.uvproj
Project File Date:  07/09/2017

<h2>Output:</h2>
Rebuild target 'FTC_Remoter'
compiling FtcRemoter.cpp...
applications\FtcRemoter.cpp(26): warning:  #111-D: statement is unreachable
        return 0;
applications\FtcRemoter.cpp: 1 warning, 0 errors
compiling FTC_Config.cpp...
compiling FTC_DT.cpp...
compiling FTC_Filter.cpp...
compiling FTC_IMU.cpp...
compiling FTC_Param.cpp...
compiling FTC_RC.cpp...
compiling FTC_Scheduler.cpp...
compiling FTC_Math.cpp...
compiling FTC_Matrix3.cpp...
compiling FTC_Vector3.cpp...
compiling board.c...
compiling FTC_Drv_ADC.c...
compiling FTC_Drv_EEPROM.c...
compiling FTC_Drv_I2C_soft.cpp...
compiling FTC_Drv_LED.cpp...
compiling FTC_Drv_MPU6050.cpp...
compiling FTC_Drv_Nrf24l01.cpp...
compiling FTC_Drv_SPI2.cpp...
compiling FTC_Drv_Usart1.c...
compiling stm32f10x_it.c...
compiling misc.c...
compiling stm32f10x_adc.c...
compiling stm32f10x_dma.c...
compiling stm32f10x_flash.c...
compiling stm32f10x_gpio.c...
compiling stm32f10x_rcc.c...
compiling stm32f10x_spi.c...
compiling stm32f10x_tim.c...
compiling stm32f10x_usart.c...
compiling system_stm32f10x.c...
assembling startup_stm32f10x_md.s...
linking...
Program Size: Code=22778 RO-data=322 RW-data=96 ZI-data=2768  
FromELF: creating hex file...
".\build\FTC_Remoter.axf" - 0 Error(s), 1 Warning(s).
Load "E:\\代码\\实训挖空代码\\FTC-Remoter-V1.0\\build\\FTC_Remoter.axf" 
Set JLink Project File to "E:\代码\实训挖空代码\FTC-Remoter-V1.0\JLinkSettings.ini"
* JLink Info: Device "STM32F103C8" selected (64 KB flash, 20 KB RAM).
 
JLink info:
------------
DLL: V4.80g, compiled Feb 13 2014 20:50:02
Firmware: J-Link ARM-OB STM32 compiled Aug 22 2012 19:52:04
Hardware: V7.00
S/N : 20090928 
Feature(s) : RDI,FlashDL,FlashBP,JFlash,GDBFull 
 
* JLink Info: Found SWD-DP with ID 0x1BA01477
* JLink Info: Found SWD-DP with ID 0x1BA01477
* JLink Info: Found Cortex-M3 r1p1, Little endian.
* JLink Info: FPUnit: 6 code (BP) slots and 2 literal slots
* JLink Info: TPIU fitted.
ROMTableAddr = 0xE00FF003
 
Target info:
------------
Device: STM32F103C8
VTarget = 3.300V
State of Pins: 
TCK: 0, TDI: 0, TDO: 1, TMS: 0, TRES: 1, TRST: 1
Hardware-Breakpoints: 6
Software-Breakpoints: 8192
Watchpoints:          4
JTAG speed: 4000 kHz
 
Full Chip Erase Done.
Programming Done.
Verify OK.
Application running ...
</pre>
</body>
</html>
