<!doctype html public "-//w3c//dtd html 4.0 transitional//en">
<html><head>
<title>Static Call Graph - [.\build\FTC_Remoter.axf]</title></head>
<body><HR>
<H1>Static Call Graph for image .\build\FTC_Remoter.axf</H1><HR>
<BR><P>#&#060CALLGRAPH&#062# ARM Linker, 5040049: Last Updated: Sun Jul 09 14:29:16 2017
<BR><P>
<H3>Maximum Stack Usage =        192 bytes + Unknown(Functions without stacksize, Cycles, Untraceable Function Pointers)</H3><H3>
Call chain for Maximum Stack Depth:</H3>
__rt_entry_main &rArr; main &rArr; FTC_Loop() &rArr; FTC_Loop_500Hz() &rArr; FTC_IMU::getAttitude() &rArr; FTC_Filter::LPF_1st(Vector3&lang;float&rang;, Vector3&lang;float&rang;, float) &rArr; Vector3&lang;float&rang;::operator +(const Vector3&lang;float&rang;&) const &rArr; __aeabi_fadd
<P>
<H3>
Functions with no stack information
</H3><UL>
 <LI><a href="#[115]">__user_initial_stackheap</a>
</UL>
</UL>
<P>
<H3>
Mutually Recursive functions
</H3> <LI><a href="#[6]">HardFault_Handler</a>&nbsp;&nbsp;&nbsp;&rArr;&nbsp;&nbsp;&nbsp;<a href="#[6]">HardFault_Handler</a><BR>
 <LI><a href="#[c]">PendSV_Handler</a>&nbsp;&nbsp;&nbsp;&rArr;&nbsp;&nbsp;&nbsp;<a href="#[c]">PendSV_Handler</a><BR>
 <LI><a href="#[20]">ADC1_2_IRQHandler</a>&nbsp;&nbsp;&nbsp;&rArr;&nbsp;&nbsp;&nbsp;<a href="#[20]">ADC1_2_IRQHandler</a><BR>
</UL>
<P>
<H3>
Function Pointers
</H3><UL>
 <LI><a href="#[20]">ADC1_2_IRQHandler</a> from startup_stm32f10x_md.o(.text) referenced from startup_stm32f10x_md.o(RESET)
 <LI><a href="#[8]">BusFault_Handler</a> from stm32f10x_it.o(.text) referenced from startup_stm32f10x_md.o(RESET)
 <LI><a href="#[23]">CAN1_RX1_IRQHandler</a> from startup_stm32f10x_md.o(.text) referenced from startup_stm32f10x_md.o(RESET)
 <LI><a href="#[24]">CAN1_SCE_IRQHandler</a> from startup_stm32f10x_md.o(.text) referenced from startup_stm32f10x_md.o(RESET)
 <LI><a href="#[19]">DMA1_Channel1_IRQHandler</a> from startup_stm32f10x_md.o(.text) referenced from startup_stm32f10x_md.o(RESET)
 <LI><a href="#[1a]">DMA1_Channel2_IRQHandler</a> from startup_stm32f10x_md.o(.text) referenced from startup_stm32f10x_md.o(RESET)
 <LI><a href="#[1b]">DMA1_Channel3_IRQHandler</a> from startup_stm32f10x_md.o(.text) referenced from startup_stm32f10x_md.o(RESET)
 <LI><a href="#[1c]">DMA1_Channel4_IRQHandler</a> from startup_stm32f10x_md.o(.text) referenced from startup_stm32f10x_md.o(RESET)
 <LI><a href="#[1d]">DMA1_Channel5_IRQHandler</a> from startup_stm32f10x_md.o(.text) referenced from startup_stm32f10x_md.o(RESET)
 <LI><a href="#[1e]">DMA1_Channel6_IRQHandler</a> from startup_stm32f10x_md.o(.text) referenced from startup_stm32f10x_md.o(RESET)
 <LI><a href="#[1f]">DMA1_Channel7_IRQHandler</a> from startup_stm32f10x_md.o(.text) referenced from startup_stm32f10x_md.o(RESET)
 <LI><a href="#[b]">DebugMon_Handler</a> from stm32f10x_it.o(.text) referenced from startup_stm32f10x_md.o(RESET)
 <LI><a href="#[14]">EXTI0_IRQHandler</a> from startup_stm32f10x_md.o(.text) referenced from startup_stm32f10x_md.o(RESET)
 <LI><a href="#[36]">EXTI15_10_IRQHandler</a> from startup_stm32f10x_md.o(.text) referenced from startup_stm32f10x_md.o(RESET)
 <LI><a href="#[15]">EXTI1_IRQHandler</a> from startup_stm32f10x_md.o(.text) referenced from startup_stm32f10x_md.o(RESET)
 <LI><a href="#[16]">EXTI2_IRQHandler</a> from startup_stm32f10x_md.o(.text) referenced from startup_stm32f10x_md.o(RESET)
 <LI><a href="#[17]">EXTI3_IRQHandler</a> from startup_stm32f10x_md.o(.text) referenced from startup_stm32f10x_md.o(RESET)
 <LI><a href="#[18]">EXTI4_IRQHandler</a> from startup_stm32f10x_md.o(.text) referenced from startup_stm32f10x_md.o(RESET)
 <LI><a href="#[25]">EXTI9_5_IRQHandler</a> from startup_stm32f10x_md.o(.text) referenced from startup_stm32f10x_md.o(RESET)
 <LI><a href="#[12]">FLASH_IRQHandler</a> from startup_stm32f10x_md.o(.text) referenced from startup_stm32f10x_md.o(RESET)
 <LI><a href="#[6]">HardFault_Handler</a> from startup_stm32f10x_md.o(.text) referenced from startup_stm32f10x_md.o(RESET)
 <LI><a href="#[2e]">I2C1_ER_IRQHandler</a> from startup_stm32f10x_md.o(.text) referenced from startup_stm32f10x_md.o(RESET)
 <LI><a href="#[2d]">I2C1_EV_IRQHandler</a> from startup_stm32f10x_md.o(.text) referenced from startup_stm32f10x_md.o(RESET)
 <LI><a href="#[30]">I2C2_ER_IRQHandler</a> from startup_stm32f10x_md.o(.text) referenced from startup_stm32f10x_md.o(RESET)
 <LI><a href="#[2f]">I2C2_EV_IRQHandler</a> from startup_stm32f10x_md.o(.text) referenced from startup_stm32f10x_md.o(RESET)
 <LI><a href="#[7]">MemManage_Handler</a> from stm32f10x_it.o(.text) referenced from startup_stm32f10x_md.o(RESET)
 <LI><a href="#[5]">NMI_Handler</a> from stm32f10x_it.o(.text) referenced from startup_stm32f10x_md.o(RESET)
 <LI><a href="#[f]">PVD_IRQHandler</a> from startup_stm32f10x_md.o(.text) referenced from startup_stm32f10x_md.o(RESET)
 <LI><a href="#[c]">PendSV_Handler</a> from startup_stm32f10x_md.o(.text) referenced from startup_stm32f10x_md.o(RESET)
 <LI><a href="#[13]">RCC_IRQHandler</a> from startup_stm32f10x_md.o(.text) referenced from startup_stm32f10x_md.o(RESET)
 <LI><a href="#[37]">RTCAlarm_IRQHandler</a> from startup_stm32f10x_md.o(.text) referenced from startup_stm32f10x_md.o(RESET)
 <LI><a href="#[11]">RTC_IRQHandler</a> from startup_stm32f10x_md.o(.text) referenced from startup_stm32f10x_md.o(RESET)
 <LI><a href="#[4]">Reset_Handler</a> from startup_stm32f10x_md.o(.text) referenced from startup_stm32f10x_md.o(RESET)
 <LI><a href="#[31]">SPI1_IRQHandler</a> from startup_stm32f10x_md.o(.text) referenced from startup_stm32f10x_md.o(RESET)
 <LI><a href="#[32]">SPI2_IRQHandler</a> from startup_stm32f10x_md.o(.text) referenced from startup_stm32f10x_md.o(RESET)
 <LI><a href="#[a]">SVC_Handler</a> from stm32f10x_it.o(.text) referenced from startup_stm32f10x_md.o(RESET)
 <LI><a href="#[d]">SysTick_Handler</a> from stm32f10x_it.o(.text) referenced from startup_stm32f10x_md.o(RESET)
 <LI><a href="#[39]">SystemInit</a> from system_stm32f10x.o(.text) referenced from startup_stm32f10x_md.o(.text)
 <LI><a href="#[10]">TAMPER_IRQHandler</a> from startup_stm32f10x_md.o(.text) referenced from startup_stm32f10x_md.o(RESET)
 <LI><a href="#[26]">TIM1_BRK_IRQHandler</a> from startup_stm32f10x_md.o(.text) referenced from startup_stm32f10x_md.o(RESET)
 <LI><a href="#[29]">TIM1_CC_IRQHandler</a> from startup_stm32f10x_md.o(.text) referenced from startup_stm32f10x_md.o(RESET)
 <LI><a href="#[28]">TIM1_TRG_COM_IRQHandler</a> from startup_stm32f10x_md.o(.text) referenced from startup_stm32f10x_md.o(RESET)
 <LI><a href="#[27]">TIM1_UP_IRQHandler</a> from startup_stm32f10x_md.o(.text) referenced from startup_stm32f10x_md.o(RESET)
 <LI><a href="#[2a]">TIM2_IRQHandler</a> from startup_stm32f10x_md.o(.text) referenced from startup_stm32f10x_md.o(RESET)
 <LI><a href="#[2b]">TIM3_IRQHandler</a> from startup_stm32f10x_md.o(.text) referenced from startup_stm32f10x_md.o(RESET)
 <LI><a href="#[2c]">TIM4_IRQHandler</a> from startup_stm32f10x_md.o(.text) referenced from startup_stm32f10x_md.o(RESET)
 <LI><a href="#[33]">USART1_IRQHandler</a> from stm32f10x_it.o(.text) referenced from startup_stm32f10x_md.o(RESET)
 <LI><a href="#[34]">USART2_IRQHandler</a> from startup_stm32f10x_md.o(.text) referenced from startup_stm32f10x_md.o(RESET)
 <LI><a href="#[35]">USART3_IRQHandler</a> from startup_stm32f10x_md.o(.text) referenced from startup_stm32f10x_md.o(RESET)
 <LI><a href="#[38]">USBWakeUp_IRQHandler</a> from startup_stm32f10x_md.o(.text) referenced from startup_stm32f10x_md.o(RESET)
 <LI><a href="#[21]">USB_HP_CAN1_TX_IRQHandler</a> from startup_stm32f10x_md.o(.text) referenced from startup_stm32f10x_md.o(RESET)
 <LI><a href="#[22]">USB_LP_CAN1_RX0_IRQHandler</a> from startup_stm32f10x_md.o(.text) referenced from startup_stm32f10x_md.o(RESET)
 <LI><a href="#[9]">UsageFault_Handler</a> from stm32f10x_it.o(.text) referenced from startup_stm32f10x_md.o(RESET)
 <LI><a href="#[e]">WWDG_IRQHandler</a> from startup_stm32f10x_md.o(.text) referenced from startup_stm32f10x_md.o(RESET)
 <LI><a href="#[40]">__main</a> from __main.o(!!!main) referenced from startup_stm32f10x_md.o(.text)
 <LI><a href="#[3d]">__sti___10_FTC_RC_cpp_rc</a> from ftc_rc.o(.text) referenced from ftc_rc.o(.init_array)
 <LI><a href="#[3c]">__sti___11_FTC_IMU_cpp_imu</a> from ftc_imu.o(.text) referenced from ftc_imu.o(.init_array)
 <LI><a href="#[3b]">__sti___14_FTC_Config_cpp_ftc</a> from ftc_config.o(.text) referenced from ftc_config.o(.init_array)
 <LI><a href="#[3e]">__sti___17_FTC_Scheduler_cpp_463cec18</a> from ftc_scheduler.o(.text) referenced from ftc_scheduler.o(.init_array)
 <LI><a href="#[3f]">__sti___19_FTC_Drv_MPU6050_cpp_mpu6050</a> from ftc_drv_mpu6050.o(.text) referenced from ftc_drv_mpu6050.o(.init_array)
</UL>
<P>
<H3>
Global Symbols
</H3>
<P><STRONG><a name="[40]"></a>__main</STRONG> (Thumb, 8 bytes, Stack size 0 bytes, __main.o(!!!main))
<BR><BR>[Calls]<UL><LI><a href="#[42]">&gt;&gt;</a>&nbsp;&nbsp;&nbsp;__scatterload
<LI><a href="#[43]">&gt;&gt;</a>&nbsp;&nbsp;&nbsp;__rt_entry
</UL>

<P><STRONG><a name="[42]"></a>__scatterload</STRONG> (Thumb, 0 bytes, Stack size unknown bytes, __scatter.o(!!!scatter))
<BR><BR>[Called By]<UL><LI><a href="#[40]">&gt;&gt;</a>&nbsp;&nbsp;&nbsp;__main
</UL>

<P><STRONG><a name="[44]"></a>__scatterload_rt2</STRONG> (Thumb, 44 bytes, Stack size unknown bytes, __scatter.o(!!!scatter), UNUSED)
<BR><BR>[Calls]<UL><LI><a href="#[43]">&gt;&gt;</a>&nbsp;&nbsp;&nbsp;__rt_entry
</UL>

<P><STRONG><a name="[138]"></a>__scatterload_rt2_thumb_only</STRONG> (Thumb, 0 bytes, Stack size unknown bytes, __scatter.o(!!!scatter), UNUSED)

<P><STRONG><a name="[139]"></a>__scatterload_null</STRONG> (Thumb, 0 bytes, Stack size unknown bytes, __scatter.o(!!!scatter), UNUSED)

<P><STRONG><a name="[45]"></a>__scatterload_copy</STRONG> (Thumb, 26 bytes, Stack size unknown bytes, __scatter_copy.o(!!handler_copy), UNUSED)
<BR><BR>[Calls]<UL><LI><a href="#[45]">&gt;&gt;</a>&nbsp;&nbsp;&nbsp;__scatterload_copy
</UL>
<BR>[Called By]<UL><LI><a href="#[45]">&gt;&gt;</a>&nbsp;&nbsp;&nbsp;__scatterload_copy
</UL>

<P><STRONG><a name="[13a]"></a>__scatterload_zeroinit</STRONG> (Thumb, 28 bytes, Stack size unknown bytes, __scatter_zi.o(!!handler_zi), UNUSED)

<P><STRONG><a name="[4a]"></a>__rt_lib_init</STRONG> (Thumb, 0 bytes, Stack size unknown bytes, libinit.o(.ARM.Collect$$libinit$$00000000))
<BR><BR>[Called By]<UL><LI><a href="#[49]">&gt;&gt;</a>&nbsp;&nbsp;&nbsp;__rt_entry_li
</UL>

<P><STRONG><a name="[13b]"></a>__rt_lib_init_alloca_1</STRONG> (Thumb, 0 bytes, Stack size unknown bytes, libinit2.o(.ARM.Collect$$libinit$$0000002C))

<P><STRONG><a name="[13c]"></a>__rt_lib_init_argv_1</STRONG> (Thumb, 0 bytes, Stack size unknown bytes, libinit2.o(.ARM.Collect$$libinit$$0000002A))

<P><STRONG><a name="[13d]"></a>__rt_lib_init_atexit_1</STRONG> (Thumb, 0 bytes, Stack size unknown bytes, libinit2.o(.ARM.Collect$$libinit$$00000019))

<P><STRONG><a name="[13e]"></a>__rt_lib_init_clock_1</STRONG> (Thumb, 0 bytes, Stack size unknown bytes, libinit2.o(.ARM.Collect$$libinit$$0000001F))

<P><STRONG><a name="[46]"></a>__rt_lib_init_cpp_2</STRONG> (Thumb, 0 bytes, Stack size unknown bytes, libinit2.o(.ARM.Collect$$libinit$$0000002F))
<BR><BR>[Stack]<UL><LI>Max Depth = 16 + Unknown Stack Size
<LI>Call Chain = __rt_lib_init_cpp_2 &rArr; __cpp_initialize__aeabi_
</UL>
<BR>[Calls]<UL><LI><a href="#[41]">&gt;&gt;</a>&nbsp;&nbsp;&nbsp;__cpp_initialize__aeabi_
</UL>

<P><STRONG><a name="[13f]"></a>__rt_lib_init_exceptions_1</STRONG> (Thumb, 0 bytes, Stack size unknown bytes, libinit2.o(.ARM.Collect$$libinit$$0000002E))

<P><STRONG><a name="[140]"></a>__rt_lib_init_fp_1</STRONG> (Thumb, 0 bytes, Stack size unknown bytes, libinit2.o(.ARM.Collect$$libinit$$00000002))

<P><STRONG><a name="[141]"></a>__rt_lib_init_fp_trap_1</STRONG> (Thumb, 0 bytes, Stack size unknown bytes, libinit2.o(.ARM.Collect$$libinit$$0000001D))

<P><STRONG><a name="[142]"></a>__rt_lib_init_getenv_1</STRONG> (Thumb, 0 bytes, Stack size unknown bytes, libinit2.o(.ARM.Collect$$libinit$$00000021))

<P><STRONG><a name="[143]"></a>__rt_lib_init_heap_1</STRONG> (Thumb, 0 bytes, Stack size unknown bytes, libinit2.o(.ARM.Collect$$libinit$$00000008))

<P><STRONG><a name="[144]"></a>__rt_lib_init_lc_collate_1</STRONG> (Thumb, 0 bytes, Stack size unknown bytes, libinit2.o(.ARM.Collect$$libinit$$0000000F))

<P><STRONG><a name="[145]"></a>__rt_lib_init_lc_ctype_1</STRONG> (Thumb, 0 bytes, Stack size unknown bytes, libinit2.o(.ARM.Collect$$libinit$$00000011))

<P><STRONG><a name="[146]"></a>__rt_lib_init_lc_monetary_1</STRONG> (Thumb, 0 bytes, Stack size unknown bytes, libinit2.o(.ARM.Collect$$libinit$$00000013))

<P><STRONG><a name="[147]"></a>__rt_lib_init_lc_numeric_1</STRONG> (Thumb, 0 bytes, Stack size unknown bytes, libinit2.o(.ARM.Collect$$libinit$$00000015))

<P><STRONG><a name="[148]"></a>__rt_lib_init_lc_time_1</STRONG> (Thumb, 0 bytes, Stack size unknown bytes, libinit2.o(.ARM.Collect$$libinit$$00000017))

<P><STRONG><a name="[149]"></a>__rt_lib_init_rand_1</STRONG> (Thumb, 0 bytes, Stack size unknown bytes, libinit2.o(.ARM.Collect$$libinit$$0000000C))

<P><STRONG><a name="[14a]"></a>__rt_lib_init_signal_1</STRONG> (Thumb, 0 bytes, Stack size unknown bytes, libinit2.o(.ARM.Collect$$libinit$$0000001B))

<P><STRONG><a name="[14b]"></a>__rt_lib_init_stdio_1</STRONG> (Thumb, 0 bytes, Stack size unknown bytes, libinit2.o(.ARM.Collect$$libinit$$00000023))

<P><STRONG><a name="[14c]"></a>__rt_lib_init_user_alloc_1</STRONG> (Thumb, 0 bytes, Stack size unknown bytes, libinit2.o(.ARM.Collect$$libinit$$0000000A))

<P><STRONG><a name="[14d]"></a>__rt_lib_init_cpp_1</STRONG> (Thumb, 0 bytes, Stack size unknown bytes, libinit2.o(.ARM.Collect$$libinit$$00000030))

<P><STRONG><a name="[14e]"></a>__rt_lib_init_return</STRONG> (Thumb, 0 bytes, Stack size unknown bytes, libinit2.o(.ARM.Collect$$libinit$$00000031))

<P><STRONG><a name="[4f]"></a>__rt_lib_shutdown</STRONG> (Thumb, 0 bytes, Stack size unknown bytes, libshutdown.o(.ARM.Collect$$libshutdown$$00000000))
<BR><BR>[Called By]<UL><LI><a href="#[4e]">&gt;&gt;</a>&nbsp;&nbsp;&nbsp;__rt_exit_ls
</UL>

<P><STRONG><a name="[14f]"></a>__rt_lib_shutdown_fp_trap_1</STRONG> (Thumb, 0 bytes, Stack size unknown bytes, libshutdown2.o(.ARM.Collect$$libshutdown$$00000006))

<P><STRONG><a name="[150]"></a>__rt_lib_shutdown_heap_1</STRONG> (Thumb, 0 bytes, Stack size unknown bytes, libshutdown2.o(.ARM.Collect$$libshutdown$$0000000E))

<P><STRONG><a name="[151]"></a>__rt_lib_shutdown_return</STRONG> (Thumb, 0 bytes, Stack size unknown bytes, libshutdown2.o(.ARM.Collect$$libshutdown$$0000000F))

<P><STRONG><a name="[152]"></a>__rt_lib_shutdown_signal_1</STRONG> (Thumb, 0 bytes, Stack size unknown bytes, libshutdown2.o(.ARM.Collect$$libshutdown$$00000009))

<P><STRONG><a name="[153]"></a>__rt_lib_shutdown_stdio_1</STRONG> (Thumb, 0 bytes, Stack size unknown bytes, libshutdown2.o(.ARM.Collect$$libshutdown$$00000003))

<P><STRONG><a name="[154]"></a>__rt_lib_shutdown_user_alloc_1</STRONG> (Thumb, 0 bytes, Stack size unknown bytes, libshutdown2.o(.ARM.Collect$$libshutdown$$0000000B))

<P><STRONG><a name="[43]"></a>__rt_entry</STRONG> (Thumb, 0 bytes, Stack size unknown bytes, rtentry.o(.ARM.Collect$$rtentry$$00000000))
<BR><BR>[Called By]<UL><LI><a href="#[44]">&gt;&gt;</a>&nbsp;&nbsp;&nbsp;__scatterload_rt2
<LI><a href="#[40]">&gt;&gt;</a>&nbsp;&nbsp;&nbsp;__main
</UL>

<P><STRONG><a name="[155]"></a>__rt_entry_presh_1</STRONG> (Thumb, 0 bytes, Stack size unknown bytes, rtentry2.o(.ARM.Collect$$rtentry$$00000002))

<P><STRONG><a name="[47]"></a>__rt_entry_sh</STRONG> (Thumb, 0 bytes, Stack size unknown bytes, rtentry4.o(.ARM.Collect$$rtentry$$00000004))
<BR><BR>[Stack]<UL><LI>Max Depth = 8 + Unknown Stack Size
<LI>Call Chain = __rt_entry_sh &rArr; __user_setup_stackheap
</UL>
<BR>[Calls]<UL><LI><a href="#[48]">&gt;&gt;</a>&nbsp;&nbsp;&nbsp;__user_setup_stackheap
</UL>

<P><STRONG><a name="[49]"></a>__rt_entry_li</STRONG> (Thumb, 0 bytes, Stack size unknown bytes, rtentry2.o(.ARM.Collect$$rtentry$$0000000A))
<BR><BR>[Calls]<UL><LI><a href="#[4a]">&gt;&gt;</a>&nbsp;&nbsp;&nbsp;__rt_lib_init
</UL>

<P><STRONG><a name="[156]"></a>__rt_entry_postsh_1</STRONG> (Thumb, 0 bytes, Stack size unknown bytes, rtentry2.o(.ARM.Collect$$rtentry$$00000009))

<P><STRONG><a name="[4b]"></a>__rt_entry_main</STRONG> (Thumb, 0 bytes, Stack size unknown bytes, rtentry2.o(.ARM.Collect$$rtentry$$0000000D))
<BR><BR>[Stack]<UL><LI>Max Depth = 192 + Unknown Stack Size
<LI>Call Chain = __rt_entry_main &rArr; main &rArr; FTC_Loop() &rArr; FTC_Loop_500Hz() &rArr; FTC_IMU::getAttitude() &rArr; FTC_Filter::LPF_1st(Vector3&lang;float&rang;, Vector3&lang;float&rang;, float) &rArr; Vector3&lang;float&rang;::operator +(const Vector3&lang;float&rang;&) const &rArr; __aeabi_fadd
</UL>
<BR>[Calls]<UL><LI><a href="#[4c]">&gt;&gt;</a>&nbsp;&nbsp;&nbsp;main
<LI><a href="#[4d]">&gt;&gt;</a>&nbsp;&nbsp;&nbsp;exit
</UL>

<P><STRONG><a name="[157]"></a>__rt_entry_postli_1</STRONG> (Thumb, 0 bytes, Stack size unknown bytes, rtentry2.o(.ARM.Collect$$rtentry$$0000000C))

<P><STRONG><a name="[116]"></a>__rt_exit</STRONG> (Thumb, 0 bytes, Stack size unknown bytes, rtexit.o(.ARM.Collect$$rtexit$$00000000))
<BR><BR>[Called By]<UL><LI><a href="#[4d]">&gt;&gt;</a>&nbsp;&nbsp;&nbsp;exit
</UL>

<P><STRONG><a name="[4e]"></a>__rt_exit_ls</STRONG> (Thumb, 0 bytes, Stack size unknown bytes, rtexit2.o(.ARM.Collect$$rtexit$$00000003))
<BR><BR>[Calls]<UL><LI><a href="#[4f]">&gt;&gt;</a>&nbsp;&nbsp;&nbsp;__rt_lib_shutdown
</UL>

<P><STRONG><a name="[158]"></a>__rt_exit_prels_1</STRONG> (Thumb, 0 bytes, Stack size unknown bytes, rtexit2.o(.ARM.Collect$$rtexit$$00000002))

<P><STRONG><a name="[50]"></a>__rt_exit_exit</STRONG> (Thumb, 0 bytes, Stack size unknown bytes, rtexit2.o(.ARM.Collect$$rtexit$$00000004))
<BR><BR>[Calls]<UL><LI><a href="#[51]">&gt;&gt;</a>&nbsp;&nbsp;&nbsp;_sys_exit
</UL>

<P><STRONG><a name="[4c]"></a>main</STRONG> (Thumb, 24 bytes, Stack size 0 bytes, ftcremoter.o(.text))
<BR><BR>[Stack]<UL><LI>Max Depth = 192<LI>Call Chain = main &rArr; FTC_Loop() &rArr; FTC_Loop_500Hz() &rArr; FTC_IMU::getAttitude() &rArr; FTC_Filter::LPF_1st(Vector3&lang;float&rang;, Vector3&lang;float&rang;, float) &rArr; Vector3&lang;float&rang;::operator +(const Vector3&lang;float&rang;&) const &rArr; __aeabi_fadd
</UL>
<BR>[Calls]<UL><LI><a href="#[53]">&gt;&gt;</a>&nbsp;&nbsp;&nbsp;FTC_Param::Init()
<LI><a href="#[54]">&gt;&gt;</a>&nbsp;&nbsp;&nbsp;FTC_IMU::Init()
<LI><a href="#[55]">&gt;&gt;</a>&nbsp;&nbsp;&nbsp;FTC_Loop()
<LI><a href="#[52]">&gt;&gt;</a>&nbsp;&nbsp;&nbsp;FTC_Remoter_board_Init()
</UL>
<BR>[Called By]<UL><LI><a href="#[4b]">&gt;&gt;</a>&nbsp;&nbsp;&nbsp;__rt_entry_main
</UL>

<P><STRONG><a name="[59]"></a>FTC_Config::FTC_Config()</STRONG> (Thumb, 6 bytes, Stack size 0 bytes, ftc_config.o(.text))
<BR><BR>[Called By]<UL><LI><a href="#[3b]">&gt;&gt;</a>&nbsp;&nbsp;&nbsp;__sti___14_FTC_Config_cpp_ftc
</UL>

<P><STRONG><a name="[159]"></a>FTC_Config::FTC_Config__sub_object()</STRONG> (Thumb, 0 bytes, Stack size 0 bytes, ftc_config.o(.text), UNUSED)

<P><STRONG><a name="[56]"></a>FTC_Config::Pilot_Light()</STRONG> (Thumb, 70 bytes, Stack size 8 bytes, ftc_config.o(.text))
<BR><BR>[Stack]<UL><LI>Max Depth = 16<LI>Call Chain = FTC_Config::Pilot_Light() &rArr; FTC_LED::OFF()
</UL>
<BR>[Calls]<UL><LI><a href="#[58]">&gt;&gt;</a>&nbsp;&nbsp;&nbsp;FTC_LED::OFF()
<LI><a href="#[57]">&gt;&gt;</a>&nbsp;&nbsp;&nbsp;FTC_LED::ON()
</UL>
<BR>[Called By]<UL><LI><a href="#[91]">&gt;&gt;</a>&nbsp;&nbsp;&nbsp;FTC_Loop_100Hz()
</UL>

<P><STRONG><a name="[5a]"></a>FTC_DT::Check_Event()</STRONG> (Thumb, 72 bytes, Stack size 8 bytes, ftc_dt.o(.text))
<BR><BR>[Stack]<UL><LI>Max Depth = 72<LI>Call Chain = FTC_DT::Check_Event() &rArr; FTC_NRF::TxPacket_AP(unsigned char*, unsigned char) &rArr; FTC_NRF::Write_Buf(unsigned char, unsigned char*, unsigned char) &rArr; FTC_SPI2::RW(unsigned char)
</UL>
<BR>[Calls]<UL><LI><a href="#[5b]">&gt;&gt;</a>&nbsp;&nbsp;&nbsp;FTC_NRF::TxPacket_AP(unsigned char*, unsigned char)
<LI><a href="#[5c]">&gt;&gt;</a>&nbsp;&nbsp;&nbsp;FTC_NRF::Check_Event()
</UL>
<BR>[Called By]<UL><LI><a href="#[55]">&gt;&gt;</a>&nbsp;&nbsp;&nbsp;FTC_Loop()
</UL>

<P><STRONG><a name="[5d]"></a>FTC_DT::Send_Data(unsigned char*, unsigned char)</STRONG> (Thumb, 20 bytes, Stack size 16 bytes, ftc_dt.o(.text))
<BR><BR>[Stack]<UL><LI>Max Depth = 80<LI>Call Chain = FTC_DT::Send_Data(unsigned char*, unsigned char) &rArr; FTC_NRF::TxPacket(unsigned char*, unsigned char) &rArr; FTC_NRF::Write_Buf(unsigned char, unsigned char*, unsigned char) &rArr; FTC_SPI2::RW(unsigned char)
</UL>
<BR>[Calls]<UL><LI><a href="#[5e]">&gt;&gt;</a>&nbsp;&nbsp;&nbsp;FTC_NRF::TxPacket(unsigned char*, unsigned char)
</UL>
<BR>[Called By]<UL><LI><a href="#[5f]">&gt;&gt;</a>&nbsp;&nbsp;&nbsp;FTC_DT::Send_RCData()
</UL>

<P><STRONG><a name="[5f]"></a>FTC_DT::Send_RCData()</STRONG> (Thumb, 304 bytes, Stack size 16 bytes, ftc_dt.o(.text))
<BR><BR>[Stack]<UL><LI>Max Depth = 96<LI>Call Chain = FTC_DT::Send_RCData() &rArr; FTC_DT::Send_Data(unsigned char*, unsigned char) &rArr; FTC_NRF::TxPacket(unsigned char*, unsigned char) &rArr; FTC_NRF::Write_Buf(unsigned char, unsigned char*, unsigned char) &rArr; FTC_SPI2::RW(unsigned char)
</UL>
<BR>[Calls]<UL><LI><a href="#[5d]">&gt;&gt;</a>&nbsp;&nbsp;&nbsp;FTC_DT::Send_Data(unsigned char*, unsigned char)
</UL>
<BR>[Called By]<UL><LI><a href="#[60]">&gt;&gt;</a>&nbsp;&nbsp;&nbsp;FTC_DT::Data_Exchange()
</UL>

<P><STRONG><a name="[60]"></a>FTC_DT::Data_Exchange()</STRONG> (Thumb, 48 bytes, Stack size 8 bytes, ftc_dt.o(.text))
<BR><BR>[Stack]<UL><LI>Max Depth = 104<LI>Call Chain = FTC_DT::Data_Exchange() &rArr; FTC_DT::Send_RCData() &rArr; FTC_DT::Send_Data(unsigned char*, unsigned char) &rArr; FTC_NRF::TxPacket(unsigned char*, unsigned char) &rArr; FTC_NRF::Write_Buf(unsigned char, unsigned char*, unsigned char) &rArr; FTC_SPI2::RW(unsigned char)
</UL>
<BR>[Calls]<UL><LI><a href="#[5f]">&gt;&gt;</a>&nbsp;&nbsp;&nbsp;FTC_DT::Send_RCData()
</UL>
<BR>[Called By]<UL><LI><a href="#[92]">&gt;&gt;</a>&nbsp;&nbsp;&nbsp;FTC_Loop_30Hz()
</UL>

<P><STRONG><a name="[61]"></a>FTC_Filter::LPF_1st_Factor_Cal(float, float)</STRONG> (Thumb, 52 bytes, Stack size 32 bytes, ftc_filter.o(.text))
<BR><BR>[Stack]<UL><LI>Max Depth = 48<LI>Call Chain = FTC_Filter::LPF_1st_Factor_Cal(float, float) &rArr; __aeabi_fmul
</UL>
<BR>[Calls]<UL><LI><a href="#[62]">&gt;&gt;</a>&nbsp;&nbsp;&nbsp;__aeabi_fmul
<LI><a href="#[63]">&gt;&gt;</a>&nbsp;&nbsp;&nbsp;__aeabi_fdiv
<LI><a href="#[64]">&gt;&gt;</a>&nbsp;&nbsp;&nbsp;__aeabi_fadd
</UL>
<BR>[Called By]<UL><LI><a href="#[71]">&gt;&gt;</a>&nbsp;&nbsp;&nbsp;FTC_IMU::filter_Init()
</UL>

<P><STRONG><a name="[15a]"></a>FTC_Filter::LPF_2nd_Factor_Cal(FTC_Filter::LPF2ndData_t*)</STRONG> (Thumb, 14 bytes, Stack size 0 bytes, ftc_filter.o(.text), UNUSED)

<P><STRONG><a name="[65]"></a>FTC_Filter::CF_Factor_Cal(float, float)</STRONG> (Thumb, 32 bytes, Stack size 24 bytes, ftc_filter.o(.text))
<BR><BR>[Stack]<UL><LI>Max Depth = 40<LI>Call Chain = FTC_Filter::CF_Factor_Cal(float, float) &rArr; __aeabi_fdiv
</UL>
<BR>[Calls]<UL><LI><a href="#[63]">&gt;&gt;</a>&nbsp;&nbsp;&nbsp;__aeabi_fdiv
<LI><a href="#[64]">&gt;&gt;</a>&nbsp;&nbsp;&nbsp;__aeabi_fadd
</UL>
<BR>[Called By]<UL><LI><a href="#[71]">&gt;&gt;</a>&nbsp;&nbsp;&nbsp;FTC_IMU::filter_Init()
</UL>

<P><STRONG><a name="[66]"></a>FTC_Filter::LPF_1st(Vector3&lang;float&rang;, Vector3&lang;float&rang;, float)</STRONG> (Thumb, 78 bytes, Stack size 88 bytes, ftc_filter.o(.text))
<BR><BR>[Stack]<UL><LI>Max Depth = 136<LI>Call Chain = FTC_Filter::LPF_1st(Vector3&lang;float&rang;, Vector3&lang;float&rang;, float) &rArr; Vector3&lang;float&rang;::operator +(const Vector3&lang;float&rang;&) const &rArr; __aeabi_fadd
</UL>
<BR>[Calls]<UL><LI><a href="#[69]">&gt;&gt;</a>&nbsp;&nbsp;&nbsp;Vector3&lang;float&rang;::operator +(const Vector3&lang;float&rang;&) const
<LI><a href="#[67]">&gt;&gt;</a>&nbsp;&nbsp;&nbsp;Vector3&lang;float&rang;::operator *(float) const
<LI><a href="#[68]">&gt;&gt;</a>&nbsp;&nbsp;&nbsp;__aeabi_fsub
</UL>
<BR>[Called By]<UL><LI><a href="#[77]">&gt;&gt;</a>&nbsp;&nbsp;&nbsp;FTC_IMU::getAttitude()
</UL>

<P><STRONG><a name="[6a]"></a>FTC_Filter::LPF_2nd(FTC_Filter::LPF2ndData_t*, Vector3&lang;float&rang;)</STRONG> (Thumb, 156 bytes, Stack size 152 bytes, ftc_filter.o(.text), UNUSED)
<BR><BR>[Calls]<UL><LI><a href="#[69]">&gt;&gt;</a>&nbsp;&nbsp;&nbsp;Vector3&lang;float&rang;::operator +(const Vector3&lang;float&rang;&) const
<LI><a href="#[67]">&gt;&gt;</a>&nbsp;&nbsp;&nbsp;Vector3&lang;float&rang;::operator *(float) const
<LI><a href="#[6b]">&gt;&gt;</a>&nbsp;&nbsp;&nbsp;Vector3&lang;float&rang;::operator -(const Vector3&lang;float&rang;&) const
</UL>

<P><STRONG><a name="[6c]"></a>FTC_Filter::CF_1st(Vector3&lang;float&rang;, Vector3&lang;float&rang;, float)</STRONG> (Thumb, 78 bytes, Stack size 88 bytes, ftc_filter.o(.text), UNUSED)
<BR><BR>[Calls]<UL><LI><a href="#[69]">&gt;&gt;</a>&nbsp;&nbsp;&nbsp;Vector3&lang;float&rang;::operator +(const Vector3&lang;float&rang;&) const
<LI><a href="#[67]">&gt;&gt;</a>&nbsp;&nbsp;&nbsp;Vector3&lang;float&rang;::operator *(float) const
<LI><a href="#[68]">&gt;&gt;</a>&nbsp;&nbsp;&nbsp;__aeabi_fsub
</UL>

<P><STRONG><a name="[6d]"></a>FTC_IMU::FTC_IMU()</STRONG> (Thumb, 58 bytes, Stack size 8 bytes, ftc_imu.o(.text))
<BR><BR>[Stack]<UL><LI>Max Depth = 8<LI>Call Chain = FTC_IMU::FTC_IMU()
</UL>
<BR>[Calls]<UL><LI><a href="#[6e]">&gt;&gt;</a>&nbsp;&nbsp;&nbsp;Vector3&lang;float&rang;::Vector3()
</UL>
<BR>[Called By]<UL><LI><a href="#[3c]">&gt;&gt;</a>&nbsp;&nbsp;&nbsp;__sti___11_FTC_IMU_cpp_imu
</UL>

<P><STRONG><a name="[15b]"></a>FTC_IMU::FTC_IMU__sub_object()</STRONG> (Thumb, 0 bytes, Stack size 8 bytes, ftc_imu.o(.text), UNUSED)

<P><STRONG><a name="[6f]"></a>FTC_IMU::sensor_Init()</STRONG> (Thumb, 18 bytes, Stack size 8 bytes, ftc_imu.o(.text))
<BR><BR>[Stack]<UL><LI>Max Depth = 60<LI>Call Chain = FTC_IMU::sensor_Init() &rArr; FTC_MPU6050::Init(unsigned short, unsigned short) &rArr; FTC_I2C_Soft::I2C_Single_Write(unsigned char, unsigned char, unsigned char) &rArr; FTC_I2C_Soft::I2C_SendByte(unsigned char)
</UL>
<BR>[Calls]<UL><LI><a href="#[70]">&gt;&gt;</a>&nbsp;&nbsp;&nbsp;FTC_MPU6050::Init(unsigned short, unsigned short)
</UL>
<BR>[Called By]<UL><LI><a href="#[54]">&gt;&gt;</a>&nbsp;&nbsp;&nbsp;FTC_IMU::Init()
</UL>

<P><STRONG><a name="[71]"></a>FTC_IMU::filter_Init()</STRONG> (Thumb, 34 bytes, Stack size 8 bytes, ftc_imu.o(.text))
<BR><BR>[Stack]<UL><LI>Max Depth = 56<LI>Call Chain = FTC_IMU::filter_Init() &rArr; FTC_Filter::LPF_1st_Factor_Cal(float, float) &rArr; __aeabi_fmul
</UL>
<BR>[Calls]<UL><LI><a href="#[65]">&gt;&gt;</a>&nbsp;&nbsp;&nbsp;FTC_Filter::CF_Factor_Cal(float, float)
<LI><a href="#[61]">&gt;&gt;</a>&nbsp;&nbsp;&nbsp;FTC_Filter::LPF_1st_Factor_Cal(float, float)
</UL>
<BR>[Called By]<UL><LI><a href="#[54]">&gt;&gt;</a>&nbsp;&nbsp;&nbsp;FTC_IMU::Init()
</UL>

<P><STRONG><a name="[54]"></a>FTC_IMU::Init()</STRONG> (Thumb, 18 bytes, Stack size 8 bytes, ftc_imu.o(.text))
<BR><BR>[Stack]<UL><LI>Max Depth = 68<LI>Call Chain = FTC_IMU::Init() &rArr; FTC_IMU::sensor_Init() &rArr; FTC_MPU6050::Init(unsigned short, unsigned short) &rArr; FTC_I2C_Soft::I2C_Single_Write(unsigned char, unsigned char, unsigned char) &rArr; FTC_I2C_Soft::I2C_SendByte(unsigned char)
</UL>
<BR>[Calls]<UL><LI><a href="#[71]">&gt;&gt;</a>&nbsp;&nbsp;&nbsp;FTC_IMU::filter_Init()
<LI><a href="#[6f]">&gt;&gt;</a>&nbsp;&nbsp;&nbsp;FTC_IMU::sensor_Init()
</UL>
<BR>[Called By]<UL><LI><a href="#[4c]">&gt;&gt;</a>&nbsp;&nbsp;&nbsp;main
</UL>

<P><STRONG><a name="[72]"></a>FTC_IMU::updateSensor()</STRONG> (Thumb, 54 bytes, Stack size 24 bytes, ftc_imu.o(.text))
<BR><BR>[Stack]<UL><LI>Max Depth = 112<LI>Call Chain = FTC_IMU::updateSensor() &rArr; FTC_MPU6050::Read_Acc_Data() &rArr; FTC_MPU6050::CalOffset_Acc() &rArr; Vector3&lang;float&rang;::operator +=(const Vector3&lang;float&rang;&) &rArr; __aeabi_fadd
</UL>
<BR>[Calls]<UL><LI><a href="#[76]">&gt;&gt;</a>&nbsp;&nbsp;&nbsp;FTC_MPU6050::Get_Acc()
<LI><a href="#[75]">&gt;&gt;</a>&nbsp;&nbsp;&nbsp;FTC_MPU6050::Get_Gyro_in_dps()
<LI><a href="#[74]">&gt;&gt;</a>&nbsp;&nbsp;&nbsp;FTC_MPU6050::Read_Gyro_Data()
<LI><a href="#[73]">&gt;&gt;</a>&nbsp;&nbsp;&nbsp;FTC_MPU6050::Read_Acc_Data()
</UL>
<BR>[Called By]<UL><LI><a href="#[8f]">&gt;&gt;</a>&nbsp;&nbsp;&nbsp;FTC_Loop_500Hz()
</UL>

<P><STRONG><a name="[78]"></a>FTC_IMU::DCM_CF(Vector3&lang;float&rang;, Vector3&lang;float&rang;, float)</STRONG> (Thumb, 6 bytes, Stack size 8 bytes, ftc_imu.o(.text))
<BR><BR>[Stack]<UL><LI>Max Depth = 8<LI>Call Chain = FTC_IMU::DCM_CF(Vector3&lang;float&rang;, Vector3&lang;float&rang;, float)
</UL>
<BR>[Called By]<UL><LI><a href="#[77]">&gt;&gt;</a>&nbsp;&nbsp;&nbsp;FTC_IMU::getAttitude()
</UL>

<P><STRONG><a name="[77]"></a>FTC_IMU::getAttitude()</STRONG> (Thumb, 80 bytes, Stack size 40 bytes, ftc_imu.o(.text))
<BR><BR>[Stack]<UL><LI>Max Depth = 176<LI>Call Chain = FTC_IMU::getAttitude() &rArr; FTC_Filter::LPF_1st(Vector3&lang;float&rang;, Vector3&lang;float&rang;, float) &rArr; Vector3&lang;float&rang;::operator +(const Vector3&lang;float&rang;&) const &rArr; __aeabi_fadd
</UL>
<BR>[Calls]<UL><LI><a href="#[78]">&gt;&gt;</a>&nbsp;&nbsp;&nbsp;FTC_IMU::DCM_CF(Vector3&lang;float&rang;, Vector3&lang;float&rang;, float)
<LI><a href="#[66]">&gt;&gt;</a>&nbsp;&nbsp;&nbsp;FTC_Filter::LPF_1st(Vector3&lang;float&rang;, Vector3&lang;float&rang;, float)
</UL>
<BR>[Called By]<UL><LI><a href="#[8f]">&gt;&gt;</a>&nbsp;&nbsp;&nbsp;FTC_Loop_500Hz()
</UL>

<P><STRONG><a name="[79]"></a>FTC_Param::READ_RC_OFFSET()</STRONG> (Thumb, 74 bytes, Stack size 16 bytes, ftc_param.o(.text))
<BR><BR>[Stack]<UL><LI>Max Depth = 48<LI>Call Chain = FTC_Param::READ_RC_OFFSET() &rArr; EE_ReadVariable(unsigned short, unsigned short*)
</UL>
<BR>[Calls]<UL><LI><a href="#[7a]">&gt;&gt;</a>&nbsp;&nbsp;&nbsp;EE_ReadVariable(unsigned short, unsigned short*)
</UL>
<BR>[Called By]<UL><LI><a href="#[7b]">&gt;&gt;</a>&nbsp;&nbsp;&nbsp;FTC_Param::READ_CONF()
</UL>

<P><STRONG><a name="[7b]"></a>FTC_Param::READ_CONF()</STRONG> (Thumb, 12 bytes, Stack size 8 bytes, ftc_param.o(.text))
<BR><BR>[Stack]<UL><LI>Max Depth = 56<LI>Call Chain = FTC_Param::READ_CONF() &rArr; FTC_Param::READ_RC_OFFSET() &rArr; EE_ReadVariable(unsigned short, unsigned short*)
</UL>
<BR>[Calls]<UL><LI><a href="#[79]">&gt;&gt;</a>&nbsp;&nbsp;&nbsp;FTC_Param::READ_RC_OFFSET()
</UL>
<BR>[Called By]<UL><LI><a href="#[53]">&gt;&gt;</a>&nbsp;&nbsp;&nbsp;FTC_Param::Init()
</UL>

<P><STRONG><a name="[53]"></a>FTC_Param::Init()</STRONG> (Thumb, 12 bytes, Stack size 8 bytes, ftc_param.o(.text))
<BR><BR>[Stack]<UL><LI>Max Depth = 64<LI>Call Chain = FTC_Param::Init() &rArr; FTC_Param::READ_CONF() &rArr; FTC_Param::READ_RC_OFFSET() &rArr; EE_ReadVariable(unsigned short, unsigned short*)
</UL>
<BR>[Calls]<UL><LI><a href="#[7b]">&gt;&gt;</a>&nbsp;&nbsp;&nbsp;FTC_Param::READ_CONF()
</UL>
<BR>[Called By]<UL><LI><a href="#[4c]">&gt;&gt;</a>&nbsp;&nbsp;&nbsp;main
</UL>

<P><STRONG><a name="[7c]"></a>FTC_Param::SAVE_RC_OFFSET()</STRONG> (Thumb, 70 bytes, Stack size 8 bytes, ftc_param.o(.text))
<BR><BR>[Stack]<UL><LI>Max Depth = 108<LI>Call Chain = FTC_Param::SAVE_RC_OFFSET() &rArr; EE_WriteVariable(unsigned short, unsigned short) &rArr; EE_PageTransfer(unsigned short, unsigned short) &rArr; EE_VerifyPageFullWriteVariable(unsigned short, unsigned short) &rArr; FLASH_ProgramHalfWord &rArr; FLASH_WaitForLastOperation
</UL>
<BR>[Calls]<UL><LI><a href="#[7d]">&gt;&gt;</a>&nbsp;&nbsp;&nbsp;EE_WriteVariable(unsigned short, unsigned short)
</UL>
<BR>[Called By]<UL><LI><a href="#[8d]">&gt;&gt;</a>&nbsp;&nbsp;&nbsp;FTC_RC::KeyCheck()
</UL>

<P><STRONG><a name="[7f]"></a>FTC_RC::Init()</STRONG> (Thumb, 20 bytes, Stack size 0 bytes, ftc_rc.o(.text))
<BR><BR>[Called By]<UL><LI><a href="#[7e]">&gt;&gt;</a>&nbsp;&nbsp;&nbsp;FTC_RC::FTC_RC()
</UL>

<P><STRONG><a name="[7e]"></a>FTC_RC::FTC_RC()</STRONG> (Thumb, 14 bytes, Stack size 4 bytes, ftc_rc.o(.text))
<BR><BR>[Stack]<UL><LI>Max Depth = 4<LI>Call Chain = FTC_RC::FTC_RC()
</UL>
<BR>[Calls]<UL><LI><a href="#[7f]">&gt;&gt;</a>&nbsp;&nbsp;&nbsp;FTC_RC::Init()
</UL>
<BR>[Called By]<UL><LI><a href="#[3d]">&gt;&gt;</a>&nbsp;&nbsp;&nbsp;__sti___10_FTC_RC_cpp_rc
</UL>

<P><STRONG><a name="[15c]"></a>FTC_RC::FTC_RC__sub_object()</STRONG> (Thumb, 0 bytes, Stack size 4 bytes, ftc_rc.o(.text), UNUSED)

<P><STRONG><a name="[80]"></a>FTC_RC::DataGet()</STRONG> (Thumb, 286 bytes, Stack size 48 bytes, ftc_rc.o(.text))
<BR><BR>[Stack]<UL><LI>Max Depth = 80<LI>Call Chain = FTC_RC::DataGet() &rArr; __aeabi_dmul
</UL>
<BR>[Calls]<UL><LI><a href="#[81]">&gt;&gt;</a>&nbsp;&nbsp;&nbsp;__aeabi_ui2f
<LI><a href="#[82]">&gt;&gt;</a>&nbsp;&nbsp;&nbsp;__aeabi_f2d
<LI><a href="#[83]">&gt;&gt;</a>&nbsp;&nbsp;&nbsp;__aeabi_dmul
<LI><a href="#[84]">&gt;&gt;</a>&nbsp;&nbsp;&nbsp;__aeabi_dadd
<LI><a href="#[85]">&gt;&gt;</a>&nbsp;&nbsp;&nbsp;__aeabi_d2f
</UL>
<BR>[Called By]<UL><LI><a href="#[8e]">&gt;&gt;</a>&nbsp;&nbsp;&nbsp;FTC_Loop_1000Hz()
</UL>

<P><STRONG><a name="[86]"></a>FTC_RC::DataCalculate()</STRONG> (Thumb, 516 bytes, Stack size 48 bytes, ftc_rc.o(.text))
<BR><BR>[Stack]<UL><LI>Max Depth = 80<LI>Call Chain = FTC_RC::DataCalculate() &rArr; __aeabi_dmul
</UL>
<BR>[Calls]<UL><LI><a href="#[8c]">&gt;&gt;</a>&nbsp;&nbsp;&nbsp;constrain_int16(short, short, short)
<LI><a href="#[62]">&gt;&gt;</a>&nbsp;&nbsp;&nbsp;__aeabi_fmul
<LI><a href="#[88]">&gt;&gt;</a>&nbsp;&nbsp;&nbsp;__aeabi_f2uiz
<LI><a href="#[8b]">&gt;&gt;</a>&nbsp;&nbsp;&nbsp;__aeabi_f2iz
<LI><a href="#[63]">&gt;&gt;</a>&nbsp;&nbsp;&nbsp;__aeabi_fdiv
<LI><a href="#[87]">&gt;&gt;</a>&nbsp;&nbsp;&nbsp;__aeabi_frsub
<LI><a href="#[64]">&gt;&gt;</a>&nbsp;&nbsp;&nbsp;__aeabi_fadd
<LI><a href="#[83]">&gt;&gt;</a>&nbsp;&nbsp;&nbsp;__aeabi_dmul
<LI><a href="#[89]">&gt;&gt;</a>&nbsp;&nbsp;&nbsp;__aeabi_i2d
<LI><a href="#[8a]">&gt;&gt;</a>&nbsp;&nbsp;&nbsp;__aeabi_d2uiz
<LI><a href="#[84]">&gt;&gt;</a>&nbsp;&nbsp;&nbsp;__aeabi_dadd
</UL>
<BR>[Called By]<UL><LI><a href="#[90]">&gt;&gt;</a>&nbsp;&nbsp;&nbsp;FTC_Loop_200Hz()
</UL>

<P><STRONG><a name="[8d]"></a>FTC_RC::KeyCheck()</STRONG> (Thumb, 1150 bytes, Stack size 8 bytes, ftc_rc.o(.text))
<BR><BR>[Stack]<UL><LI>Max Depth = 116<LI>Call Chain = FTC_RC::KeyCheck() &rArr; FTC_Param::SAVE_RC_OFFSET() &rArr; EE_WriteVariable(unsigned short, unsigned short) &rArr; EE_PageTransfer(unsigned short, unsigned short) &rArr; EE_VerifyPageFullWriteVariable(unsigned short, unsigned short) &rArr; FLASH_ProgramHalfWord &rArr; FLASH_WaitForLastOperation
</UL>
<BR>[Calls]<UL><LI><a href="#[7c]">&gt;&gt;</a>&nbsp;&nbsp;&nbsp;FTC_Param::SAVE_RC_OFFSET()
</UL>
<BR>[Called By]<UL><LI><a href="#[91]">&gt;&gt;</a>&nbsp;&nbsp;&nbsp;FTC_Loop_100Hz()
</UL>

<P><STRONG><a name="[55]"></a>FTC_Loop()</STRONG> (Thumb, 100 bytes, Stack size 8 bytes, ftc_scheduler.o(.text))
<BR><BR>[Stack]<UL><LI>Max Depth = 192<LI>Call Chain = FTC_Loop() &rArr; FTC_Loop_500Hz() &rArr; FTC_IMU::getAttitude() &rArr; FTC_Filter::LPF_1st(Vector3&lang;float&rang;, Vector3&lang;float&rang;, float) &rArr; Vector3&lang;float&rang;::operator +(const Vector3&lang;float&rang;&) const &rArr; __aeabi_fadd
</UL>
<BR>[Calls]<UL><LI><a href="#[92]">&gt;&gt;</a>&nbsp;&nbsp;&nbsp;FTC_Loop_30Hz()
<LI><a href="#[91]">&gt;&gt;</a>&nbsp;&nbsp;&nbsp;FTC_Loop_100Hz()
<LI><a href="#[90]">&gt;&gt;</a>&nbsp;&nbsp;&nbsp;FTC_Loop_200Hz()
<LI><a href="#[8f]">&gt;&gt;</a>&nbsp;&nbsp;&nbsp;FTC_Loop_500Hz()
<LI><a href="#[8e]">&gt;&gt;</a>&nbsp;&nbsp;&nbsp;FTC_Loop_1000Hz()
<LI><a href="#[5a]">&gt;&gt;</a>&nbsp;&nbsp;&nbsp;FTC_DT::Check_Event()
</UL>
<BR>[Called By]<UL><LI><a href="#[4c]">&gt;&gt;</a>&nbsp;&nbsp;&nbsp;main
</UL>

<P><STRONG><a name="[93]"></a>FTC_Scheduler::FTC_Scheduler()</STRONG> (Thumb, 14 bytes, Stack size 0 bytes, ftc_scheduler.o(.text))
<BR><BR>[Called By]<UL><LI><a href="#[3e]">&gt;&gt;</a>&nbsp;&nbsp;&nbsp;__sti___17_FTC_Scheduler_cpp_463cec18
</UL>

<P><STRONG><a name="[15d]"></a>FTC_Scheduler::FTC_Scheduler__sub_object()</STRONG> (Thumb, 0 bytes, Stack size 0 bytes, ftc_scheduler.o(.text), UNUSED)

<P><STRONG><a name="[94]"></a>safe_asin(float)</STRONG> (Thumb, 54 bytes, Stack size 8 bytes, ftc_math.o(.text), UNUSED)
<BR><BR>[Calls]<UL><LI><a href="#[95]">&gt;&gt;</a>&nbsp;&nbsp;&nbsp;__ARM_isnanf
<LI><a href="#[98]">&gt;&gt;</a>&nbsp;&nbsp;&nbsp;asinf
<LI><a href="#[96]">&gt;&gt;</a>&nbsp;&nbsp;&nbsp;__aeabi_cfrcmple
<LI><a href="#[97]">&gt;&gt;</a>&nbsp;&nbsp;&nbsp;__aeabi_cfcmple
</UL>

<P><STRONG><a name="[99]"></a>constrain_float(float, float, float)</STRONG> (Thumb, 72 bytes, Stack size 24 bytes, ftc_math.o(.text), UNUSED)
<BR><BR>[Calls]<UL><LI><a href="#[95]">&gt;&gt;</a>&nbsp;&nbsp;&nbsp;__ARM_isnanf
<LI><a href="#[96]">&gt;&gt;</a>&nbsp;&nbsp;&nbsp;__aeabi_cfrcmple
<LI><a href="#[62]">&gt;&gt;</a>&nbsp;&nbsp;&nbsp;__aeabi_fmul
<LI><a href="#[97]">&gt;&gt;</a>&nbsp;&nbsp;&nbsp;__aeabi_cfcmple
<LI><a href="#[64]">&gt;&gt;</a>&nbsp;&nbsp;&nbsp;__aeabi_fadd
</UL>

<P><STRONG><a name="[8c]"></a>constrain_int16(short, short, short)</STRONG> (Thumb, 22 bytes, Stack size 0 bytes, ftc_math.o(.text))
<BR><BR>[Called By]<UL><LI><a href="#[86]">&gt;&gt;</a>&nbsp;&nbsp;&nbsp;FTC_RC::DataCalculate()
</UL>

<P><STRONG><a name="[15e]"></a>constrain_uint16(unsigned short, unsigned short, unsigned short)</STRONG> (Thumb, 22 bytes, Stack size 0 bytes, ftc_math.o(.text), UNUSED)

<P><STRONG><a name="[15f]"></a>constrain_int32(int, int, int)</STRONG> (Thumb, 22 bytes, Stack size 0 bytes, ftc_math.o(.text), UNUSED)

<P><STRONG><a name="[9a]"></a>radians(float)</STRONG> (Thumb, 14 bytes, Stack size 8 bytes, ftc_math.o(.text))
<BR><BR>[Stack]<UL><LI>Max Depth = 24<LI>Call Chain = radians(float) &rArr; __aeabi_fmul
</UL>
<BR>[Calls]<UL><LI><a href="#[62]">&gt;&gt;</a>&nbsp;&nbsp;&nbsp;__aeabi_fmul
</UL>
<BR>[Called By]<UL><LI><a href="#[75]">&gt;&gt;</a>&nbsp;&nbsp;&nbsp;FTC_MPU6050::Get_Gyro_in_dps()
</UL>

<P><STRONG><a name="[9b]"></a>degrees(float)</STRONG> (Thumb, 14 bytes, Stack size 8 bytes, ftc_math.o(.text), UNUSED)
<BR><BR>[Calls]<UL><LI><a href="#[62]">&gt;&gt;</a>&nbsp;&nbsp;&nbsp;__aeabi_fmul
</UL>

<P><STRONG><a name="[9c]"></a>sq(float)</STRONG> (Thumb, 14 bytes, Stack size 8 bytes, ftc_math.o(.text), UNUSED)
<BR><BR>[Calls]<UL><LI><a href="#[62]">&gt;&gt;</a>&nbsp;&nbsp;&nbsp;__aeabi_fmul
</UL>
<BR>[Called By]<UL><LI><a href="#[a0]">&gt;&gt;</a>&nbsp;&nbsp;&nbsp;pythagorous4(float, float, float, float)
<LI><a href="#[9f]">&gt;&gt;</a>&nbsp;&nbsp;&nbsp;pythagorous3(float, float, float)
<LI><a href="#[9d]">&gt;&gt;</a>&nbsp;&nbsp;&nbsp;pythagorous2(float, float)
</UL>

<P><STRONG><a name="[9d]"></a>pythagorous2(float, float)</STRONG> (Thumb, 40 bytes, Stack size 24 bytes, ftc_math.o(.text), UNUSED)
<BR><BR>[Calls]<UL><LI><a href="#[9c]">&gt;&gt;</a>&nbsp;&nbsp;&nbsp;sq(float)
<LI><a href="#[9e]">&gt;&gt;</a>&nbsp;&nbsp;&nbsp;sqrtf
<LI><a href="#[64]">&gt;&gt;</a>&nbsp;&nbsp;&nbsp;__aeabi_fadd
</UL>

<P><STRONG><a name="[9f]"></a>pythagorous3(float, float, float)</STRONG> (Thumb, 58 bytes, Stack size 40 bytes, ftc_math.o(.text), UNUSED)
<BR><BR>[Calls]<UL><LI><a href="#[9c]">&gt;&gt;</a>&nbsp;&nbsp;&nbsp;sq(float)
<LI><a href="#[9e]">&gt;&gt;</a>&nbsp;&nbsp;&nbsp;sqrtf
<LI><a href="#[64]">&gt;&gt;</a>&nbsp;&nbsp;&nbsp;__aeabi_fadd
</UL>

<P><STRONG><a name="[a0]"></a>pythagorous4(float, float, float, float)</STRONG> (Thumb, 76 bytes, Stack size 48 bytes, ftc_math.o(.text), UNUSED)
<BR><BR>[Calls]<UL><LI><a href="#[9c]">&gt;&gt;</a>&nbsp;&nbsp;&nbsp;sq(float)
<LI><a href="#[9e]">&gt;&gt;</a>&nbsp;&nbsp;&nbsp;sqrtf
<LI><a href="#[64]">&gt;&gt;</a>&nbsp;&nbsp;&nbsp;__aeabi_fadd
</UL>

<P><STRONG><a name="[f6]"></a>SysTick_IRQ()</STRONG> (Thumb, 44 bytes, Stack size 0 bytes, board.o(.text))
<BR><BR>[Called By]<UL><LI><a href="#[d]">&gt;&gt;</a>&nbsp;&nbsp;&nbsp;SysTick_Handler
</UL>

<P><STRONG><a name="[52]"></a>FTC_Remoter_board_Init()</STRONG> (Thumb, 148 bytes, Stack size 16 bytes, board.o(.text))
<BR><BR>[Stack]<UL><LI>Max Depth = 124<LI>Call Chain = FTC_Remoter_board_Init() &rArr; Uart1_Init(unsigned) &rArr; USART_Init &rArr; RCC_GetClocksFreq
</UL>
<BR>[Calls]<UL><LI><a href="#[a4]">&gt;&gt;</a>&nbsp;&nbsp;&nbsp;FTC_SPI2::Init()
<LI><a href="#[a6]">&gt;&gt;</a>&nbsp;&nbsp;&nbsp;FTC_NRF::Check()
<LI><a href="#[a5]">&gt;&gt;</a>&nbsp;&nbsp;&nbsp;FTC_NRF::Init(unsigned char, unsigned char)
<LI><a href="#[a8]">&gt;&gt;</a>&nbsp;&nbsp;&nbsp;FTC_LED::Init()
<LI><a href="#[a2]">&gt;&gt;</a>&nbsp;&nbsp;&nbsp;FTC_I2C_Soft::Init()
<LI><a href="#[a7]">&gt;&gt;</a>&nbsp;&nbsp;&nbsp;ADC1_Init()
<LI><a href="#[aa]">&gt;&gt;</a>&nbsp;&nbsp;&nbsp;EE_Init()
<LI><a href="#[a3]">&gt;&gt;</a>&nbsp;&nbsp;&nbsp;Uart1_Init(unsigned)
<LI><a href="#[a1]">&gt;&gt;</a>&nbsp;&nbsp;&nbsp;NVIC_PriorityGroupConfig
<LI><a href="#[a9]">&gt;&gt;</a>&nbsp;&nbsp;&nbsp;FLASH_Unlock
</UL>
<BR>[Called By]<UL><LI><a href="#[4c]">&gt;&gt;</a>&nbsp;&nbsp;&nbsp;main
</UL>

<P><STRONG><a name="[a7]"></a>ADC1_Init()</STRONG> (Thumb, 12 bytes, Stack size 8 bytes, ftc_drv_adc.o(.text))
<BR><BR>[Stack]<UL><LI>Max Depth = 100<LI>Call Chain = ADC1_Init() &rArr; ADC1_Mode_Config() &rArr; ADC_RegularChannelConfig
</UL>
<BR>[Calls]<UL><LI><a href="#[af]">&gt;&gt;</a>&nbsp;&nbsp;&nbsp;ADC1_Mode_Config()
<LI><a href="#[ab]">&gt;&gt;</a>&nbsp;&nbsp;&nbsp;ADC1_GPIO_Config()
</UL>
<BR>[Called By]<UL><LI><a href="#[52]">&gt;&gt;</a>&nbsp;&nbsp;&nbsp;FTC_Remoter_board_Init()
</UL>

<P><STRONG><a name="[bd]"></a>InitCurrWrAddress()</STRONG> (Thumb, 92 bytes, Stack size 16 bytes, ftc_drv_eeprom.o(.text))
<BR><BR>[Stack]<UL><LI>Max Depth = 16<LI>Call Chain = InitCurrWrAddress()
</UL>
<BR>[Calls]<UL><LI><a href="#[be]">&gt;&gt;</a>&nbsp;&nbsp;&nbsp;EE_FindValidPage(unsigned char)
</UL>
<BR>[Called By]<UL><LI><a href="#[aa]">&gt;&gt;</a>&nbsp;&nbsp;&nbsp;EE_Init()
<LI><a href="#[c4]">&gt;&gt;</a>&nbsp;&nbsp;&nbsp;EE_PageTransfer(unsigned short, unsigned short)
</UL>

<P><STRONG><a name="[7a]"></a>EE_ReadVariable(unsigned short, unsigned short*)</STRONG> (Thumb, 88 bytes, Stack size 32 bytes, ftc_drv_eeprom.o(.text))
<BR><BR>[Stack]<UL><LI>Max Depth = 32<LI>Call Chain = EE_ReadVariable(unsigned short, unsigned short*)
</UL>
<BR>[Calls]<UL><LI><a href="#[be]">&gt;&gt;</a>&nbsp;&nbsp;&nbsp;EE_FindValidPage(unsigned char)
</UL>
<BR>[Called By]<UL><LI><a href="#[79]">&gt;&gt;</a>&nbsp;&nbsp;&nbsp;FTC_Param::READ_RC_OFFSET()
<LI><a href="#[c3]">&gt;&gt;</a>&nbsp;&nbsp;&nbsp;__EE_Init()
<LI><a href="#[c4]">&gt;&gt;</a>&nbsp;&nbsp;&nbsp;EE_PageTransfer(unsigned short, unsigned short)
</UL>

<P><STRONG><a name="[c3]"></a>__EE_Init()</STRONG> (Thumb, 488 bytes, Stack size 32 bytes, ftc_drv_eeprom.o(.text))
<BR><BR>[Stack]<UL><LI>Max Depth = 76<LI>Call Chain = __EE_Init() &rArr; EE_VerifyPageFullWriteVariable(unsigned short, unsigned short) &rArr; FLASH_ProgramHalfWord &rArr; FLASH_WaitForLastOperation
</UL>
<BR>[Calls]<UL><LI><a href="#[7a]">&gt;&gt;</a>&nbsp;&nbsp;&nbsp;EE_ReadVariable(unsigned short, unsigned short*)
<LI><a href="#[c1]">&gt;&gt;</a>&nbsp;&nbsp;&nbsp;FLASH_ProgramHalfWord
<LI><a href="#[c0]">&gt;&gt;</a>&nbsp;&nbsp;&nbsp;FLASH_ErasePage
<LI><a href="#[c2]">&gt;&gt;</a>&nbsp;&nbsp;&nbsp;EE_VerifyPageFullWriteVariable(unsigned short, unsigned short)
<LI><a href="#[bf]">&gt;&gt;</a>&nbsp;&nbsp;&nbsp;EE_Format()
</UL>
<BR>[Called By]<UL><LI><a href="#[aa]">&gt;&gt;</a>&nbsp;&nbsp;&nbsp;EE_Init()
</UL>

<P><STRONG><a name="[aa]"></a>EE_Init()</STRONG> (Thumb, 16 bytes, Stack size 8 bytes, ftc_drv_eeprom.o(.text))
<BR><BR>[Stack]<UL><LI>Max Depth = 84<LI>Call Chain = EE_Init() &rArr; __EE_Init() &rArr; EE_VerifyPageFullWriteVariable(unsigned short, unsigned short) &rArr; FLASH_ProgramHalfWord &rArr; FLASH_WaitForLastOperation
</UL>
<BR>[Calls]<UL><LI><a href="#[c3]">&gt;&gt;</a>&nbsp;&nbsp;&nbsp;__EE_Init()
<LI><a href="#[bd]">&gt;&gt;</a>&nbsp;&nbsp;&nbsp;InitCurrWrAddress()
</UL>
<BR>[Called By]<UL><LI><a href="#[52]">&gt;&gt;</a>&nbsp;&nbsp;&nbsp;FTC_Remoter_board_Init()
</UL>

<P><STRONG><a name="[7d]"></a>EE_WriteVariable(unsigned short, unsigned short)</STRONG> (Thumb, 36 bytes, Stack size 16 bytes, ftc_drv_eeprom.o(.text))
<BR><BR>[Stack]<UL><LI>Max Depth = 100<LI>Call Chain = EE_WriteVariable(unsigned short, unsigned short) &rArr; EE_PageTransfer(unsigned short, unsigned short) &rArr; EE_VerifyPageFullWriteVariable(unsigned short, unsigned short) &rArr; FLASH_ProgramHalfWord &rArr; FLASH_WaitForLastOperation
</UL>
<BR>[Calls]<UL><LI><a href="#[c4]">&gt;&gt;</a>&nbsp;&nbsp;&nbsp;EE_PageTransfer(unsigned short, unsigned short)
<LI><a href="#[c2]">&gt;&gt;</a>&nbsp;&nbsp;&nbsp;EE_VerifyPageFullWriteVariable(unsigned short, unsigned short)
</UL>
<BR>[Called By]<UL><LI><a href="#[7c]">&gt;&gt;</a>&nbsp;&nbsp;&nbsp;FTC_Param::SAVE_RC_OFFSET()
</UL>

<P><STRONG><a name="[d3]"></a>FTC_I2C_Soft::FTC_I2C_Soft()</STRONG> (Thumb, 2 bytes, Stack size 0 bytes, ftc_drv_i2c_soft.o(.text))
<BR><BR>[Called By]<UL><LI><a href="#[d2]">&gt;&gt;</a>&nbsp;&nbsp;&nbsp;FTC_MPU6050::FTC_MPU6050()
</UL>

<P><STRONG><a name="[160]"></a>FTC_I2C_Soft::FTC_I2C_Soft__sub_object()</STRONG> (Thumb, 0 bytes, Stack size 0 bytes, ftc_drv_i2c_soft.o(.text), UNUSED)

<P><STRONG><a name="[a2]"></a>FTC_I2C_Soft::Init()</STRONG> (Thumb, 68 bytes, Stack size 8 bytes, ftc_drv_i2c_soft.o(.text))
<BR><BR>[Stack]<UL><LI>Max Depth = 32<LI>Call Chain = FTC_I2C_Soft::Init() &rArr; GPIO_Init
</UL>
<BR>[Calls]<UL><LI><a href="#[ad]">&gt;&gt;</a>&nbsp;&nbsp;&nbsp;RCC_APB2PeriphClockCmd
<LI><a href="#[ae]">&gt;&gt;</a>&nbsp;&nbsp;&nbsp;GPIO_Init
</UL>
<BR>[Called By]<UL><LI><a href="#[52]">&gt;&gt;</a>&nbsp;&nbsp;&nbsp;FTC_Remoter_board_Init()
</UL>

<P><STRONG><a name="[c6]"></a>FTC_I2C_Soft::I2C_delay()</STRONG> (Thumb, 2 bytes, Stack size 0 bytes, ftc_drv_i2c_soft.o(.text))
<BR><BR>[Called By]<UL><LI><a href="#[ce]">&gt;&gt;</a>&nbsp;&nbsp;&nbsp;FTC_I2C_Soft::I2C_Ack()
<LI><a href="#[cc]">&gt;&gt;</a>&nbsp;&nbsp;&nbsp;FTC_I2C_Soft::I2C_ReadByte()
<LI><a href="#[cb]">&gt;&gt;</a>&nbsp;&nbsp;&nbsp;FTC_I2C_Soft::I2C_NoAck()
<LI><a href="#[c9]">&gt;&gt;</a>&nbsp;&nbsp;&nbsp;FTC_I2C_Soft::I2C_Start()
<LI><a href="#[c8]">&gt;&gt;</a>&nbsp;&nbsp;&nbsp;FTC_I2C_Soft::I2C_SendByte(unsigned char)
<LI><a href="#[c7]">&gt;&gt;</a>&nbsp;&nbsp;&nbsp;FTC_I2C_Soft::I2C_WaitAck()
<LI><a href="#[c5]">&gt;&gt;</a>&nbsp;&nbsp;&nbsp;FTC_I2C_Soft::I2C_Stop()
</UL>

<P><STRONG><a name="[c5]"></a>FTC_I2C_Soft::I2C_Stop()</STRONG> (Thumb, 70 bytes, Stack size 4 bytes, ftc_drv_i2c_soft.o(.text))
<BR><BR>[Stack]<UL><LI>Max Depth = 4<LI>Call Chain = FTC_I2C_Soft::I2C_Stop()
</UL>
<BR>[Calls]<UL><LI><a href="#[c6]">&gt;&gt;</a>&nbsp;&nbsp;&nbsp;FTC_I2C_Soft::I2C_delay()
</UL>
<BR>[Called By]<UL><LI><a href="#[cf]">&gt;&gt;</a>&nbsp;&nbsp;&nbsp;FTC_I2C_Soft::I2C_Mult_Read(unsigned char, unsigned char, unsigned char*, unsigned char)
<LI><a href="#[cd]">&gt;&gt;</a>&nbsp;&nbsp;&nbsp;FTC_I2C_Soft::I2C_Single_Read(unsigned char, unsigned char)
<LI><a href="#[ca]">&gt;&gt;</a>&nbsp;&nbsp;&nbsp;FTC_I2C_Soft::I2C_Single_Write(unsigned char, unsigned char, unsigned char)
</UL>

<P><STRONG><a name="[c7]"></a>FTC_I2C_Soft::I2C_WaitAck()</STRONG> (Thumb, 104 bytes, Stack size 4 bytes, ftc_drv_i2c_soft.o(.text))
<BR><BR>[Stack]<UL><LI>Max Depth = 4<LI>Call Chain = FTC_I2C_Soft::I2C_WaitAck()
</UL>
<BR>[Calls]<UL><LI><a href="#[c6]">&gt;&gt;</a>&nbsp;&nbsp;&nbsp;FTC_I2C_Soft::I2C_delay()
</UL>
<BR>[Called By]<UL><LI><a href="#[cf]">&gt;&gt;</a>&nbsp;&nbsp;&nbsp;FTC_I2C_Soft::I2C_Mult_Read(unsigned char, unsigned char, unsigned char*, unsigned char)
<LI><a href="#[cd]">&gt;&gt;</a>&nbsp;&nbsp;&nbsp;FTC_I2C_Soft::I2C_Single_Read(unsigned char, unsigned char)
<LI><a href="#[ca]">&gt;&gt;</a>&nbsp;&nbsp;&nbsp;FTC_I2C_Soft::I2C_Single_Write(unsigned char, unsigned char, unsigned char)
</UL>

<P><STRONG><a name="[c8]"></a>FTC_I2C_Soft::I2C_SendByte(unsigned char)</STRONG> (Thumb, 96 bytes, Stack size 8 bytes, ftc_drv_i2c_soft.o(.text))
<BR><BR>[Stack]<UL><LI>Max Depth = 8<LI>Call Chain = FTC_I2C_Soft::I2C_SendByte(unsigned char)
</UL>
<BR>[Calls]<UL><LI><a href="#[c6]">&gt;&gt;</a>&nbsp;&nbsp;&nbsp;FTC_I2C_Soft::I2C_delay()
</UL>
<BR>[Called By]<UL><LI><a href="#[cf]">&gt;&gt;</a>&nbsp;&nbsp;&nbsp;FTC_I2C_Soft::I2C_Mult_Read(unsigned char, unsigned char, unsigned char*, unsigned char)
<LI><a href="#[cd]">&gt;&gt;</a>&nbsp;&nbsp;&nbsp;FTC_I2C_Soft::I2C_Single_Read(unsigned char, unsigned char)
<LI><a href="#[ca]">&gt;&gt;</a>&nbsp;&nbsp;&nbsp;FTC_I2C_Soft::I2C_Single_Write(unsigned char, unsigned char, unsigned char)
</UL>

<P><STRONG><a name="[c9]"></a>FTC_I2C_Soft::I2C_Start()</STRONG> (Thumb, 100 bytes, Stack size 4 bytes, ftc_drv_i2c_soft.o(.text))
<BR><BR>[Stack]<UL><LI>Max Depth = 4<LI>Call Chain = FTC_I2C_Soft::I2C_Start()
</UL>
<BR>[Calls]<UL><LI><a href="#[c6]">&gt;&gt;</a>&nbsp;&nbsp;&nbsp;FTC_I2C_Soft::I2C_delay()
</UL>
<BR>[Called By]<UL><LI><a href="#[cf]">&gt;&gt;</a>&nbsp;&nbsp;&nbsp;FTC_I2C_Soft::I2C_Mult_Read(unsigned char, unsigned char, unsigned char*, unsigned char)
<LI><a href="#[cd]">&gt;&gt;</a>&nbsp;&nbsp;&nbsp;FTC_I2C_Soft::I2C_Single_Read(unsigned char, unsigned char)
<LI><a href="#[ca]">&gt;&gt;</a>&nbsp;&nbsp;&nbsp;FTC_I2C_Soft::I2C_Single_Write(unsigned char, unsigned char, unsigned char)
</UL>

<P><STRONG><a name="[ca]"></a>FTC_I2C_Soft::I2C_Single_Write(unsigned char, unsigned char, unsigned char)</STRONG> (Thumb, 86 bytes, Stack size 20 bytes, ftc_drv_i2c_soft.o(.text))
<BR><BR>[Stack]<UL><LI>Max Depth = 28<LI>Call Chain = FTC_I2C_Soft::I2C_Single_Write(unsigned char, unsigned char, unsigned char) &rArr; FTC_I2C_Soft::I2C_SendByte(unsigned char)
</UL>
<BR>[Calls]<UL><LI><a href="#[c9]">&gt;&gt;</a>&nbsp;&nbsp;&nbsp;FTC_I2C_Soft::I2C_Start()
<LI><a href="#[c8]">&gt;&gt;</a>&nbsp;&nbsp;&nbsp;FTC_I2C_Soft::I2C_SendByte(unsigned char)
<LI><a href="#[c7]">&gt;&gt;</a>&nbsp;&nbsp;&nbsp;FTC_I2C_Soft::I2C_WaitAck()
<LI><a href="#[c5]">&gt;&gt;</a>&nbsp;&nbsp;&nbsp;FTC_I2C_Soft::I2C_Stop()
</UL>
<BR>[Called By]<UL><LI><a href="#[70]">&gt;&gt;</a>&nbsp;&nbsp;&nbsp;FTC_MPU6050::Init(unsigned short, unsigned short)
</UL>

<P><STRONG><a name="[cb]"></a>FTC_I2C_Soft::I2C_NoAck()</STRONG> (Thumb, 70 bytes, Stack size 4 bytes, ftc_drv_i2c_soft.o(.text))
<BR><BR>[Stack]<UL><LI>Max Depth = 4<LI>Call Chain = FTC_I2C_Soft::I2C_NoAck()
</UL>
<BR>[Calls]<UL><LI><a href="#[c6]">&gt;&gt;</a>&nbsp;&nbsp;&nbsp;FTC_I2C_Soft::I2C_delay()
</UL>
<BR>[Called By]<UL><LI><a href="#[cf]">&gt;&gt;</a>&nbsp;&nbsp;&nbsp;FTC_I2C_Soft::I2C_Mult_Read(unsigned char, unsigned char, unsigned char*, unsigned char)
<LI><a href="#[cd]">&gt;&gt;</a>&nbsp;&nbsp;&nbsp;FTC_I2C_Soft::I2C_Single_Read(unsigned char, unsigned char)
</UL>

<P><STRONG><a name="[cc]"></a>FTC_I2C_Soft::I2C_ReadByte()</STRONG> (Thumb, 90 bytes, Stack size 8 bytes, ftc_drv_i2c_soft.o(.text))
<BR><BR>[Stack]<UL><LI>Max Depth = 8<LI>Call Chain = FTC_I2C_Soft::I2C_ReadByte()
</UL>
<BR>[Calls]<UL><LI><a href="#[c6]">&gt;&gt;</a>&nbsp;&nbsp;&nbsp;FTC_I2C_Soft::I2C_delay()
</UL>
<BR>[Called By]<UL><LI><a href="#[cf]">&gt;&gt;</a>&nbsp;&nbsp;&nbsp;FTC_I2C_Soft::I2C_Mult_Read(unsigned char, unsigned char, unsigned char*, unsigned char)
<LI><a href="#[cd]">&gt;&gt;</a>&nbsp;&nbsp;&nbsp;FTC_I2C_Soft::I2C_Single_Read(unsigned char, unsigned char)
</UL>

<P><STRONG><a name="[cd]"></a>FTC_I2C_Soft::I2C_Single_Read(unsigned char, unsigned char)</STRONG> (Thumb, 106 bytes, Stack size 20 bytes, ftc_drv_i2c_soft.o(.text))
<BR><BR>[Stack]<UL><LI>Max Depth = 28<LI>Call Chain = FTC_I2C_Soft::I2C_Single_Read(unsigned char, unsigned char) &rArr; FTC_I2C_Soft::I2C_ReadByte()
</UL>
<BR>[Calls]<UL><LI><a href="#[cc]">&gt;&gt;</a>&nbsp;&nbsp;&nbsp;FTC_I2C_Soft::I2C_ReadByte()
<LI><a href="#[cb]">&gt;&gt;</a>&nbsp;&nbsp;&nbsp;FTC_I2C_Soft::I2C_NoAck()
<LI><a href="#[c9]">&gt;&gt;</a>&nbsp;&nbsp;&nbsp;FTC_I2C_Soft::I2C_Start()
<LI><a href="#[c8]">&gt;&gt;</a>&nbsp;&nbsp;&nbsp;FTC_I2C_Soft::I2C_SendByte(unsigned char)
<LI><a href="#[c7]">&gt;&gt;</a>&nbsp;&nbsp;&nbsp;FTC_I2C_Soft::I2C_WaitAck()
<LI><a href="#[c5]">&gt;&gt;</a>&nbsp;&nbsp;&nbsp;FTC_I2C_Soft::I2C_Stop()
</UL>
<BR>[Called By]<UL><LI><a href="#[74]">&gt;&gt;</a>&nbsp;&nbsp;&nbsp;FTC_MPU6050::Read_Gyro_Data()
<LI><a href="#[73]">&gt;&gt;</a>&nbsp;&nbsp;&nbsp;FTC_MPU6050::Read_Acc_Data()
</UL>

<P><STRONG><a name="[ce]"></a>FTC_I2C_Soft::I2C_Ack()</STRONG> (Thumb, 70 bytes, Stack size 4 bytes, ftc_drv_i2c_soft.o(.text), UNUSED)
<BR><BR>[Calls]<UL><LI><a href="#[c6]">&gt;&gt;</a>&nbsp;&nbsp;&nbsp;FTC_I2C_Soft::I2C_delay()
</UL>
<BR>[Called By]<UL><LI><a href="#[cf]">&gt;&gt;</a>&nbsp;&nbsp;&nbsp;FTC_I2C_Soft::I2C_Mult_Read(unsigned char, unsigned char, unsigned char*, unsigned char)
</UL>

<P><STRONG><a name="[cf]"></a>FTC_I2C_Soft::I2C_Mult_Read(unsigned char, unsigned char, unsigned char*, unsigned char)</STRONG> (Thumb, 160 bytes, Stack size 28 bytes, ftc_drv_i2c_soft.o(.text), UNUSED)
<BR><BR>[Calls]<UL><LI><a href="#[ce]">&gt;&gt;</a>&nbsp;&nbsp;&nbsp;FTC_I2C_Soft::I2C_Ack()
<LI><a href="#[cc]">&gt;&gt;</a>&nbsp;&nbsp;&nbsp;FTC_I2C_Soft::I2C_ReadByte()
<LI><a href="#[cb]">&gt;&gt;</a>&nbsp;&nbsp;&nbsp;FTC_I2C_Soft::I2C_NoAck()
<LI><a href="#[c9]">&gt;&gt;</a>&nbsp;&nbsp;&nbsp;FTC_I2C_Soft::I2C_Start()
<LI><a href="#[c8]">&gt;&gt;</a>&nbsp;&nbsp;&nbsp;FTC_I2C_Soft::I2C_SendByte(unsigned char)
<LI><a href="#[c7]">&gt;&gt;</a>&nbsp;&nbsp;&nbsp;FTC_I2C_Soft::I2C_WaitAck()
<LI><a href="#[c5]">&gt;&gt;</a>&nbsp;&nbsp;&nbsp;FTC_I2C_Soft::I2C_Stop()
</UL>

<P><STRONG><a name="[a8]"></a>FTC_LED::Init()</STRONG> (Thumb, 40 bytes, Stack size 8 bytes, ftc_drv_led.o(.text))
<BR><BR>[Stack]<UL><LI>Max Depth = 32<LI>Call Chain = FTC_LED::Init() &rArr; GPIO_Init
</UL>
<BR>[Calls]<UL><LI><a href="#[ad]">&gt;&gt;</a>&nbsp;&nbsp;&nbsp;RCC_APB2PeriphClockCmd
<LI><a href="#[ae]">&gt;&gt;</a>&nbsp;&nbsp;&nbsp;GPIO_Init
</UL>
<BR>[Called By]<UL><LI><a href="#[52]">&gt;&gt;</a>&nbsp;&nbsp;&nbsp;FTC_Remoter_board_Init()
</UL>

<P><STRONG><a name="[57]"></a>FTC_LED::ON()</STRONG> (Thumb, 16 bytes, Stack size 8 bytes, ftc_drv_led.o(.text))
<BR><BR>[Stack]<UL><LI>Max Depth = 8<LI>Call Chain = FTC_LED::ON()
</UL>
<BR>[Calls]<UL><LI><a href="#[d0]">&gt;&gt;</a>&nbsp;&nbsp;&nbsp;GPIO_ResetBits
</UL>
<BR>[Called By]<UL><LI><a href="#[56]">&gt;&gt;</a>&nbsp;&nbsp;&nbsp;FTC_Config::Pilot_Light()
</UL>

<P><STRONG><a name="[58]"></a>FTC_LED::OFF()</STRONG> (Thumb, 16 bytes, Stack size 8 bytes, ftc_drv_led.o(.text))
<BR><BR>[Stack]<UL><LI>Max Depth = 8<LI>Call Chain = FTC_LED::OFF()
</UL>
<BR>[Calls]<UL><LI><a href="#[d1]">&gt;&gt;</a>&nbsp;&nbsp;&nbsp;GPIO_SetBits
</UL>
<BR>[Called By]<UL><LI><a href="#[56]">&gt;&gt;</a>&nbsp;&nbsp;&nbsp;FTC_Config::Pilot_Light()
</UL>

<P><STRONG><a name="[d2]"></a>FTC_MPU6050::FTC_MPU6050()</STRONG> (Thumb, 72 bytes, Stack size 8 bytes, ftc_drv_mpu6050.o(.text))
<BR><BR>[Stack]<UL><LI>Max Depth = 8<LI>Call Chain = FTC_MPU6050::FTC_MPU6050()
</UL>
<BR>[Calls]<UL><LI><a href="#[6e]">&gt;&gt;</a>&nbsp;&nbsp;&nbsp;Vector3&lang;float&rang;::Vector3()
<LI><a href="#[d4]">&gt;&gt;</a>&nbsp;&nbsp;&nbsp;Vector3&lang;short&rang;::Vector3()
<LI><a href="#[d3]">&gt;&gt;</a>&nbsp;&nbsp;&nbsp;FTC_I2C_Soft::FTC_I2C_Soft()
</UL>
<BR>[Called By]<UL><LI><a href="#[3f]">&gt;&gt;</a>&nbsp;&nbsp;&nbsp;__sti___19_FTC_Drv_MPU6050_cpp_mpu6050
</UL>

<P><STRONG><a name="[161]"></a>FTC_MPU6050::FTC_MPU6050__sub_object()</STRONG> (Thumb, 0 bytes, Stack size 8 bytes, ftc_drv_mpu6050.o(.text), UNUSED)

<P><STRONG><a name="[d5]"></a>FTC_MPU6050::delayms(unsigned short)</STRONG> (Thumb, 32 bytes, Stack size 12 bytes, ftc_drv_mpu6050.o(.text))
<BR><BR>[Stack]<UL><LI>Max Depth = 12<LI>Call Chain = FTC_MPU6050::delayms(unsigned short)
</UL>
<BR>[Called By]<UL><LI><a href="#[70]">&gt;&gt;</a>&nbsp;&nbsp;&nbsp;FTC_MPU6050::Init(unsigned short, unsigned short)
</UL>

<P><STRONG><a name="[70]"></a>FTC_MPU6050::Init(unsigned short, unsigned short)</STRONG> (Thumb, 190 bytes, Stack size 24 bytes, ftc_drv_mpu6050.o(.text))
<BR><BR>[Stack]<UL><LI>Max Depth = 52<LI>Call Chain = FTC_MPU6050::Init(unsigned short, unsigned short) &rArr; FTC_I2C_Soft::I2C_Single_Write(unsigned char, unsigned char, unsigned char) &rArr; FTC_I2C_Soft::I2C_SendByte(unsigned char)
</UL>
<BR>[Calls]<UL><LI><a href="#[d5]">&gt;&gt;</a>&nbsp;&nbsp;&nbsp;FTC_MPU6050::delayms(unsigned short)
<LI><a href="#[ca]">&gt;&gt;</a>&nbsp;&nbsp;&nbsp;FTC_I2C_Soft::I2C_Single_Write(unsigned char, unsigned char, unsigned char)
</UL>
<BR>[Called By]<UL><LI><a href="#[6f]">&gt;&gt;</a>&nbsp;&nbsp;&nbsp;FTC_IMU::sensor_Init()
</UL>

<P><STRONG><a name="[d6]"></a>FTC_MPU6050::CalOffset_Acc()</STRONG> (Thumb, 226 bytes, Stack size 24 bytes, ftc_drv_mpu6050.o(.text))
<BR><BR>[Stack]<UL><LI>Max Depth = 56<LI>Call Chain = FTC_MPU6050::CalOffset_Acc() &rArr; Vector3&lang;float&rang;::operator +=(const Vector3&lang;float&rang;&) &rArr; __aeabi_fadd
</UL>
<BR>[Calls]<UL><LI><a href="#[da]">&gt;&gt;</a>&nbsp;&nbsp;&nbsp;Vector3&lang;float&rang;::operator +=(const Vector3&lang;float&rang;&)
<LI><a href="#[6e]">&gt;&gt;</a>&nbsp;&nbsp;&nbsp;Vector3&lang;float&rang;::Vector3()
<LI><a href="#[d8]">&gt;&gt;</a>&nbsp;&nbsp;&nbsp;Vector3&lang;short&rang;::operator ()(short, short, short)
<LI><a href="#[d9]">&gt;&gt;</a>&nbsp;&nbsp;&nbsp;Vector3&lang;float&rang;::operator ()(float, float, float)
<LI><a href="#[81]">&gt;&gt;</a>&nbsp;&nbsp;&nbsp;__aeabi_ui2f
<LI><a href="#[8b]">&gt;&gt;</a>&nbsp;&nbsp;&nbsp;__aeabi_f2iz
<LI><a href="#[63]">&gt;&gt;</a>&nbsp;&nbsp;&nbsp;__aeabi_fdiv
<LI><a href="#[68]">&gt;&gt;</a>&nbsp;&nbsp;&nbsp;__aeabi_fsub
<LI><a href="#[d7]">&gt;&gt;</a>&nbsp;&nbsp;&nbsp;__cxa_guard_acquire
</UL>
<BR>[Called By]<UL><LI><a href="#[73]">&gt;&gt;</a>&nbsp;&nbsp;&nbsp;FTC_MPU6050::Read_Acc_Data()
</UL>

<P><STRONG><a name="[73]"></a>FTC_MPU6050::Read_Acc_Data()</STRONG> (Thumb, 186 bytes, Stack size 32 bytes, ftc_drv_mpu6050.o(.text))
<BR><BR>[Stack]<UL><LI>Max Depth = 88<LI>Call Chain = FTC_MPU6050::Read_Acc_Data() &rArr; FTC_MPU6050::CalOffset_Acc() &rArr; Vector3&lang;float&rang;::operator +=(const Vector3&lang;float&rang;&) &rArr; __aeabi_fadd
</UL>
<BR>[Calls]<UL><LI><a href="#[d9]">&gt;&gt;</a>&nbsp;&nbsp;&nbsp;Vector3&lang;float&rang;::operator ()(float, float, float)
<LI><a href="#[d6]">&gt;&gt;</a>&nbsp;&nbsp;&nbsp;FTC_MPU6050::CalOffset_Acc()
<LI><a href="#[cd]">&gt;&gt;</a>&nbsp;&nbsp;&nbsp;FTC_I2C_Soft::I2C_Single_Read(unsigned char, unsigned char)
<LI><a href="#[db]">&gt;&gt;</a>&nbsp;&nbsp;&nbsp;__aeabi_i2f
</UL>
<BR>[Called By]<UL><LI><a href="#[72]">&gt;&gt;</a>&nbsp;&nbsp;&nbsp;FTC_IMU::updateSensor()
</UL>

<P><STRONG><a name="[dc]"></a>FTC_MPU6050::CalOffset_Gyro()</STRONG> (Thumb, 214 bytes, Stack size 16 bytes, ftc_drv_mpu6050.o(.text))
<BR><BR>[Stack]<UL><LI>Max Depth = 48<LI>Call Chain = FTC_MPU6050::CalOffset_Gyro() &rArr; Vector3&lang;float&rang;::operator +=(const Vector3&lang;float&rang;&) &rArr; __aeabi_fadd
</UL>
<BR>[Calls]<UL><LI><a href="#[da]">&gt;&gt;</a>&nbsp;&nbsp;&nbsp;Vector3&lang;float&rang;::operator +=(const Vector3&lang;float&rang;&)
<LI><a href="#[6e]">&gt;&gt;</a>&nbsp;&nbsp;&nbsp;Vector3&lang;float&rang;::Vector3()
<LI><a href="#[d8]">&gt;&gt;</a>&nbsp;&nbsp;&nbsp;Vector3&lang;short&rang;::operator ()(short, short, short)
<LI><a href="#[d9]">&gt;&gt;</a>&nbsp;&nbsp;&nbsp;Vector3&lang;float&rang;::operator ()(float, float, float)
<LI><a href="#[81]">&gt;&gt;</a>&nbsp;&nbsp;&nbsp;__aeabi_ui2f
<LI><a href="#[8b]">&gt;&gt;</a>&nbsp;&nbsp;&nbsp;__aeabi_f2iz
<LI><a href="#[63]">&gt;&gt;</a>&nbsp;&nbsp;&nbsp;__aeabi_fdiv
<LI><a href="#[d7]">&gt;&gt;</a>&nbsp;&nbsp;&nbsp;__cxa_guard_acquire
</UL>
<BR>[Called By]<UL><LI><a href="#[74]">&gt;&gt;</a>&nbsp;&nbsp;&nbsp;FTC_MPU6050::Read_Gyro_Data()
</UL>

<P><STRONG><a name="[74]"></a>FTC_MPU6050::Read_Gyro_Data()</STRONG> (Thumb, 186 bytes, Stack size 32 bytes, ftc_drv_mpu6050.o(.text))
<BR><BR>[Stack]<UL><LI>Max Depth = 80<LI>Call Chain = FTC_MPU6050::Read_Gyro_Data() &rArr; FTC_MPU6050::CalOffset_Gyro() &rArr; Vector3&lang;float&rang;::operator +=(const Vector3&lang;float&rang;&) &rArr; __aeabi_fadd
</UL>
<BR>[Calls]<UL><LI><a href="#[d9]">&gt;&gt;</a>&nbsp;&nbsp;&nbsp;Vector3&lang;float&rang;::operator ()(float, float, float)
<LI><a href="#[dc]">&gt;&gt;</a>&nbsp;&nbsp;&nbsp;FTC_MPU6050::CalOffset_Gyro()
<LI><a href="#[cd]">&gt;&gt;</a>&nbsp;&nbsp;&nbsp;FTC_I2C_Soft::I2C_Single_Read(unsigned char, unsigned char)
<LI><a href="#[db]">&gt;&gt;</a>&nbsp;&nbsp;&nbsp;__aeabi_i2f
</UL>
<BR>[Called By]<UL><LI><a href="#[72]">&gt;&gt;</a>&nbsp;&nbsp;&nbsp;FTC_IMU::updateSensor()
</UL>

<P><STRONG><a name="[76]"></a>FTC_MPU6050::Get_Acc()</STRONG> (Thumb, 14 bytes, Stack size 8 bytes, ftc_drv_mpu6050.o(.text))
<BR><BR>[Stack]<UL><LI>Max Depth = 8<LI>Call Chain = FTC_MPU6050::Get_Acc()
</UL>
<BR>[Called By]<UL><LI><a href="#[72]">&gt;&gt;</a>&nbsp;&nbsp;&nbsp;FTC_IMU::updateSensor()
</UL>

<P><STRONG><a name="[162]"></a>FTC_MPU6050::Get_Gyro()</STRONG> (Thumb, 14 bytes, Stack size 8 bytes, ftc_drv_mpu6050.o(.text), UNUSED)

<P><STRONG><a name="[75]"></a>FTC_MPU6050::Get_Gyro_in_dps()</STRONG> (Thumb, 66 bytes, Stack size 16 bytes, ftc_drv_mpu6050.o(.text))
<BR><BR>[Stack]<UL><LI>Max Depth = 40<LI>Call Chain = FTC_MPU6050::Get_Gyro_in_dps() &rArr; radians(float) &rArr; __aeabi_fmul
</UL>
<BR>[Calls]<UL><LI><a href="#[9a]">&gt;&gt;</a>&nbsp;&nbsp;&nbsp;radians(float)
<LI><a href="#[62]">&gt;&gt;</a>&nbsp;&nbsp;&nbsp;__aeabi_fmul
</UL>
<BR>[Called By]<UL><LI><a href="#[72]">&gt;&gt;</a>&nbsp;&nbsp;&nbsp;FTC_IMU::updateSensor()
</UL>

<P><STRONG><a name="[dd]"></a>FTC_NRF::Write_Reg(unsigned char, unsigned char)</STRONG> (Thumb, 46 bytes, Stack size 24 bytes, ftc_drv_nrf24l01.o(.text))
<BR><BR>[Stack]<UL><LI>Max Depth = 40<LI>Call Chain = FTC_NRF::Write_Reg(unsigned char, unsigned char) &rArr; FTC_SPI2::RW(unsigned char)
</UL>
<BR>[Calls]<UL><LI><a href="#[de]">&gt;&gt;</a>&nbsp;&nbsp;&nbsp;FTC_SPI2::CSN_L()
<LI><a href="#[e0]">&gt;&gt;</a>&nbsp;&nbsp;&nbsp;FTC_SPI2::CSN_H()
<LI><a href="#[df]">&gt;&gt;</a>&nbsp;&nbsp;&nbsp;FTC_SPI2::RW(unsigned char)
</UL>
<BR>[Called By]<UL><LI><a href="#[a5]">&gt;&gt;</a>&nbsp;&nbsp;&nbsp;FTC_NRF::Init(unsigned char, unsigned char)
<LI><a href="#[5c]">&gt;&gt;</a>&nbsp;&nbsp;&nbsp;FTC_NRF::Check_Event()
</UL>

<P><STRONG><a name="[e1]"></a>FTC_NRF::Write_Buf(unsigned char, unsigned char*, unsigned char)</STRONG> (Thumb, 60 bytes, Stack size 32 bytes, ftc_drv_nrf24l01.o(.text))
<BR><BR>[Stack]<UL><LI>Max Depth = 48<LI>Call Chain = FTC_NRF::Write_Buf(unsigned char, unsigned char*, unsigned char) &rArr; FTC_SPI2::RW(unsigned char)
</UL>
<BR>[Calls]<UL><LI><a href="#[de]">&gt;&gt;</a>&nbsp;&nbsp;&nbsp;FTC_SPI2::CSN_L()
<LI><a href="#[e0]">&gt;&gt;</a>&nbsp;&nbsp;&nbsp;FTC_SPI2::CSN_H()
<LI><a href="#[df]">&gt;&gt;</a>&nbsp;&nbsp;&nbsp;FTC_SPI2::RW(unsigned char)
</UL>
<BR>[Called By]<UL><LI><a href="#[a6]">&gt;&gt;</a>&nbsp;&nbsp;&nbsp;FTC_NRF::Check()
<LI><a href="#[a5]">&gt;&gt;</a>&nbsp;&nbsp;&nbsp;FTC_NRF::Init(unsigned char, unsigned char)
<LI><a href="#[5e]">&gt;&gt;</a>&nbsp;&nbsp;&nbsp;FTC_NRF::TxPacket(unsigned char*, unsigned char)
<LI><a href="#[5b]">&gt;&gt;</a>&nbsp;&nbsp;&nbsp;FTC_NRF::TxPacket_AP(unsigned char*, unsigned char)
</UL>

<P><STRONG><a name="[a5]"></a>FTC_NRF::Init(unsigned char, unsigned char)</STRONG> (Thumb, 286 bytes, Stack size 16 bytes, ftc_drv_nrf24l01.o(.text))
<BR><BR>[Stack]<UL><LI>Max Depth = 64<LI>Call Chain = FTC_NRF::Init(unsigned char, unsigned char) &rArr; FTC_NRF::Write_Buf(unsigned char, unsigned char*, unsigned char) &rArr; FTC_SPI2::RW(unsigned char)
</UL>
<BR>[Calls]<UL><LI><a href="#[e2]">&gt;&gt;</a>&nbsp;&nbsp;&nbsp;FTC_SPI2::CE_L()
<LI><a href="#[e3]">&gt;&gt;</a>&nbsp;&nbsp;&nbsp;FTC_SPI2::CE_H()
<LI><a href="#[df]">&gt;&gt;</a>&nbsp;&nbsp;&nbsp;FTC_SPI2::RW(unsigned char)
<LI><a href="#[e1]">&gt;&gt;</a>&nbsp;&nbsp;&nbsp;FTC_NRF::Write_Buf(unsigned char, unsigned char*, unsigned char)
<LI><a href="#[dd]">&gt;&gt;</a>&nbsp;&nbsp;&nbsp;FTC_NRF::Write_Reg(unsigned char, unsigned char)
</UL>
<BR>[Called By]<UL><LI><a href="#[52]">&gt;&gt;</a>&nbsp;&nbsp;&nbsp;FTC_Remoter_board_Init()
</UL>

<P><STRONG><a name="[5e]"></a>FTC_NRF::TxPacket(unsigned char*, unsigned char)</STRONG> (Thumb, 46 bytes, Stack size 16 bytes, ftc_drv_nrf24l01.o(.text))
<BR><BR>[Stack]<UL><LI>Max Depth = 64<LI>Call Chain = FTC_NRF::TxPacket(unsigned char*, unsigned char) &rArr; FTC_NRF::Write_Buf(unsigned char, unsigned char*, unsigned char) &rArr; FTC_SPI2::RW(unsigned char)
</UL>
<BR>[Calls]<UL><LI><a href="#[e2]">&gt;&gt;</a>&nbsp;&nbsp;&nbsp;FTC_SPI2::CE_L()
<LI><a href="#[e3]">&gt;&gt;</a>&nbsp;&nbsp;&nbsp;FTC_SPI2::CE_H()
<LI><a href="#[e1]">&gt;&gt;</a>&nbsp;&nbsp;&nbsp;FTC_NRF::Write_Buf(unsigned char, unsigned char*, unsigned char)
</UL>
<BR>[Called By]<UL><LI><a href="#[5d]">&gt;&gt;</a>&nbsp;&nbsp;&nbsp;FTC_DT::Send_Data(unsigned char*, unsigned char)
</UL>

<P><STRONG><a name="[5b]"></a>FTC_NRF::TxPacket_AP(unsigned char*, unsigned char)</STRONG> (Thumb, 34 bytes, Stack size 16 bytes, ftc_drv_nrf24l01.o(.text))
<BR><BR>[Stack]<UL><LI>Max Depth = 64<LI>Call Chain = FTC_NRF::TxPacket_AP(unsigned char*, unsigned char) &rArr; FTC_NRF::Write_Buf(unsigned char, unsigned char*, unsigned char) &rArr; FTC_SPI2::RW(unsigned char)
</UL>
<BR>[Calls]<UL><LI><a href="#[e2]">&gt;&gt;</a>&nbsp;&nbsp;&nbsp;FTC_SPI2::CE_L()
<LI><a href="#[e3]">&gt;&gt;</a>&nbsp;&nbsp;&nbsp;FTC_SPI2::CE_H()
<LI><a href="#[e1]">&gt;&gt;</a>&nbsp;&nbsp;&nbsp;FTC_NRF::Write_Buf(unsigned char, unsigned char*, unsigned char)
</UL>
<BR>[Called By]<UL><LI><a href="#[5a]">&gt;&gt;</a>&nbsp;&nbsp;&nbsp;FTC_DT::Check_Event()
</UL>

<P><STRONG><a name="[e4]"></a>FTC_NRF::Read_Buf(unsigned char, unsigned char*, unsigned char)</STRONG> (Thumb, 62 bytes, Stack size 32 bytes, ftc_drv_nrf24l01.o(.text))
<BR><BR>[Stack]<UL><LI>Max Depth = 48<LI>Call Chain = FTC_NRF::Read_Buf(unsigned char, unsigned char*, unsigned char) &rArr; FTC_SPI2::RW(unsigned char)
</UL>
<BR>[Calls]<UL><LI><a href="#[de]">&gt;&gt;</a>&nbsp;&nbsp;&nbsp;FTC_SPI2::CSN_L()
<LI><a href="#[e0]">&gt;&gt;</a>&nbsp;&nbsp;&nbsp;FTC_SPI2::CSN_H()
<LI><a href="#[df]">&gt;&gt;</a>&nbsp;&nbsp;&nbsp;FTC_SPI2::RW(unsigned char)
</UL>
<BR>[Called By]<UL><LI><a href="#[a6]">&gt;&gt;</a>&nbsp;&nbsp;&nbsp;FTC_NRF::Check()
<LI><a href="#[5c]">&gt;&gt;</a>&nbsp;&nbsp;&nbsp;FTC_NRF::Check_Event()
</UL>

<P><STRONG><a name="[a6]"></a>FTC_NRF::Check()</STRONG> (Thumb, 68 bytes, Stack size 24 bytes, ftc_drv_nrf24l01.o(.text))
<BR><BR>[Stack]<UL><LI>Max Depth = 72<LI>Call Chain = FTC_NRF::Check() &rArr; FTC_NRF::Read_Buf(unsigned char, unsigned char*, unsigned char) &rArr; FTC_SPI2::RW(unsigned char)
</UL>
<BR>[Calls]<UL><LI><a href="#[e4]">&gt;&gt;</a>&nbsp;&nbsp;&nbsp;FTC_NRF::Read_Buf(unsigned char, unsigned char*, unsigned char)
<LI><a href="#[e1]">&gt;&gt;</a>&nbsp;&nbsp;&nbsp;FTC_NRF::Write_Buf(unsigned char, unsigned char*, unsigned char)
</UL>
<BR>[Called By]<UL><LI><a href="#[52]">&gt;&gt;</a>&nbsp;&nbsp;&nbsp;FTC_Remoter_board_Init()
</UL>

<P><STRONG><a name="[e5]"></a>FTC_NRF::Read_Reg(unsigned char)</STRONG> (Thumb, 40 bytes, Stack size 16 bytes, ftc_drv_nrf24l01.o(.text))
<BR><BR>[Stack]<UL><LI>Max Depth = 32<LI>Call Chain = FTC_NRF::Read_Reg(unsigned char) &rArr; FTC_SPI2::RW(unsigned char)
</UL>
<BR>[Calls]<UL><LI><a href="#[de]">&gt;&gt;</a>&nbsp;&nbsp;&nbsp;FTC_SPI2::CSN_L()
<LI><a href="#[e0]">&gt;&gt;</a>&nbsp;&nbsp;&nbsp;FTC_SPI2::CSN_H()
<LI><a href="#[df]">&gt;&gt;</a>&nbsp;&nbsp;&nbsp;FTC_SPI2::RW(unsigned char)
</UL>
<BR>[Called By]<UL><LI><a href="#[5c]">&gt;&gt;</a>&nbsp;&nbsp;&nbsp;FTC_NRF::Check_Event()
</UL>

<P><STRONG><a name="[5c]"></a>FTC_NRF::Check_Event()</STRONG> (Thumb, 96 bytes, Stack size 16 bytes, ftc_drv_nrf24l01.o(.text))
<BR><BR>[Stack]<UL><LI>Max Depth = 64<LI>Call Chain = FTC_NRF::Check_Event() &rArr; FTC_NRF::Read_Buf(unsigned char, unsigned char*, unsigned char) &rArr; FTC_SPI2::RW(unsigned char)
</UL>
<BR>[Calls]<UL><LI><a href="#[e6]">&gt;&gt;</a>&nbsp;&nbsp;&nbsp;Usart1_Send_Buf(unsigned char*, unsigned char)
<LI><a href="#[e5]">&gt;&gt;</a>&nbsp;&nbsp;&nbsp;FTC_NRF::Read_Reg(unsigned char)
<LI><a href="#[e4]">&gt;&gt;</a>&nbsp;&nbsp;&nbsp;FTC_NRF::Read_Buf(unsigned char, unsigned char*, unsigned char)
<LI><a href="#[dd]">&gt;&gt;</a>&nbsp;&nbsp;&nbsp;FTC_NRF::Write_Reg(unsigned char, unsigned char)
</UL>
<BR>[Called By]<UL><LI><a href="#[5a]">&gt;&gt;</a>&nbsp;&nbsp;&nbsp;FTC_DT::Check_Event()
</UL>

<P><STRONG><a name="[a4]"></a>FTC_SPI2::Init()</STRONG> (Thumb, 194 bytes, Stack size 32 bytes, ftc_drv_spi2.o(.text))
<BR><BR>[Stack]<UL><LI>Max Depth = 56<LI>Call Chain = FTC_SPI2::Init() &rArr; GPIO_Init
</UL>
<BR>[Calls]<UL><LI><a href="#[e8]">&gt;&gt;</a>&nbsp;&nbsp;&nbsp;SPI_Init
<LI><a href="#[e9]">&gt;&gt;</a>&nbsp;&nbsp;&nbsp;SPI_Cmd
<LI><a href="#[e7]">&gt;&gt;</a>&nbsp;&nbsp;&nbsp;RCC_APB1PeriphClockCmd
<LI><a href="#[d1]">&gt;&gt;</a>&nbsp;&nbsp;&nbsp;GPIO_SetBits
<LI><a href="#[ad]">&gt;&gt;</a>&nbsp;&nbsp;&nbsp;RCC_APB2PeriphClockCmd
<LI><a href="#[ae]">&gt;&gt;</a>&nbsp;&nbsp;&nbsp;GPIO_Init
</UL>
<BR>[Called By]<UL><LI><a href="#[52]">&gt;&gt;</a>&nbsp;&nbsp;&nbsp;FTC_Remoter_board_Init()
</UL>

<P><STRONG><a name="[df]"></a>FTC_SPI2::RW(unsigned char)</STRONG> (Thumb, 52 bytes, Stack size 16 bytes, ftc_drv_spi2.o(.text))
<BR><BR>[Stack]<UL><LI>Max Depth = 16<LI>Call Chain = FTC_SPI2::RW(unsigned char)
</UL>
<BR>[Calls]<UL><LI><a href="#[eb]">&gt;&gt;</a>&nbsp;&nbsp;&nbsp;SPI_I2S_SendData
<LI><a href="#[ec]">&gt;&gt;</a>&nbsp;&nbsp;&nbsp;SPI_I2S_ReceiveData
<LI><a href="#[ea]">&gt;&gt;</a>&nbsp;&nbsp;&nbsp;SPI_I2S_GetFlagStatus
</UL>
<BR>[Called By]<UL><LI><a href="#[a5]">&gt;&gt;</a>&nbsp;&nbsp;&nbsp;FTC_NRF::Init(unsigned char, unsigned char)
<LI><a href="#[e5]">&gt;&gt;</a>&nbsp;&nbsp;&nbsp;FTC_NRF::Read_Reg(unsigned char)
<LI><a href="#[e4]">&gt;&gt;</a>&nbsp;&nbsp;&nbsp;FTC_NRF::Read_Buf(unsigned char, unsigned char*, unsigned char)
<LI><a href="#[e1]">&gt;&gt;</a>&nbsp;&nbsp;&nbsp;FTC_NRF::Write_Buf(unsigned char, unsigned char*, unsigned char)
<LI><a href="#[dd]">&gt;&gt;</a>&nbsp;&nbsp;&nbsp;FTC_NRF::Write_Reg(unsigned char, unsigned char)
</UL>

<P><STRONG><a name="[e3]"></a>FTC_SPI2::CE_H()</STRONG> (Thumb, 14 bytes, Stack size 8 bytes, ftc_drv_spi2.o(.text))
<BR><BR>[Stack]<UL><LI>Max Depth = 8<LI>Call Chain = FTC_SPI2::CE_H()
</UL>
<BR>[Calls]<UL><LI><a href="#[d1]">&gt;&gt;</a>&nbsp;&nbsp;&nbsp;GPIO_SetBits
</UL>
<BR>[Called By]<UL><LI><a href="#[a5]">&gt;&gt;</a>&nbsp;&nbsp;&nbsp;FTC_NRF::Init(unsigned char, unsigned char)
<LI><a href="#[5e]">&gt;&gt;</a>&nbsp;&nbsp;&nbsp;FTC_NRF::TxPacket(unsigned char*, unsigned char)
<LI><a href="#[5b]">&gt;&gt;</a>&nbsp;&nbsp;&nbsp;FTC_NRF::TxPacket_AP(unsigned char*, unsigned char)
</UL>

<P><STRONG><a name="[e2]"></a>FTC_SPI2::CE_L()</STRONG> (Thumb, 14 bytes, Stack size 8 bytes, ftc_drv_spi2.o(.text))
<BR><BR>[Stack]<UL><LI>Max Depth = 8<LI>Call Chain = FTC_SPI2::CE_L()
</UL>
<BR>[Calls]<UL><LI><a href="#[d0]">&gt;&gt;</a>&nbsp;&nbsp;&nbsp;GPIO_ResetBits
</UL>
<BR>[Called By]<UL><LI><a href="#[a5]">&gt;&gt;</a>&nbsp;&nbsp;&nbsp;FTC_NRF::Init(unsigned char, unsigned char)
<LI><a href="#[5e]">&gt;&gt;</a>&nbsp;&nbsp;&nbsp;FTC_NRF::TxPacket(unsigned char*, unsigned char)
<LI><a href="#[5b]">&gt;&gt;</a>&nbsp;&nbsp;&nbsp;FTC_NRF::TxPacket_AP(unsigned char*, unsigned char)
</UL>

<P><STRONG><a name="[e0]"></a>FTC_SPI2::CSN_H()</STRONG> (Thumb, 16 bytes, Stack size 8 bytes, ftc_drv_spi2.o(.text))
<BR><BR>[Stack]<UL><LI>Max Depth = 8<LI>Call Chain = FTC_SPI2::CSN_H()
</UL>
<BR>[Calls]<UL><LI><a href="#[d1]">&gt;&gt;</a>&nbsp;&nbsp;&nbsp;GPIO_SetBits
</UL>
<BR>[Called By]<UL><LI><a href="#[e5]">&gt;&gt;</a>&nbsp;&nbsp;&nbsp;FTC_NRF::Read_Reg(unsigned char)
<LI><a href="#[e4]">&gt;&gt;</a>&nbsp;&nbsp;&nbsp;FTC_NRF::Read_Buf(unsigned char, unsigned char*, unsigned char)
<LI><a href="#[e1]">&gt;&gt;</a>&nbsp;&nbsp;&nbsp;FTC_NRF::Write_Buf(unsigned char, unsigned char*, unsigned char)
<LI><a href="#[dd]">&gt;&gt;</a>&nbsp;&nbsp;&nbsp;FTC_NRF::Write_Reg(unsigned char, unsigned char)
</UL>

<P><STRONG><a name="[de]"></a>FTC_SPI2::CSN_L()</STRONG> (Thumb, 16 bytes, Stack size 8 bytes, ftc_drv_spi2.o(.text))
<BR><BR>[Stack]<UL><LI>Max Depth = 8<LI>Call Chain = FTC_SPI2::CSN_L()
</UL>
<BR>[Calls]<UL><LI><a href="#[d0]">&gt;&gt;</a>&nbsp;&nbsp;&nbsp;GPIO_ResetBits
</UL>
<BR>[Called By]<UL><LI><a href="#[e5]">&gt;&gt;</a>&nbsp;&nbsp;&nbsp;FTC_NRF::Read_Reg(unsigned char)
<LI><a href="#[e4]">&gt;&gt;</a>&nbsp;&nbsp;&nbsp;FTC_NRF::Read_Buf(unsigned char, unsigned char*, unsigned char)
<LI><a href="#[e1]">&gt;&gt;</a>&nbsp;&nbsp;&nbsp;FTC_NRF::Write_Buf(unsigned char, unsigned char*, unsigned char)
<LI><a href="#[dd]">&gt;&gt;</a>&nbsp;&nbsp;&nbsp;FTC_NRF::Write_Reg(unsigned char, unsigned char)
</UL>

<P><STRONG><a name="[a3]"></a>Uart1_Init(unsigned)</STRONG> (Thumb, 198 bytes, Stack size 40 bytes, ftc_drv_usart1.o(.text))
<BR><BR>[Stack]<UL><LI>Max Depth = 108<LI>Call Chain = Uart1_Init(unsigned) &rArr; USART_Init &rArr; RCC_GetClocksFreq
</UL>
<BR>[Calls]<UL><LI><a href="#[ee]">&gt;&gt;</a>&nbsp;&nbsp;&nbsp;USART_Init
<LI><a href="#[f0]">&gt;&gt;</a>&nbsp;&nbsp;&nbsp;USART_ITConfig
<LI><a href="#[f1]">&gt;&gt;</a>&nbsp;&nbsp;&nbsp;USART_Cmd
<LI><a href="#[ef]">&gt;&gt;</a>&nbsp;&nbsp;&nbsp;USART_ClockInit
<LI><a href="#[ed]">&gt;&gt;</a>&nbsp;&nbsp;&nbsp;NVIC_Init
<LI><a href="#[ad]">&gt;&gt;</a>&nbsp;&nbsp;&nbsp;RCC_APB2PeriphClockCmd
<LI><a href="#[ae]">&gt;&gt;</a>&nbsp;&nbsp;&nbsp;GPIO_Init
</UL>
<BR>[Called By]<UL><LI><a href="#[52]">&gt;&gt;</a>&nbsp;&nbsp;&nbsp;FTC_Remoter_board_Init()
</UL>

<P><STRONG><a name="[f7]"></a>Uart1_IRQ()</STRONG> (Thumb, 326 bytes, Stack size 0 bytes, ftc_drv_usart1.o(.text))
<BR><BR>[Called By]<UL><LI><a href="#[33]">&gt;&gt;</a>&nbsp;&nbsp;&nbsp;USART1_IRQHandler
</UL>

<P><STRONG><a name="[f2]"></a>Uart1_Put_Char(unsigned char)</STRONG> (Thumb, 48 bytes, Stack size 8 bytes, ftc_drv_usart1.o(.text), UNUSED)
<BR><BR>[Calls]<UL><LI><a href="#[f0]">&gt;&gt;</a>&nbsp;&nbsp;&nbsp;USART_ITConfig
</UL>
<BR>[Called By]<UL><LI><a href="#[f5]">&gt;&gt;</a>&nbsp;&nbsp;&nbsp;Uart1_Put_String(unsigned char*)
</UL>

<P><STRONG><a name="[f3]"></a>Uart1_Put_Int16(unsigned short)</STRONG> (Thumb, 86 bytes, Stack size 16 bytes, ftc_drv_usart1.o(.text), UNUSED)
<BR><BR>[Calls]<UL><LI><a href="#[f0]">&gt;&gt;</a>&nbsp;&nbsp;&nbsp;USART_ITConfig
</UL>

<P><STRONG><a name="[f4]"></a>Uart1_Put_Float(float)</STRONG> (Thumb, 144 bytes, Stack size 16 bytes, ftc_drv_usart1.o(.text), UNUSED)
<BR><BR>[Calls]<UL><LI><a href="#[f0]">&gt;&gt;</a>&nbsp;&nbsp;&nbsp;USART_ITConfig
</UL>

<P><STRONG><a name="[f5]"></a>Uart1_Put_String(unsigned char*)</STRONG> (Thumb, 46 bytes, Stack size 8 bytes, ftc_drv_usart1.o(.text), UNUSED)
<BR><BR>[Calls]<UL><LI><a href="#[f2]">&gt;&gt;</a>&nbsp;&nbsp;&nbsp;Uart1_Put_Char(unsigned char)
</UL>

<P><STRONG><a name="[e6]"></a>Usart1_Send_Buf(unsigned char*, unsigned char)</STRONG> (Thumb, 62 bytes, Stack size 16 bytes, ftc_drv_usart1.o(.text))
<BR><BR>[Stack]<UL><LI>Max Depth = 36<LI>Call Chain = Usart1_Send_Buf(unsigned char*, unsigned char) &rArr; USART_ITConfig
</UL>
<BR>[Calls]<UL><LI><a href="#[f0]">&gt;&gt;</a>&nbsp;&nbsp;&nbsp;USART_ITConfig
</UL>
<BR>[Called By]<UL><LI><a href="#[5c]">&gt;&gt;</a>&nbsp;&nbsp;&nbsp;FTC_NRF::Check_Event()
</UL>

<P><STRONG><a name="[5]"></a>NMI_Handler</STRONG> (Thumb, 2 bytes, Stack size 0 bytes, stm32f10x_it.o(.text))
<BR>[Address Reference Count : 1]<UL><LI> startup_stm32f10x_md.o(RESET)
</UL>
<P><STRONG><a name="[7]"></a>MemManage_Handler</STRONG> (Thumb, 4 bytes, Stack size 0 bytes, stm32f10x_it.o(.text))
<BR>[Address Reference Count : 1]<UL><LI> startup_stm32f10x_md.o(RESET)
</UL>
<P><STRONG><a name="[8]"></a>BusFault_Handler</STRONG> (Thumb, 4 bytes, Stack size 0 bytes, stm32f10x_it.o(.text))
<BR>[Address Reference Count : 1]<UL><LI> startup_stm32f10x_md.o(RESET)
</UL>
<P><STRONG><a name="[9]"></a>UsageFault_Handler</STRONG> (Thumb, 4 bytes, Stack size 0 bytes, stm32f10x_it.o(.text))
<BR>[Address Reference Count : 1]<UL><LI> startup_stm32f10x_md.o(RESET)
</UL>
<P><STRONG><a name="[a]"></a>SVC_Handler</STRONG> (Thumb, 2 bytes, Stack size 0 bytes, stm32f10x_it.o(.text))
<BR>[Address Reference Count : 1]<UL><LI> startup_stm32f10x_md.o(RESET)
</UL>
<P><STRONG><a name="[b]"></a>DebugMon_Handler</STRONG> (Thumb, 2 bytes, Stack size 0 bytes, stm32f10x_it.o(.text))
<BR>[Address Reference Count : 1]<UL><LI> startup_stm32f10x_md.o(RESET)
</UL>
<P><STRONG><a name="[d]"></a>SysTick_Handler</STRONG> (Thumb, 8 bytes, Stack size 8 bytes, stm32f10x_it.o(.text))
<BR><BR>[Stack]<UL><LI>Max Depth = 8<LI>Call Chain = SysTick_Handler
</UL>
<BR>[Calls]<UL><LI><a href="#[f6]">&gt;&gt;</a>&nbsp;&nbsp;&nbsp;SysTick_IRQ()
</UL>
<BR>[Address Reference Count : 1]<UL><LI> startup_stm32f10x_md.o(RESET)
</UL>
<P><STRONG><a name="[33]"></a>USART1_IRQHandler</STRONG> (Thumb, 8 bytes, Stack size 8 bytes, stm32f10x_it.o(.text))
<BR><BR>[Stack]<UL><LI>Max Depth = 8<LI>Call Chain = USART1_IRQHandler
</UL>
<BR>[Calls]<UL><LI><a href="#[f7]">&gt;&gt;</a>&nbsp;&nbsp;&nbsp;Uart1_IRQ()
</UL>
<BR>[Address Reference Count : 1]<UL><LI> startup_stm32f10x_md.o(RESET)
</UL>
<P><STRONG><a name="[a1]"></a>NVIC_PriorityGroupConfig</STRONG> (Thumb, 10 bytes, Stack size 0 bytes, misc.o(.text))
<BR><BR>[Called By]<UL><LI><a href="#[52]">&gt;&gt;</a>&nbsp;&nbsp;&nbsp;FTC_Remoter_board_Init()
</UL>

<P><STRONG><a name="[ed]"></a>NVIC_Init</STRONG> (Thumb, 100 bytes, Stack size 16 bytes, misc.o(.text))
<BR><BR>[Stack]<UL><LI>Max Depth = 16<LI>Call Chain = NVIC_Init
</UL>
<BR>[Called By]<UL><LI><a href="#[a3]">&gt;&gt;</a>&nbsp;&nbsp;&nbsp;Uart1_Init(unsigned)
</UL>

<P><STRONG><a name="[163]"></a>NVIC_SetVectorTable</STRONG> (Thumb, 14 bytes, Stack size 0 bytes, misc.o(.text), UNUSED)

<P><STRONG><a name="[164]"></a>NVIC_SystemLPConfig</STRONG> (Thumb, 34 bytes, Stack size 0 bytes, misc.o(.text), UNUSED)

<P><STRONG><a name="[165]"></a>SysTick_CLKSourceConfig</STRONG> (Thumb, 40 bytes, Stack size 0 bytes, misc.o(.text), UNUSED)

<P><STRONG><a name="[f8]"></a>ADC_DeInit</STRONG> (Thumb, 78 bytes, Stack size 8 bytes, stm32f10x_adc.o(.text), UNUSED)
<BR><BR>[Calls]<UL><LI><a href="#[f9]">&gt;&gt;</a>&nbsp;&nbsp;&nbsp;RCC_APB2PeriphResetCmd
</UL>

<P><STRONG><a name="[b3]"></a>ADC_Init</STRONG> (Thumb, 70 bytes, Stack size 12 bytes, stm32f10x_adc.o(.text))
<BR><BR>[Stack]<UL><LI>Max Depth = 12<LI>Call Chain = ADC_Init
</UL>
<BR>[Called By]<UL><LI><a href="#[af]">&gt;&gt;</a>&nbsp;&nbsp;&nbsp;ADC1_Mode_Config()
</UL>

<P><STRONG><a name="[166]"></a>ADC_StructInit</STRONG> (Thumb, 18 bytes, Stack size 0 bytes, stm32f10x_adc.o(.text), UNUSED)

<P><STRONG><a name="[b7]"></a>ADC_Cmd</STRONG> (Thumb, 22 bytes, Stack size 0 bytes, stm32f10x_adc.o(.text))
<BR><BR>[Called By]<UL><LI><a href="#[af]">&gt;&gt;</a>&nbsp;&nbsp;&nbsp;ADC1_Mode_Config()
</UL>

<P><STRONG><a name="[b6]"></a>ADC_DMACmd</STRONG> (Thumb, 22 bytes, Stack size 0 bytes, stm32f10x_adc.o(.text))
<BR><BR>[Called By]<UL><LI><a href="#[af]">&gt;&gt;</a>&nbsp;&nbsp;&nbsp;ADC1_Mode_Config()
</UL>

<P><STRONG><a name="[167]"></a>ADC_ITConfig</STRONG> (Thumb, 24 bytes, Stack size 8 bytes, stm32f10x_adc.o(.text), UNUSED)

<P><STRONG><a name="[b8]"></a>ADC_ResetCalibration</STRONG> (Thumb, 10 bytes, Stack size 0 bytes, stm32f10x_adc.o(.text))
<BR><BR>[Called By]<UL><LI><a href="#[af]">&gt;&gt;</a>&nbsp;&nbsp;&nbsp;ADC1_Mode_Config()
</UL>

<P><STRONG><a name="[b9]"></a>ADC_GetResetCalibrationStatus</STRONG> (Thumb, 20 bytes, Stack size 0 bytes, stm32f10x_adc.o(.text))
<BR><BR>[Called By]<UL><LI><a href="#[af]">&gt;&gt;</a>&nbsp;&nbsp;&nbsp;ADC1_Mode_Config()
</UL>

<P><STRONG><a name="[ba]"></a>ADC_StartCalibration</STRONG> (Thumb, 10 bytes, Stack size 0 bytes, stm32f10x_adc.o(.text))
<BR><BR>[Called By]<UL><LI><a href="#[af]">&gt;&gt;</a>&nbsp;&nbsp;&nbsp;ADC1_Mode_Config()
</UL>

<P><STRONG><a name="[bb]"></a>ADC_GetCalibrationStatus</STRONG> (Thumb, 20 bytes, Stack size 0 bytes, stm32f10x_adc.o(.text))
[...]
<LI><a href="#[98]">&gt;&gt;</a>&nbsp;&nbsp;&nbsp;asinf
</UL>

<P><STRONG><a name="[12c]"></a>_fdiv</STRONG> (Thumb, 384 bytes, Stack size 16 bytes, fdiv.o(x$fpl$fdiv), UNUSED)
<BR><BR>[Calls]<UL><LI><a href="#[11d]">&gt;&gt;</a>&nbsp;&nbsp;&nbsp;__fpl_fretinf
<LI><a href="#[127]">&gt;&gt;</a>&nbsp;&nbsp;&nbsp;__fpl_fnaninf
</UL>

<P><STRONG><a name="[8b]"></a>__aeabi_f2iz</STRONG> (Thumb, 0 bytes, Stack size 16 bytes, ffix.o(x$fpl$ffix))
<BR><BR>[Stack]<UL><LI>Max Depth = 16<LI>Call Chain = __aeabi_f2iz
</UL>
<BR>[Called By]<UL><LI><a href="#[86]">&gt;&gt;</a>&nbsp;&nbsp;&nbsp;FTC_RC::DataCalculate()
<LI><a href="#[dc]">&gt;&gt;</a>&nbsp;&nbsp;&nbsp;FTC_MPU6050::CalOffset_Gyro()
<LI><a href="#[d6]">&gt;&gt;</a>&nbsp;&nbsp;&nbsp;FTC_MPU6050::CalOffset_Acc()
</UL>

<P><STRONG><a name="[12d]"></a>_ffix</STRONG> (Thumb, 54 bytes, Stack size 16 bytes, ffix.o(x$fpl$ffix), UNUSED)
<BR><BR>[Calls]<UL><LI><a href="#[127]">&gt;&gt;</a>&nbsp;&nbsp;&nbsp;__fpl_fnaninf
</UL>

<P><STRONG><a name="[88]"></a>__aeabi_f2uiz</STRONG> (Thumb, 0 bytes, Stack size 16 bytes, ffixu.o(x$fpl$ffixu))
<BR><BR>[Stack]<UL><LI>Max Depth = 16<LI>Call Chain = __aeabi_f2uiz
</UL>
<BR>[Called By]<UL><LI><a href="#[86]">&gt;&gt;</a>&nbsp;&nbsp;&nbsp;FTC_RC::DataCalculate()
</UL>

<P><STRONG><a name="[12e]"></a>_ffixu</STRONG> (Thumb, 62 bytes, Stack size 16 bytes, ffixu.o(x$fpl$ffixu), UNUSED)
<BR><BR>[Calls]<UL><LI><a href="#[127]">&gt;&gt;</a>&nbsp;&nbsp;&nbsp;__fpl_fnaninf
</UL>

<P><STRONG><a name="[db]"></a>__aeabi_i2f</STRONG> (Thumb, 0 bytes, Stack size 0 bytes, fflt_clz.o(x$fpl$fflt))
<BR><BR>[Called By]<UL><LI><a href="#[74]">&gt;&gt;</a>&nbsp;&nbsp;&nbsp;FTC_MPU6050::Read_Gyro_Data()
<LI><a href="#[73]">&gt;&gt;</a>&nbsp;&nbsp;&nbsp;FTC_MPU6050::Read_Acc_Data()
</UL>

<P><STRONG><a name="[1f1]"></a>_fflt</STRONG> (Thumb, 48 bytes, Stack size 0 bytes, fflt_clz.o(x$fpl$fflt), UNUSED)

<P><STRONG><a name="[81]"></a>__aeabi_ui2f</STRONG> (Thumb, 0 bytes, Stack size 0 bytes, fflt_clz.o(x$fpl$ffltu))
<BR><BR>[Called By]<UL><LI><a href="#[80]">&gt;&gt;</a>&nbsp;&nbsp;&nbsp;FTC_RC::DataGet()
<LI><a href="#[dc]">&gt;&gt;</a>&nbsp;&nbsp;&nbsp;FTC_MPU6050::CalOffset_Gyro()
<LI><a href="#[d6]">&gt;&gt;</a>&nbsp;&nbsp;&nbsp;FTC_MPU6050::CalOffset_Acc()
</UL>

<P><STRONG><a name="[1f2]"></a>_ffltu</STRONG> (Thumb, 38 bytes, Stack size 0 bytes, fflt_clz.o(x$fpl$ffltu), UNUSED)

<P><STRONG><a name="[97]"></a>__aeabi_cfcmple</STRONG> (Thumb, 0 bytes, Stack size 16 bytes, fleqf.o(x$fpl$fleqf), UNUSED)
<BR><BR>[Called By]<UL><LI><a href="#[99]">&gt;&gt;</a>&nbsp;&nbsp;&nbsp;constrain_float(float, float, float)
<LI><a href="#[94]">&gt;&gt;</a>&nbsp;&nbsp;&nbsp;safe_asin(float)
</UL>

<P><STRONG><a name="[12f]"></a>_fcmple</STRONG> (Thumb, 104 bytes, Stack size 16 bytes, fleqf.o(x$fpl$fleqf), UNUSED)
<BR><BR>[Calls]<UL><LI><a href="#[127]">&gt;&gt;</a>&nbsp;&nbsp;&nbsp;__fpl_fnaninf
<LI><a href="#[130]">&gt;&gt;</a>&nbsp;&nbsp;&nbsp;__fpl_fcmp_Inf
</UL>

<P><STRONG><a name="[133]"></a>__fpl_fcmple_InfNaN</STRONG> (Thumb, 0 bytes, Stack size unknown bytes, fleqf.o(x$fpl$fleqf), UNUSED)
<BR><BR>[Called By]<UL><LI><a href="#[132]">&gt;&gt;</a>&nbsp;&nbsp;&nbsp;_frcmple
</UL>

<P><STRONG><a name="[62]"></a>__aeabi_fmul</STRONG> (Thumb, 0 bytes, Stack size 16 bytes, fmul.o(x$fpl$fmul))
<BR><BR>[Stack]<UL><LI>Max Depth = 16<LI>Call Chain = __aeabi_fmul
</UL>
<BR>[Called By]<UL><LI><a href="#[9c]">&gt;&gt;</a>&nbsp;&nbsp;&nbsp;sq(float)
<LI><a href="#[9b]">&gt;&gt;</a>&nbsp;&nbsp;&nbsp;degrees(float)
<LI><a href="#[9a]">&gt;&gt;</a>&nbsp;&nbsp;&nbsp;radians(float)
<LI><a href="#[99]">&gt;&gt;</a>&nbsp;&nbsp;&nbsp;constrain_float(float, float, float)
<LI><a href="#[86]">&gt;&gt;</a>&nbsp;&nbsp;&nbsp;FTC_RC::DataCalculate()
<LI><a href="#[75]">&gt;&gt;</a>&nbsp;&nbsp;&nbsp;FTC_MPU6050::Get_Gyro_in_dps()
<LI><a href="#[67]">&gt;&gt;</a>&nbsp;&nbsp;&nbsp;Vector3&lang;float&rang;::operator *(float) const
<LI><a href="#[61]">&gt;&gt;</a>&nbsp;&nbsp;&nbsp;FTC_Filter::LPF_1st_Factor_Cal(float, float)
<LI><a href="#[98]">&gt;&gt;</a>&nbsp;&nbsp;&nbsp;asinf
</UL>

<P><STRONG><a name="[131]"></a>_fmul</STRONG> (Thumb, 258 bytes, Stack size 16 bytes, fmul.o(x$fpl$fmul), UNUSED)
<BR><BR>[Calls]<UL><LI><a href="#[11d]">&gt;&gt;</a>&nbsp;&nbsp;&nbsp;__fpl_fretinf
<LI><a href="#[127]">&gt;&gt;</a>&nbsp;&nbsp;&nbsp;__fpl_fnaninf
</UL>

<P><STRONG><a name="[127]"></a>__fpl_fnaninf</STRONG> (Thumb, 140 bytes, Stack size 8 bytes, fnaninf.o(x$fpl$fnaninf), UNUSED)
<BR><BR>[Called By]<UL><LI><a href="#[11a]">&gt;&gt;</a>&nbsp;&nbsp;&nbsp;_fsqrt
<LI><a href="#[131]">&gt;&gt;</a>&nbsp;&nbsp;&nbsp;_fmul
<LI><a href="#[12f]">&gt;&gt;</a>&nbsp;&nbsp;&nbsp;_fcmple
<LI><a href="#[12e]">&gt;&gt;</a>&nbsp;&nbsp;&nbsp;_ffixu
<LI><a href="#[12d]">&gt;&gt;</a>&nbsp;&nbsp;&nbsp;_ffix
<LI><a href="#[12c]">&gt;&gt;</a>&nbsp;&nbsp;&nbsp;_fdiv
<LI><a href="#[136]">&gt;&gt;</a>&nbsp;&nbsp;&nbsp;_fsub
<LI><a href="#[128]">&gt;&gt;</a>&nbsp;&nbsp;&nbsp;_fadd
<LI><a href="#[126]">&gt;&gt;</a>&nbsp;&nbsp;&nbsp;_f2d
</UL>

<P><STRONG><a name="[11d]"></a>__fpl_fretinf</STRONG> (Thumb, 10 bytes, Stack size 0 bytes, fretinf.o(x$fpl$fretinf), UNUSED)
<BR><BR>[Called By]<UL><LI><a href="#[131]">&gt;&gt;</a>&nbsp;&nbsp;&nbsp;_fmul
<LI><a href="#[12c]">&gt;&gt;</a>&nbsp;&nbsp;&nbsp;_fdiv
<LI><a href="#[128]">&gt;&gt;</a>&nbsp;&nbsp;&nbsp;_fadd
<LI><a href="#[11c]">&gt;&gt;</a>&nbsp;&nbsp;&nbsp;_d2f
</UL>

<P><STRONG><a name="[96]"></a>__aeabi_cfrcmple</STRONG> (Thumb, 0 bytes, Stack size 0 bytes, frleqf.o(x$fpl$frleqf), UNUSED)
<BR><BR>[Called By]<UL><LI><a href="#[99]">&gt;&gt;</a>&nbsp;&nbsp;&nbsp;constrain_float(float, float, float)
<LI><a href="#[94]">&gt;&gt;</a>&nbsp;&nbsp;&nbsp;safe_asin(float)
</UL>

<P><STRONG><a name="[132]"></a>_frcmple</STRONG> (Thumb, 98 bytes, Stack size 0 bytes, frleqf.o(x$fpl$frleqf), UNUSED)
<BR><BR>[Calls]<UL><LI><a href="#[133]">&gt;&gt;</a>&nbsp;&nbsp;&nbsp;__fpl_fcmple_InfNaN
</UL>

<P><STRONG><a name="[87]"></a>__aeabi_frsub</STRONG> (Thumb, 0 bytes, Stack size 0 bytes, faddsub_clz.o(x$fpl$frsb))
<BR><BR>[Called By]<UL><LI><a href="#[86]">&gt;&gt;</a>&nbsp;&nbsp;&nbsp;FTC_RC::DataCalculate()
<LI><a href="#[98]">&gt;&gt;</a>&nbsp;&nbsp;&nbsp;asinf
</UL>

<P><STRONG><a name="[134]"></a>_frsb</STRONG> (Thumb, 20 bytes, Stack size 0 bytes, faddsub_clz.o(x$fpl$frsb), UNUSED)
<BR><BR>[Calls]<UL><LI><a href="#[129]">&gt;&gt;</a>&nbsp;&nbsp;&nbsp;_fsub1
<LI><a href="#[135]">&gt;&gt;</a>&nbsp;&nbsp;&nbsp;_fadd1
</UL>

<P><STRONG><a name="[11a]"></a>_fsqrt</STRONG> (Thumb, 272 bytes, Stack size 24 bytes, fsqrt.o(x$fpl$fsqrt), UNUSED)
<BR><BR>[Calls]<UL><LI><a href="#[127]">&gt;&gt;</a>&nbsp;&nbsp;&nbsp;__fpl_fnaninf
</UL>
<BR>[Called By]<UL><LI><a href="#[9e]">&gt;&gt;</a>&nbsp;&nbsp;&nbsp;sqrtf
</UL>

<P><STRONG><a name="[68]"></a>__aeabi_fsub</STRONG> (Thumb, 0 bytes, Stack size 16 bytes, faddsub_clz.o(x$fpl$fsub))
<BR><BR>[Stack]<UL><LI>Max Depth = 16<LI>Call Chain = __aeabi_fsub
</UL>
<BR>[Called By]<UL><LI><a href="#[6b]">&gt;&gt;</a>&nbsp;&nbsp;&nbsp;Vector3&lang;float&rang;::operator -(const Vector3&lang;float&rang;&) const
<LI><a href="#[6c]">&gt;&gt;</a>&nbsp;&nbsp;&nbsp;FTC_Filter::CF_1st(Vector3&lang;float&rang;, Vector3&lang;float&rang;, float)
<LI><a href="#[66]">&gt;&gt;</a>&nbsp;&nbsp;&nbsp;FTC_Filter::LPF_1st(Vector3&lang;float&rang;, Vector3&lang;float&rang;, float)
<LI><a href="#[d6]">&gt;&gt;</a>&nbsp;&nbsp;&nbsp;FTC_MPU6050::CalOffset_Acc()
</UL>

<P><STRONG><a name="[136]"></a>_fsub</STRONG> (Thumb, 234 bytes, Stack size 16 bytes, faddsub_clz.o(x$fpl$fsub), UNUSED)
<BR><BR>[Calls]<UL><LI><a href="#[127]">&gt;&gt;</a>&nbsp;&nbsp;&nbsp;__fpl_fnaninf
<LI><a href="#[135]">&gt;&gt;</a>&nbsp;&nbsp;&nbsp;_fadd1
</UL>

<P><STRONG><a name="[12b]"></a>__fpl_return_NaN</STRONG> (Thumb, 100 bytes, Stack size 0 bytes, retnan.o(x$fpl$retnan), UNUSED)
<BR><BR>[Calls]<UL><LI><a href="#[137]">&gt;&gt;</a>&nbsp;&nbsp;&nbsp;__fpl_cmpreturn
</UL>
<BR>[Called By]<UL><LI><a href="#[12a]">&gt;&gt;</a>&nbsp;&nbsp;&nbsp;__fpl_fcheck_NaN1
</UL>

<P><STRONG><a name="[118]"></a>__ARM_scalbnf</STRONG> (Thumb, 76 bytes, Stack size 0 bytes, scalbnf.o(x$fpl$scalbnf), UNUSED)
<BR><BR>[Calls]<UL><LI><a href="#[12a]">&gt;&gt;</a>&nbsp;&nbsp;&nbsp;__fpl_fcheck_NaN1
</UL>
<BR>[Called By]<UL><LI><a href="#[117]">&gt;&gt;</a>&nbsp;&nbsp;&nbsp;__mathlib_flt_underflow
<LI><a href="#[98]">&gt;&gt;</a>&nbsp;&nbsp;&nbsp;asinf
</UL>

<P><STRONG><a name="[137]"></a>__fpl_cmpreturn</STRONG> (Thumb, 48 bytes, Stack size 0 bytes, trapv.o(x$fpl$trapveneer), UNUSED)
<BR><BR>[Called By]<UL><LI><a href="#[12b]">&gt;&gt;</a>&nbsp;&nbsp;&nbsp;__fpl_return_NaN
</UL>
<P>
<H3>
Local Symbols
</H3>
<P><STRONG><a name="[3b]"></a>__sti___14_FTC_Config_cpp_ftc</STRONG> (Thumb, 10 bytes, Stack size 4 bytes, ftc_config.o(.text))
<BR><BR>[Stack]<UL><LI>Max Depth = 4<LI>Call Chain = __sti___14_FTC_Config_cpp_ftc
</UL>
<BR>[Calls]<UL><LI><a href="#[59]">&gt;&gt;</a>&nbsp;&nbsp;&nbsp;FTC_Config::FTC_Config()
</UL>
<BR>[Address Reference Count : 1]<UL><LI> ftc_config.o(.init_array)
</UL>
<P><STRONG><a name="[3c]"></a>__sti___11_FTC_IMU_cpp_imu</STRONG> (Thumb, 10 bytes, Stack size 8 bytes, ftc_imu.o(.text))
<BR><BR>[Stack]<UL><LI>Max Depth = 16<LI>Call Chain = __sti___11_FTC_IMU_cpp_imu &rArr; FTC_IMU::FTC_IMU()
</UL>
<BR>[Calls]<UL><LI><a href="#[6d]">&gt;&gt;</a>&nbsp;&nbsp;&nbsp;FTC_IMU::FTC_IMU()
</UL>
<BR>[Address Reference Count : 1]<UL><LI> ftc_imu.o(.init_array)
</UL>
<P><STRONG><a name="[3d]"></a>__sti___10_FTC_RC_cpp_rc</STRONG> (Thumb, 10 bytes, Stack size 4 bytes, ftc_rc.o(.text))
<BR><BR>[Stack]<UL><LI>Max Depth = 8<LI>Call Chain = __sti___10_FTC_RC_cpp_rc &rArr; FTC_RC::FTC_RC()
</UL>
<BR>[Calls]<UL><LI><a href="#[7e]">&gt;&gt;</a>&nbsp;&nbsp;&nbsp;FTC_RC::FTC_RC()
</UL>
<BR>[Address Reference Count : 1]<UL><LI> ftc_rc.o(.init_array)
</UL>
<P><STRONG><a name="[8e]"></a>FTC_Loop_1000Hz()</STRONG> (Thumb, 10 bytes, Stack size 8 bytes, ftc_scheduler.o(.text))
<BR><BR>[Stack]<UL><LI>Max Depth = 88<LI>Call Chain = FTC_Loop_1000Hz() &rArr; FTC_RC::DataGet() &rArr; __aeabi_dmul
</UL>
<BR>[Calls]<UL><LI><a href="#[80]">&gt;&gt;</a>&nbsp;&nbsp;&nbsp;FTC_RC::DataGet()
</UL>
<BR>[Called By]<UL><LI><a href="#[55]">&gt;&gt;</a>&nbsp;&nbsp;&nbsp;FTC_Loop()
</UL>

<P><STRONG><a name="[8f]"></a>FTC_Loop_500Hz()</STRONG> (Thumb, 16 bytes, Stack size 8 bytes, ftc_scheduler.o(.text))
<BR><BR>[Stack]<UL><LI>Max Depth = 184<LI>Call Chain = FTC_Loop_500Hz() &rArr; FTC_IMU::getAttitude() &rArr; FTC_Filter::LPF_1st(Vector3&lang;float&rang;, Vector3&lang;float&rang;, float) &rArr; Vector3&lang;float&rang;::operator +(const Vector3&lang;float&rang;&) const &rArr; __aeabi_fadd
</UL>
<BR>[Calls]<UL><LI><a href="#[77]">&gt;&gt;</a>&nbsp;&nbsp;&nbsp;FTC_IMU::getAttitude()
<LI><a href="#[72]">&gt;&gt;</a>&nbsp;&nbsp;&nbsp;FTC_IMU::updateSensor()
</UL>
<BR>[Called By]<UL><LI><a href="#[55]">&gt;&gt;</a>&nbsp;&nbsp;&nbsp;FTC_Loop()
</UL>

<P><STRONG><a name="[90]"></a>FTC_Loop_200Hz()</STRONG> (Thumb, 10 bytes, Stack size 8 bytes, ftc_scheduler.o(.text))
<BR><BR>[Stack]<UL><LI>Max Depth = 88<LI>Call Chain = FTC_Loop_200Hz() &rArr; FTC_RC::DataCalculate() &rArr; __aeabi_dmul
</UL>
<BR>[Calls]<UL><LI><a href="#[86]">&gt;&gt;</a>&nbsp;&nbsp;&nbsp;FTC_RC::DataCalculate()
</UL>
<BR>[Called By]<UL><LI><a href="#[55]">&gt;&gt;</a>&nbsp;&nbsp;&nbsp;FTC_Loop()
</UL>

<P><STRONG><a name="[91]"></a>FTC_Loop_100Hz()</STRONG> (Thumb, 16 bytes, Stack size 8 bytes, ftc_scheduler.o(.text))
<BR><BR>[Stack]<UL><LI>Max Depth = 124<LI>Call Chain = FTC_Loop_100Hz() &rArr; FTC_RC::KeyCheck() &rArr; FTC_Param::SAVE_RC_OFFSET() &rArr; EE_WriteVariable(unsigned short, unsigned short) &rArr; EE_PageTransfer(unsigned short, unsigned short) &rArr; EE_VerifyPageFullWriteVariable(unsigned short, unsigned short) &rArr; FLASH_ProgramHalfWord &rArr; FLASH_WaitForLastOperation
</UL>
<BR>[Calls]<UL><LI><a href="#[8d]">&gt;&gt;</a>&nbsp;&nbsp;&nbsp;FTC_RC::KeyCheck()
<LI><a href="#[56]">&gt;&gt;</a>&nbsp;&nbsp;&nbsp;FTC_Config::Pilot_Light()
</UL>
<BR>[Called By]<UL><LI><a href="#[55]">&gt;&gt;</a>&nbsp;&nbsp;&nbsp;FTC_Loop()
</UL>

<P><STRONG><a name="[92]"></a>FTC_Loop_30Hz()</STRONG> (Thumb, 10 bytes, Stack size 8 bytes, ftc_scheduler.o(.text))
<BR><BR>[Stack]<UL><LI>Max Depth = 112<LI>Call Chain = FTC_Loop_30Hz() &rArr; FTC_DT::Data_Exchange() &rArr; FTC_DT::Send_RCData() &rArr; FTC_DT::Send_Data(unsigned char*, unsigned char) &rArr; FTC_NRF::TxPacket(unsigned char*, unsigned char) &rArr; FTC_NRF::Write_Buf(unsigned char, unsigned char*, unsigned char) &rArr; FTC_SPI2::RW(unsigned char)
</UL>
<BR>[Calls]<UL><LI><a href="#[60]">&gt;&gt;</a>&nbsp;&nbsp;&nbsp;FTC_DT::Data_Exchange()
</UL>
<BR>[Called By]<UL><LI><a href="#[55]">&gt;&gt;</a>&nbsp;&nbsp;&nbsp;FTC_Loop()
</UL>

<P><STRONG><a name="[3e]"></a>__sti___17_FTC_Scheduler_cpp_463cec18</STRONG> (Thumb, 10 bytes, Stack size 4 bytes, ftc_scheduler.o(.text))
<BR><BR>[Stack]<UL><LI>Max Depth = 4<LI>Call Chain = __sti___17_FTC_Scheduler_cpp_463cec18
</UL>
<BR>[Calls]<UL><LI><a href="#[93]">&gt;&gt;</a>&nbsp;&nbsp;&nbsp;FTC_Scheduler::FTC_Scheduler()
</UL>
<BR>[Address Reference Count : 1]<UL><LI> ftc_scheduler.o(.init_array)
</UL>
<P><STRONG><a name="[ab]"></a>ADC1_GPIO_Config()</STRONG> (Thumb, 56 bytes, Stack size 8 bytes, ftc_drv_adc.o(.text))
<BR><BR>[Stack]<UL><LI>Max Depth = 32<LI>Call Chain = ADC1_GPIO_Config() &rArr; GPIO_Init
</UL>
<BR>[Calls]<UL><LI><a href="#[ad]">&gt;&gt;</a>&nbsp;&nbsp;&nbsp;RCC_APB2PeriphClockCmd
<LI><a href="#[ac]">&gt;&gt;</a>&nbsp;&nbsp;&nbsp;RCC_AHBPeriphClockCmd
<LI><a href="#[ae]">&gt;&gt;</a>&nbsp;&nbsp;&nbsp;GPIO_Init
</UL>
<BR>[Called By]<UL><LI><a href="#[a7]">&gt;&gt;</a>&nbsp;&nbsp;&nbsp;ADC1_Init()
</UL>

<P><STRONG><a name="[af]"></a>ADC1_Mode_Config()</STRONG> (Thumb, 294 bytes, Stack size 72 bytes, ftc_drv_adc.o(.text))
<BR><BR>[Stack]<UL><LI>Max Depth = 92<LI>Call Chain = ADC1_Mode_Config() &rArr; ADC_RegularChannelConfig
</UL>
<BR>[Calls]<UL><LI><a href="#[b4]">&gt;&gt;</a>&nbsp;&nbsp;&nbsp;RCC_ADCCLKConfig
<LI><a href="#[b1]">&gt;&gt;</a>&nbsp;&nbsp;&nbsp;DMA_Init
<LI><a href="#[b0]">&gt;&gt;</a>&nbsp;&nbsp;&nbsp;DMA_DeInit
<LI><a href="#[b2]">&gt;&gt;</a>&nbsp;&nbsp;&nbsp;DMA_Cmd
<LI><a href="#[ba]">&gt;&gt;</a>&nbsp;&nbsp;&nbsp;ADC_StartCalibration
<LI><a href="#[bc]">&gt;&gt;</a>&nbsp;&nbsp;&nbsp;ADC_SoftwareStartConvCmd
<LI><a href="#[b8]">&gt;&gt;</a>&nbsp;&nbsp;&nbsp;ADC_ResetCalibration
<LI><a href="#[b5]">&gt;&gt;</a>&nbsp;&nbsp;&nbsp;ADC_RegularChannelConfig
<LI><a href="#[b3]">&gt;&gt;</a>&nbsp;&nbsp;&nbsp;ADC_Init
<LI><a href="#[b9]">&gt;&gt;</a>&nbsp;&nbsp;&nbsp;ADC_GetResetCalibrationStatus
<LI><a href="#[bb]">&gt;&gt;</a>&nbsp;&nbsp;&nbsp;ADC_GetCalibrationStatus
<LI><a href="#[b6]">&gt;&gt;</a>&nbsp;&nbsp;&nbsp;ADC_DMACmd
<LI><a href="#[b7]">&gt;&gt;</a>&nbsp;&nbsp;&nbsp;ADC_Cmd
</UL>
<BR>[Called By]<UL><LI><a href="#[a7]">&gt;&gt;</a>&nbsp;&nbsp;&nbsp;ADC1_Init()
</UL>

<P><STRONG><a name="[be]"></a>EE_FindValidPage(unsigned char)</STRONG> (Thumb, 80 bytes, Stack size 0 bytes, ftc_drv_eeprom.o(.text))
<BR><BR>[Called By]<UL><LI><a href="#[7a]">&gt;&gt;</a>&nbsp;&nbsp;&nbsp;EE_ReadVariable(unsigned short, unsigned short*)
<LI><a href="#[bd]">&gt;&gt;</a>&nbsp;&nbsp;&nbsp;InitCurrWrAddress()
<LI><a href="#[c4]">&gt;&gt;</a>&nbsp;&nbsp;&nbsp;EE_PageTransfer(unsigned short, unsigned short)
<LI><a href="#[c2]">&gt;&gt;</a>&nbsp;&nbsp;&nbsp;EE_VerifyPageFullWriteVariable(unsigned short, unsigned short)
</UL>

<P><STRONG><a name="[bf]"></a>EE_Format()</STRONG> (Thumb, 50 bytes, Stack size 8 bytes, ftc_drv_eeprom.o(.text))
<BR><BR>[Stack]<UL><LI>Max Depth = 28<LI>Call Chain = EE_Format() &rArr; FLASH_ProgramHalfWord &rArr; FLASH_WaitForLastOperation
</UL>
<BR>[Calls]<UL><LI><a href="#[c1]">&gt;&gt;</a>&nbsp;&nbsp;&nbsp;FLASH_ProgramHalfWord
<LI><a href="#[c0]">&gt;&gt;</a>&nbsp;&nbsp;&nbsp;FLASH_ErasePage
</UL>
<BR>[Called By]<UL><LI><a href="#[c3]">&gt;&gt;</a>&nbsp;&nbsp;&nbsp;__EE_Init()
</UL>

<P><STRONG><a name="[c2]"></a>EE_VerifyPageFullWriteVariable(unsigned short, unsigned short)</STRONG> (Thumb, 124 bytes, Stack size 24 bytes, ftc_drv_eeprom.o(.text))
<BR><BR>[Stack]<UL><LI>Max Depth = 44<LI>Call Chain = EE_VerifyPageFullWriteVariable(unsigned short, unsigned short) &rArr; FLASH_ProgramHalfWord &rArr; FLASH_WaitForLastOperation
</UL>
<BR>[Calls]<UL><LI><a href="#[c1]">&gt;&gt;</a>&nbsp;&nbsp;&nbsp;FLASH_ProgramHalfWord
<LI><a href="#[be]">&gt;&gt;</a>&nbsp;&nbsp;&nbsp;EE_FindValidPage(unsigned char)
</UL>
<BR>[Called By]<UL><LI><a href="#[7d]">&gt;&gt;</a>&nbsp;&nbsp;&nbsp;EE_WriteVariable(unsigned short, unsigned short)
<LI><a href="#[c3]">&gt;&gt;</a>&nbsp;&nbsp;&nbsp;__EE_Init()
<LI><a href="#[c4]">&gt;&gt;</a>&nbsp;&nbsp;&nbsp;EE_PageTransfer(unsigned short, unsigned short)
</UL>

<P><STRONG><a name="[c4]"></a>EE_PageTransfer(unsigned short, unsigned short)</STRONG> (Thumb, 250 bytes, Stack size 40 bytes, ftc_drv_eeprom.o(.text))
<BR><BR>[Stack]<UL><LI>Max Depth = 84<LI>Call Chain = EE_PageTransfer(unsigned short, unsigned short) &rArr; EE_VerifyPageFullWriteVariable(unsigned short, unsigned short) &rArr; FLASH_ProgramHalfWord &rArr; FLASH_WaitForLastOperation
</UL>
<BR>[Calls]<UL><LI><a href="#[7a]">&gt;&gt;</a>&nbsp;&nbsp;&nbsp;EE_ReadVariable(unsigned short, unsigned short*)
<LI><a href="#[c1]">&gt;&gt;</a>&nbsp;&nbsp;&nbsp;FLASH_ProgramHalfWord
<LI><a href="#[c0]">&gt;&gt;</a>&nbsp;&nbsp;&nbsp;FLASH_ErasePage
<LI><a href="#[bd]">&gt;&gt;</a>&nbsp;&nbsp;&nbsp;InitCurrWrAddress()
<LI><a href="#[c2]">&gt;&gt;</a>&nbsp;&nbsp;&nbsp;EE_VerifyPageFullWriteVariable(unsigned short, unsigned short)
<LI><a href="#[be]">&gt;&gt;</a>&nbsp;&nbsp;&nbsp;EE_FindValidPage(unsigned char)
</UL>
<BR>[Called By]<UL><LI><a href="#[7d]">&gt;&gt;</a>&nbsp;&nbsp;&nbsp;EE_WriteVariable(unsigned short, unsigned short)
</UL>

<P><STRONG><a name="[3f]"></a>__sti___19_FTC_Drv_MPU6050_cpp_mpu6050</STRONG> (Thumb, 10 bytes, Stack size 8 bytes, ftc_drv_mpu6050.o(.text))
<BR><BR>[Stack]<UL><LI>Max Depth = 16<LI>Call Chain = __sti___19_FTC_Drv_MPU6050_cpp_mpu6050 &rArr; FTC_MPU6050::FTC_MPU6050()
</UL>
<BR>[Calls]<UL><LI><a href="#[d2]">&gt;&gt;</a>&nbsp;&nbsp;&nbsp;FTC_MPU6050::FTC_MPU6050()
</UL>
<BR>[Address Reference Count : 1]<UL><LI> ftc_drv_mpu6050.o(.init_array)
</UL>
<P><STRONG><a name="[110]"></a>SetSysClockTo72()</STRONG> (Thumb, 214 bytes, Stack size 12 bytes, system_stm32f10x.o(.text))
<BR><BR>[Stack]<UL><LI>Max Depth = 12<LI>Call Chain = SetSysClockTo72()
</UL>
<BR>[Called By]<UL><LI><a href="#[10f]">&gt;&gt;</a>&nbsp;&nbsp;&nbsp;SetSysClock()
</UL>

<P><STRONG><a name="[10f]"></a>SetSysClock()</STRONG> (Thumb, 8 bytes, Stack size 8 bytes, system_stm32f10x.o(.text))
<BR><BR>[Stack]<UL><LI>Max Depth = 20<LI>Call Chain = SetSysClock() &rArr; SetSysClockTo72()
</UL>
<BR>[Calls]<UL><LI><a href="#[110]">&gt;&gt;</a>&nbsp;&nbsp;&nbsp;SetSysClockTo72()
</UL>
<BR>[Called By]<UL><LI><a href="#[39]">&gt;&gt;</a>&nbsp;&nbsp;&nbsp;SystemInit
</UL>

<P><STRONG><a name="[125]"></a>_dadd1</STRONG> (Thumb, 0 bytes, Stack size unknown bytes, daddsub_clz.o(x$fpl$dadd), UNUSED)
<BR><BR>[Called By]<UL><LI><a href="#[124]">&gt;&gt;</a>&nbsp;&nbsp;&nbsp;_dsub
</UL>

<P><STRONG><a name="[120]"></a>_dsub1</STRONG> (Thumb, 0 bytes, Stack size unknown bytes, daddsub_clz.o(x$fpl$dsub), UNUSED)
<BR><BR>[Called By]<UL><LI><a href="#[11f]">&gt;&gt;</a>&nbsp;&nbsp;&nbsp;_dadd
</UL>

<P><STRONG><a name="[135]"></a>_fadd1</STRONG> (Thumb, 0 bytes, Stack size unknown bytes, faddsub_clz.o(x$fpl$fadd), UNUSED)
<BR><BR>[Called By]<UL><LI><a href="#[136]">&gt;&gt;</a>&nbsp;&nbsp;&nbsp;_fsub
<LI><a href="#[134]">&gt;&gt;</a>&nbsp;&nbsp;&nbsp;_frsb
</UL>

<P><STRONG><a name="[129]"></a>_fsub1</STRONG> (Thumb, 0 bytes, Stack size unknown bytes, faddsub_clz.o(x$fpl$fsub), UNUSED)
<BR><BR>[Called By]<UL><LI><a href="#[134]">&gt;&gt;</a>&nbsp;&nbsp;&nbsp;_frsb
<LI><a href="#[128]">&gt;&gt;</a>&nbsp;&nbsp;&nbsp;_fadd
</UL>
<P>
<H3>
Undefined Global Symbols
</H3><HR></body></html>
