Product: MDK-ARM Standard 5.10
Component: ARM Compiler 5.04 update 1 (build 49)
Tool: armlink [5040049]

==============================================================================

Section Cross References

    ftccopter.o(.text) refers to board.o(.text) for FTC_Hexacopter_board_Init()
    ftccopter.o(.text) refers to ftc_param.o(.text) for FTC_Param::Init()
    ftccopter.o(.text) refers to ftc_imu.o(.text) for FTC_IMU::Init()
    ftccopter.o(.text) refers to ftc_navgation.o(.text) for FTC_Navgation::Init()
    ftccopter.o(.text) refers to ftc_scheduler.o(.text) for FTC_Loop()
    ftccopter.o(.text) refers to ftc_param.o(.data) for param
    ftccopter.o(.text) refers to ftc_imu.o(.bss) for imu
    ftccopter.o(.text) refers to ftc_navgation.o(.bss) for nav
    ftccopter.o(.ARM.exidx) refers to ftccopter.o(.text) for .text
    ftc_config.o(.text) refers to ftc_drv_led.o(.text) for FTC_LED::ON1()
    ftc_config.o(.text) refers to ftc_config.o(.data) for cnt
    ftc_config.o(.text) refers to ftc_drv_led.o(.data) for led
    ftc_config.o(.text) refers to ftc_config.o(.bss) for ftc
    ftc_config.o(.ARM.exidx) refers to ftc_config.o(.text) for .text
    ftc_config.o(.init_array) refers to ftc_config.o(.text) for __sti___14_FTC_Config_cpp_ftc
    ftc_config.o(.init_array) refers to init_aeabi.o(.text) for __cpp_initialize__aeabi_
    ftc_dt.o(.text) refers to ftc_drv_nrf24l01.o(.text) for FTC_NRF::TxPacket(unsigned char*, unsigned char)
    ftc_dt.o(.text) refers to ftc_flycontrol.o(.text) for FTC_FlyControl::PID_Reset()
    ftc_dt.o(.text) refers to ftc_param.o(.text) for FTC_Param::SAVE_PID()
    ftc_dt.o(.text) refers to ftc_math.o(.text) for radians(float)
    ftc_dt.o(.text) refers to cosf.o(i.cosf) for cosf
    ftc_dt.o(.text) refers to fflt_clz.o(x$fpl$fflt) for __aeabi_i2f
    ftc_dt.o(.text) refers to fmul.o(x$fpl$fmul) for __aeabi_fmul
    ftc_dt.o(.text) refers to sinf.o(i.sinf) for sinf
    ftc_dt.o(.text) refers to faddsub_clz.o(x$fpl$frsb) for __aeabi_frsub
    ftc_dt.o(.text) refers to faddsub_clz.o(x$fpl$fadd) for __aeabi_fadd
    ftc_dt.o(.text) refers to ffixu.o(x$fpl$ffixu) for __aeabi_f2uiz
    ftc_dt.o(.text) refers to fdiv.o(x$fpl$fdiv) for __aeabi_fdiv
    ftc_dt.o(.text) refers to ftc_drv_nrf24l01.o(.bss) for nrf
    ftc_dt.o(.text) refers to ftc_config.o(.bss) for ftc
    ftc_dt.o(.text) refers to ftc_drv_mpu6050.o(.bss) for mpu6050
    ftc_dt.o(.text) refers to ftc_flycontrol.o(.bss) for fc
    ftc_dt.o(.text) refers to ftc_param.o(.data) for param
    ftc_dt.o(.text) refers to ftc_rc.o(.bss) for rc
    ftc_dt.o(.text) refers to ftc_imu.o(.bss) for imu
    ftc_dt.o(.text) refers to ffix.o(x$fpl$ffix) for __aeabi_f2iz
    ftc_dt.o(.text) refers to ftc_dt.o(.data) for cnt
    ftc_dt.o(.text) refers to ftc_navgation.o(.bss) for nav
    ftc_dt.o(.text) refers to ftc_motor.o(.text) for FTC_Motor::getPWM(short*)
    ftc_dt.o(.text) refers to ftc_motor.o(.bss) for motor
    ftc_dt.o(.text) refers to ftc_drv_adc.o(.data) for V_Battery
    ftc_dt.o(.ARM.exidx) refers to ftc_dt.o(.text) for .text
    ftc_filter.o(.text) refers to fmul.o(x$fpl$fmul) for __aeabi_fmul
    ftc_filter.o(.text) refers to fdiv.o(x$fpl$fdiv) for __aeabi_fdiv
    ftc_filter.o(.text) refers to faddsub_clz.o(x$fpl$fadd) for __aeabi_fadd
    ftc_filter.o(.text) refers to ftc_vector3.o(t._ZNK7Vector3IfEmlEf) for Vector3<float>::operator *(float) const
    ftc_filter.o(.text) refers to faddsub_clz.o(x$fpl$fsub) for __aeabi_fsub
    ftc_filter.o(.text) refers to ftc_vector3.o(t._ZNK7Vector3IfEplERKS0_) for Vector3<float>::operator +(const Vector3<float>&) const
    ftc_filter.o(.text) refers to ftc_vector3.o(t._ZNK7Vector3IfEmiERKS0_) for Vector3<float>::operator -(const Vector3<float>&) const
    ftc_filter.o(.text) refers to ffix.o(x$fpl$ffix) for __aeabi_f2iz
    ftc_filter.o(.text) refers to ftc_filter.o(.data) for baro_preout
    ftc_filter.o(.ARM.exidx) refers to ftc_filter.o(.text) for .text
    ftc_flycontrol.o(.text) refers to ftc_flycontrol.o(i._ZN7FTC_PID7set_pidEffff) for FTC_PID::set_pid(float, float, float, float)
    ftc_flycontrol.o(.text) refers to aeabi_vec_ctor_nocookie_nodtor.o(i.__aeabi_vec_ctor_nocookie_nodtor) for __aeabi_vec_ctor_nocookie_nodtor
    ftc_flycontrol.o(.text) refers to ftc_flycontrol.o(t._ZN7Vector3IsEC1Ev) for Vector3<short>::Vector3()
    ftc_flycontrol.o(.text) refers to ffix.o(x$fpl$ffix) for __aeabi_f2iz
    ftc_flycontrol.o(.text) refers to ftc_flycontrol.o(i._ZN7FTC_PIDC1Ev) for FTC_PID::FTC_PID()
    ftc_flycontrol.o(.text) refers to ftc_navgation.o(.bss) for nav
    ftc_flycontrol.o(.text) refers to ftc_flycontrol.o(.bss) for fc
    ftc_flycontrol.o(.ARM.exidx) refers to ftc_flycontrol.o(.text) for .text
    ftc_flycontrol.o(.init_array) refers to ftc_flycontrol.o(.text) for __sti___18_FTC_FlyControl_cpp_fc
    ftc_flycontrol.o(.init_array) refers to init_aeabi.o(.text) for __cpp_initialize__aeabi_
[...]
    FTC_Config::Pilot_Light()                0x080001bf   Thumb Code   224  ftc_config.o(.text)
    FTC_DT::Send_Data(unsigned char*, unsigned char) 0x080002b9   Thumb Code    22  ftc_dt.o(.text)
    FTC_DT::Send_Check(unsigned char, unsigned char) 0x080002cf   Thumb Code    72  ftc_dt.o(.text)
    FTC_DT::Data_Receive_Anl(unsigned char*, unsigned char) 0x08000317   Thumb Code  1222  ftc_dt.o(.text)
    FTC_DT::Check_Event()                    0x080007dd   Thumb Code    12  ftc_dt.o(.text)
    FTC_DT::Send_PID(unsigned char, float, float, float, float, float, float, float, float, float) 0x080007e9   Thumb Code   558  ftc_dt.o(.text)
    FTC_DT::Send_Power(unsigned short, unsigned short) 0x08000a17   Thumb Code   154  ftc_dt.o(.text)
    FTC_DT::Send_MotoPWM(unsigned short, unsigned short, unsigned short, unsigned short, unsigned short, unsigned short, unsigned short, unsigned short) 0x08000ab1   Thumb Code   346  ftc_dt.o(.text)
    FTC_DT::Send_RCData(unsigned short, unsigned short, unsigned short, unsigned short, unsigned short, unsigned short, unsigned short, unsigned short, unsigned short, unsigned short) 0x08000c0b   Thumb Code   392  ftc_dt.o(.text)
    FTC_DT::Send_Senser2(int, unsigned short) 0x08000d93   Thumb Code   186  ftc_dt.o(.text)
    FTC_DT::Send_Senser(short, short, short, short, short, short, short, short, short) 0x08000e4d   Thumb Code   412  ftc_dt.o(.text)
    FTC_DT::Send_Status(float, float, float, int, unsigned char, unsigned char) 0x08000fe9   Thumb Code   346  ftc_dt.o(.text)
    FTC_DT::Send_Version(unsigned char, unsigned short, unsigned short, unsigned short, unsigned short) 0x08001143   Thumb Code   216  ftc_dt.o(.text)
    FTC_DT::Data_Exchange()                  0x0800121b   Thumb Code   888  ftc_dt.o(.text)
    FTC_DT::Failsafe_Check()                 0x08001593   Thumb Code    46  ftc_dt.o(.text)
    FTC_Filter::LPF_1st_Factor_Cal(float, float) 0x080015dd   Thumb Code    52  ftc_filter.o(.text)
    FTC_Filter::LPF_2nd_Factor_Cal(float, float, FTC_Filter::LPF2ndData_t*) 0x08001611   Thumb Code   234  ftc_filter.o(.text)
    FTC_Filter::CF_Factor_Cal(float, float)  0x080016fb   Thumb Code    32  ftc_filter.o(.text)
    FTC_Filter::LPF_1st(Vector3<float>, Vector3<float>, float) 0x0800171b   Thumb Code    78  ftc_filter.o(.text)
    FTC_Filter::LPF_2nd(FTC_Filter::LPF2ndData_t*, Vector3<float>) 0x08001769   Thumb Code   156  ftc_filter.o(.text)
    FTC_Filter::Baro_LPF_2nd(FTC_Filter::LPF2ndData_t*, float) 0x08001805   Thumb Code    82  ftc_filter.o(.text)
    FTC_Filter::Ultra_LPF_2nd(FTC_Filter::LPF2ndData_t*, float) 0x08001857   Thumb Code    82  ftc_filter.o(.text)
    FTC_Filter::CF_1st(Vector3<float>, Vector3<float>, float) 0x080018a9   Thumb Code    78  ftc_filter.o(.text)
    FTC_FlyControl::PID_Reset()              0x08001911   Thumb Code   136  ftc_flycontrol.o(.text)
    FTC_FlyControl::FTC_FlyControl()         0x08001999   Thumb Code    80  ftc_flycontrol.o(.text)
    FTC_FlyControl::FTC_FlyControl__sub_object() 0x08001999   Thumb Code     0  ftc_flycontrol.o(.text)
    FTC_FlyControl::AltHoldReset()           0x080019e9   Thumb Code    18  ftc_flycontrol.o(.text)
    FTC_FlyControl::Attitude_Outter_Loop()   0x080019fb   Thumb Code     2  ftc_flycontrol.o(.text)
    FTC_FlyControl::Attitude_Inner_Loop()    0x080019fd   Thumb Code     2  ftc_flycontrol.o(.text)
    FTC_FlyControl::Altitude_Outter_Loop()   0x080019ff   Thumb Code     2  ftc_flycontrol.o(.text)
    FTC_FlyControl::Altitude_Inner_Loop()    0x08001a01   Thumb Code     2  ftc_flycontrol.o(.text)
    FTC_IMU::FTC_IMU()                       0x08001a3d   Thumb Code   142  ftc_imu.o(.text)
    FTC_IMU::FTC_IMU__sub_object()           0x08001a3d   Thumb Code     0  ftc_imu.o(.text)
    FTC_IMU::sensor_Init()                   0x08001acb   Thumb Code    18  ftc_imu.o(.text)
    FTC_IMU::filter_Init()                   0x08001add   Thumb Code    62  ftc_imu.o(.text)
    FTC_IMU::Init()                          0x08001b1b   Thumb Code    18  ftc_imu.o(.text)
    FTC_IMU::updateSensor()                  0x08001b2d   Thumb Code    54  ftc_imu.o(.text)
    FTC_IMU::DCM_CF(Vector3<float>, Vector3<float>, float) 0x08001b63   Thumb Code     6  ftc_imu.o(.text)
    FTC_IMU::getDeltaT(unsigned)             0x08001b69   Thumb Code    46  ftc_imu.o(.text)
    FTC_IMU::getAttitude()                   0x08001b97   Thumb Code   184  ftc_imu.o(.text)
    FTC_IMU::Get_Accel_Ef()                  0x08001c4f   Thumb Code   114  ftc_imu.o(.text)
    FTC_IMU::Quaternion_CF(Vector3<float>, Vector3<float>, float) 0x08001cc1   Thumb Code     6  ftc_imu.o(.text)
    FTC_Motor::ResetPWM()                    0x08001cfd   Thumb Code    24  ftc_motor.o(.text)
    FTC_Motor::writeMotor(unsigned short, int, int, int) 0x08001d15   Thumb Code   150  ftc_motor.o(.text)
    FTC_Motor::getPWM(short*)                0x08001dab   Thumb Code    26  ftc_motor.o(.text)
    FTC_Navgation::FTC_Navgation()           0x08001dd1   Thumb Code   174  ftc_navgation.o(.text)
    FTC_Navgation::FTC_Navgation__sub_object() 0x08001dd1   Thumb Code     0  ftc_navgation.o(.text)
    FTC_Navgation::sensor_Init()             0x08001e7f   Thumb Code    12  ftc_navgation.o(.text)
    FTC_Navgation::filter_Init()             0x08001e8b   Thumb Code    34  ftc_navgation.o(.text)
    FTC_Navgation::Init()                    0x08001ead   Thumb Code    18  ftc_navgation.o(.text)
    FTC_Navgation::update()                  0x08001ebf   Thumb Code  1904  ftc_navgation.o(.text)
    FTC_Navgation::Reset()                   0x0800262f   Thumb Code    48  ftc_navgation.o(.text)
    FTC_Param::SAVE_FirstInitFlag()          0x08002689   Thumb Code    18  ftc_param.o(.text)
    FTC_Param::READ_GYRO_OFFSET()            0x0800269b   Thumb Code    68  ftc_param.o(.text)
    FTC_Param::READ_ACC_OFFSET()             0x080026df   Thumb Code    68  ftc_param.o(.text)
    FTC_Param::READ_PID()                    0x08002723   Thumb Code   552  ftc_param.o(.text)
    FTC_Param::READ_CONF()                   0x0800294b   Thumb Code    24  ftc_param.o(.text)
    FTC_Param::SAVE_PID()                    0x08002963   Thumb Code   542  ftc_param.o(.text)
    FTC_Param::READ_FirstInitFlag()          0x08002b81   Thumb Code    20  ftc_param.o(.text)
    FTC_Param::Init()                        0x08002b95   Thumb Code    38  ftc_param.o(.text)
    FTC_Param::SAVE_ACC_OFFSET()             0x08002bbb   Thumb Code    48  ftc_param.o(.text)
    FTC_Param::SAVE_GYRO_OFFSET()            0x08002beb   Thumb Code    48  ftc_param.o(.text)
    FTC_RC::Init()                           0x08002c35   Thumb Code   156  ftc_rc.o(.text)
    FTC_RC::FTC_RC()                         0x08002cd1   Thumb Code    14  ftc_rc.o(.text)
    FTC_RC::FTC_RC__sub_object()             0x08002cd1   Thumb Code     0  ftc_rc.o(.text)
    FTC_RC::Cal_Command()                    0x08002cdf   Thumb Code   464  ftc_rc.o(.text)
    FTC_RC::check_sticks()                   0x08002eaf   Thumb Code   248  ftc_rc.o(.text)
    FTC_RC::CheckAUX()                       0x08002fa7   Thumb Code    64  ftc_rc.o(.text)
    FTC_Loop()                               0x08003081   Thumb Code    94  ftc_scheduler.o(.text)
    FTC_Scheduler::FTC_Scheduler()           0x080030df   Thumb Code    14  ftc_scheduler.o(.text)
    FTC_Scheduler::FTC_Scheduler__sub_object() 0x080030df   Thumb Code     0  ftc_scheduler.o(.text)
    safe_asin(float)                         0x08003115   Thumb Code    54  ftc_math.o(.text)
    constrain_float(float, float, float)     0x0800314b   Thumb Code    72  ftc_math.o(.text)
    constrain_int16(short, short, short)     0x08003193   Thumb Code    22  ftc_math.o(.text)
    constrain_uint16(unsigned short, unsigned short, unsigned short) 0x080031a9   Thumb Code    22  ftc_math.o(.text)
    constrain_int32(int, int, int)           0x080031bf   Thumb Code    22  ftc_math.o(.text)
    applyDeadband(int, int)                  0x080031d5   Thumb Code    34  ftc_math.o(.text)
    radians(float)                           0x080031f7   Thumb Code    14  ftc_math.o(.text)
    degrees(float)                           0x08003205   Thumb Code    14  ftc_math.o(.text)
    sq(float)                                0x08003213   Thumb Code    14  ftc_math.o(.text)
    pythagorous2(float, float)               0x08003221   Thumb Code    40  ftc_math.o(.text)
    pythagorous3(float, float, float)        0x08003249   Thumb Code    58  ftc_math.o(.text)
    pythagorous4(float, float, float, float) 0x08003283   Thumb Code    76  ftc_math.o(.text)
    SysTick_IRQ()                            0x080032ff   Thumb Code    54  board.o(.text)
    GetSysTime_us()                          0x08003335   Thumb Code    58  board.o(.text)
    DelayUs(unsigned)                        0x0800336f   Thumb Code    24  board.o(.text)
    DelayMs(unsigned)                        0x08003387   Thumb Code    24  board.o(.text)
    FTC_Hexacopter_board_Init()              0x0800339f   Thumb Code   144  board.o(.text)
    FTC_ADC_Init()                           0x0800354d   Thumb Code    12  ftc_drv_adc.o(.text)
    FTC_ADC_Battery()                        0x08003559   Thumb Code   160  ftc_drv_adc.o(.text)
    InitCurrWrAddress()                      0x0800367d   Thumb Code    92  ftc_drv_eeprom.o(.text)
    EE_ReadVariable(unsigned short, unsigned short*) 0x08003787   Thumb Code    88  ftc_drv_eeprom.o(.text)
    __EE_Init()                              0x080037df   Thumb Code   488  ftc_drv_eeprom.o(.text)
    EE_Init()                                0x080039c7   Thumb Code    16  ftc_drv_eeprom.o(.text)
    EE_WriteVariable(unsigned short, unsigned short) 0x08003ad1   Thumb Code    36  ftc_drv_eeprom.o(.text)
    FTC_I2C_Soft::FTC_I2C_Soft()             0x08003b05   Thumb Code     2  ftc_drv_i2c_soft.o(.text)
    FTC_I2C_Soft::FTC_I2C_Soft__sub_object() 0x08003b05   Thumb Code     0  ftc_drv_i2c_soft.o(.text)
    FTC_I2C_Soft::Init()                     0x08003b07   Thumb Code    64  ftc_drv_i2c_soft.o(.text)
    FTC_I2C_Soft::I2C_delay()                0x08003b47   Thumb Code     2  ftc_drv_i2c_soft.o(.text)
    FTC_I2C_Soft::I2C_Stop()                 0x08003b49   Thumb Code    62  ftc_drv_i2c_soft.o(.text)
    FTC_I2C_Soft::I2C_WaitAck()              0x08003b87   Thumb Code    94  ftc_drv_i2c_soft.o(.text)
    FTC_I2C_Soft::I2C_SendByte(unsigned char) 0x08003be5   Thumb Code    88  ftc_drv_i2c_soft.o(.text)
    FTC_I2C_Soft::I2C_Start()                0x08003c3d   Thumb Code    94  ftc_drv_i2c_soft.o(.text)
    FTC_I2C_Soft::I2C_Single_Write(unsigned char, unsigned char, unsigned char) 0x08003c9b   Thumb Code    86  ftc_drv_i2c_soft.o(.text)
    FTC_I2C_Soft::I2C_NoAck()                0x08003cf1   Thumb Code    62  ftc_drv_i2c_soft.o(.text)
    FTC_I2C_Soft::I2C_ReadByte()             0x08003d2f   Thumb Code    86  ftc_drv_i2c_soft.o(.text)
    FTC_I2C_Soft::I2C_Single_Read(unsigned char, unsigned char) 0x08003d85   Thumb Code   106  ftc_drv_i2c_soft.o(.text)
    FTC_I2C_Soft::I2C_Ack()                  0x08003def   Thumb Code    62  ftc_drv_i2c_soft.o(.text)
    FTC_I2C_Soft::I2C_Mult_Read(unsigned char, unsigned char, unsigned char*, unsigned char) 0x08003e2d   Thumb Code   156  ftc_drv_i2c_soft.o(.text)
    FTC_LED::Init()                          0x08003ecd   Thumb Code     2  ftc_drv_led.o(.text)
    FTC_LED::ON1()                           0x08003ecf   Thumb Code     2  ftc_drv_led.o(.text)
    FTC_LED::ON2()                           0x08003ed1   Thumb Code     2  ftc_drv_led.o(.text)
    FTC_LED::OFF1()                          0x08003ed3   Thumb Code     2  ftc_drv_led.o(.text)
    FTC_LED::OFF2()                          0x08003ed5   Thumb Code     2  ftc_drv_led.o(.text)
    FTC_MPU6050::FTC_MPU6050()               0x08003ed9   Thumb Code    72  ftc_drv_mpu6050.o(.text)
    FTC_MPU6050::FTC_MPU6050__sub_object()   0x08003ed9   Thumb Code     0  ftc_drv_mpu6050.o(.text)
    FTC_MPU6050::delayms(unsigned short)     0x08003f21   Thumb Code    32  ftc_drv_mpu6050.o(.text)
    FTC_MPU6050::Init(unsigned short, unsigned short) 0x08003f41   Thumb Code   190  ftc_drv_mpu6050.o(.text)
    FTC_MPU6050::CalOffset_Acc()             0x08003fff   Thumb Code   230  ftc_drv_mpu6050.o(.text)
    FTC_MPU6050::Read_Acc_Data()             0x080040e5   Thumb Code   186  ftc_drv_mpu6050.o(.text)
    FTC_MPU6050::CalOffset_Gyro()            0x0800419f   Thumb Code   236  ftc_drv_mpu6050.o(.text)
    FTC_MPU6050::Read_Gyro_Data()            0x0800428b   Thumb Code   186  ftc_drv_mpu6050.o(.text)
    FTC_MPU6050::Get_Acc()                   0x08004345   Thumb Code    14  ftc_drv_mpu6050.o(.text)
    FTC_MPU6050::Get_Gyro()                  0x08004353   Thumb Code    14  ftc_drv_mpu6050.o(.text)
    FTC_MPU6050::Get_Gyro_in_dps(Vector3<float>) 0x08004361   Thumb Code    72  ftc_drv_mpu6050.o(.text)
    FTC_MS5611::Start_T()                    0x080043dd   Thumb Code    18  ftc_drv_ms5611.o(.text)
    FTC_MS5611::Read_Prom()                  0x080043ef   Thumb Code    80  ftc_drv_ms5611.o(.text)
    FTC_MS5611::Reset()                      0x0800443f   Thumb Code    18  ftc_drv_ms5611.o(.text)
    FTC_MS5611::Init()                       0x08004451   Thumb Code    36  ftc_drv_ms5611.o(.text)
    FTC_MS5611::Start_P()                    0x08004475   Thumb Code    18  ftc_drv_ms5611.o(.text)
    FTC_MS5611::Read_Adc_T()                 0x08004487   Thumb Code    24  ftc_drv_ms5611.o(.text)
    FTC_MS5611::BaroAltCalculate()           0x0800449f   Thumb Code   452  ftc_drv_ms5611.o(.text)
    FTC_MS5611::Read_Adc_P()                 0x08004663   Thumb Code    24  ftc_drv_ms5611.o(.text)
    FTC_MS5611::Update()                     0x0800467b   Thumb Code    56  ftc_drv_ms5611.o(.text)
    FTC_MS5611::Get_BaroAlt()                0x080046b3   Thumb Code     6  ftc_drv_ms5611.o(.text)
    FTC_NRF::Write_Reg(unsigned char, unsigned char) 0x080046e9   Thumb Code    46  ftc_drv_nrf24l01.o(.text)
    FTC_NRF::Write_Buf(unsigned char, unsigned char*, unsigned char) 0x08004717   Thumb Code    60  ftc_drv_nrf24l01.o(.text)
    FTC_NRF::Init(unsigned char, unsigned char) 0x08004753   Thumb Code   286  ftc_drv_nrf24l01.o(.text)
    FTC_NRF::TxPacket(unsigned char*, unsigned char) 0x08004871   Thumb Code    46  ftc_drv_nrf24l01.o(.text)
    FTC_NRF::TxPacket_AP(unsigned char*, unsigned char) 0x0800489f   Thumb Code    34  ftc_drv_nrf24l01.o(.text)
    FTC_NRF::Read_Buf(unsigned char, unsigned char*, unsigned char) 0x080048c1   Thumb Code    62  ftc_drv_nrf24l01.o(.text)
    FTC_NRF::Check()                         0x080048ff   Thumb Code    68  ftc_drv_nrf24l01.o(.text)
    FTC_NRF::Read_Reg(unsigned char)         0x08004943   Thumb Code    40  ftc_drv_nrf24l01.o(.text)
    FTC_NRF::Check_Event()                   0x0800496b   Thumb Code   104  ftc_drv_nrf24l01.o(.text)
    FTC_PWM::out_Init(unsigned short)        0x080049e1   Thumb Code   350  ftc_drv_pwm.o(.text)
    FTC_PWM::SetPwm(short*)                  0x08004b3f   Thumb Code   122  ftc_drv_pwm.o(.text)
    FTC_SPI2::Init()                         0x08004bd1   Thumb Code   196  ftc_drv_spi2.o(.text)
    FTC_SPI2::RW(unsigned char)              0x08004c95   Thumb Code    52  ftc_drv_spi2.o(.text)
    FTC_SPI2::CE_H()                         0x08004cc9   Thumb Code    16  ftc_drv_spi2.o(.text)
    FTC_SPI2::CE_L()                         0x08004cd9   Thumb Code    16  ftc_drv_spi2.o(.text)
    FTC_SPI2::CSN_H()                        0x08004ce9   Thumb Code    16  ftc_drv_spi2.o(.text)
    FTC_SPI2::CSN_L()                        0x08004cf9   Thumb Code    16  ftc_drv_spi2.o(.text)
    FTC_UART3::Init(unsigned)                0x08004d15   Thumb Code   198  ftc_drv_uart3.o(.text)
    FTC_UART3::IRQ()                         0x08004ddb   Thumb Code   174  ftc_drv_uart3.o(.text)
    FTC_UART3::Put_Char(unsigned char)       0x08004e89   Thumb Code    48  ftc_drv_uart3.o(.text)
    FTC_UART3::Put_String(unsigned char*)    0x08004eb9   Thumb Code    58  ftc_drv_uart3.o(.text)
    FTC_UART3::Put_Buf(unsigned char*, unsigned char) 0x08004ef3   Thumb Code    68  ftc_drv_uart3.o(.text)
    NMI_Handler                              0x08004f59   Thumb Code     2  stm32f10x_it.o(.text)
    MemManage_Handler                        0x08004f5b   Thumb Code     4  stm32f10x_it.o(.text)
    BusFault_Handler                         0x08004f5f   Thumb Code     4  stm32f10x_it.o(.text)
    UsageFault_Handler                       0x08004f63   Thumb Code     4  stm32f10x_it.o(.text)
    SVC_Handler                              0x08004f67   Thumb Code     2  stm32f10x_it.o(.text)
    DebugMon_Handler                         0x08004f69   Thumb Code     2  stm32f10x_it.o(.text)
    SysTick_Handler                          0x08004f6b   Thumb Code     8  stm32f10x_it.o(.text)
    USART1_IRQHandler                        0x08004f73   Thumb Code     2  stm32f10x_it.o(.text)
    USART3_IRQHandler                        0x08004f75   Thumb Code    10  stm32f10x_it.o(.text)
    NVIC_PriorityGroupConfig                 0x08004f85   Thumb Code    10  misc.o(.text)
    NVIC_Init                                0x08004f8f   Thumb Code   100  misc.o(.text)
    NVIC_SetVectorTable                      0x08004ff3   Thumb Code    14  misc.o(.text)
    NVIC_SystemLPConfig                      0x08005001   Thumb Code    34  misc.o(.text)
    SysTick_CLKSourceConfig                  0x08005023   Thumb Code    40  misc.o(.text)
    ADC_DeInit                               0x08005061   Thumb Code    78  stm32f10x_adc.o(.text)
    ADC_Init                                 0x080050af   Thumb Code    70  stm32f10x_adc.o(.text)
    ADC_StructInit                           0x080050f5   Thumb Code    18  stm32f10x_adc.o(.text)
    ADC_Cmd                                  0x08005107   Thumb Code    22  stm32f10x_adc.o(.text)
    ADC_DMACmd                               0x0800511d   Thumb Code    22  stm32f10x_adc.o(.text)
    ADC_ITConfig                             0x08005133   Thumb Code    24  stm32f10x_adc.o(.text)
    ADC_ResetCalibration                     0x0800514b   Thumb Code    10  stm32f10x_adc.o(.text)
    ADC_GetResetCalibrationStatus            0x08005155   Thumb Code    20  stm32f10x_adc.o(.text)
    ADC_StartCalibration                     0x08005169   Thumb Code    10  stm32f10x_adc.o(.text)
    ADC_GetCalibrationStatus                 0x08005173   Thumb Code    20  stm32f10x_adc.o(.text)
    ADC_SoftwareStartConvCmd                 0x08005187   Thumb Code    22  stm32f10x_adc.o(.text)
    ADC_GetSoftwareStartConvStatus           0x0800519d   Thumb Code    20  stm32f10x_adc.o(.text)
    ADC_DiscModeChannelCountConfig           0x080051b1   Thumb Code    24  stm32f10x_adc.o(.text)
    ADC_DiscModeCmd                          0x080051c9   Thumb Code    22  stm32f10x_adc.o(.text)
    ADC_RegularChannelConfig                 0x080051df   Thumb Code   184  stm32f10x_adc.o(.text)
    ADC_ExternalTrigConvCmd                  0x08005297   Thumb Code    22  stm32f10x_adc.o(.text)
    ADC_GetConversionValue                   0x080052ad   Thumb Code     8  stm32f10x_adc.o(.text)
    ADC_GetDualModeConversionValue           0x080052b5   Thumb Code     8  stm32f10x_adc.o(.text)
    ADC_AutoInjectedConvCmd                  0x080052bd   Thumb Code    22  stm32f10x_adc.o(.text)
    ADC_InjectedDiscModeCmd                  0x080052d3   Thumb Code    22  stm32f10x_adc.o(.text)
    ADC_ExternalTrigInjectedConvConfig       0x080052e9   Thumb Code    16  stm32f10x_adc.o(.text)
    ADC_ExternalTrigInjectedConvCmd          0x080052f9   Thumb Code    22  stm32f10x_adc.o(.text)
    ADC_SoftwareStartInjectedConvCmd         0x0800530f   Thumb Code    22  stm32f10x_adc.o(.text)
    ADC_GetSoftwareStartInjectedConvCmdStatus 0x08005325   Thumb Code    20  stm32f10x_adc.o(.text)
    ADC_InjectedChannelConfig                0x08005339   Thumb Code   130  stm32f10x_adc.o(.text)
    ADC_InjectedSequencerLengthConfig        0x080053bb   Thumb Code    24  stm32f10x_adc.o(.text)
    ADC_SetInjectedOffset                    0x080053d3   Thumb Code    20  stm32f10x_adc.o(.text)
    ADC_GetInjectedConversionValue           0x080053e7   Thumb Code    28  stm32f10x_adc.o(.text)
    ADC_AnalogWatchdogCmd                    0x08005403   Thumb Code    16  stm32f10x_adc.o(.text)
    ADC_AnalogWatchdogThresholdsConfig       0x08005413   Thumb Code     6  stm32f10x_adc.o(.text)
    ADC_AnalogWatchdogSingleChannelConfig    0x08005419   Thumb Code    16  stm32f10x_adc.o(.text)
    ADC_TempSensorVrefintCmd                 0x08005429   Thumb Code    64  stm32f10x_adc.o(.text)
    ADC_GetFlagStatus                        0x08005469   Thumb Code    18  stm32f10x_adc.o(.text)
    ADC_ClearFlag                            0x0800547b   Thumb Code     6  stm32f10x_adc.o(.text)
    ADC_GetITStatus                          0x08005481   Thumb Code    36  stm32f10x_adc.o(.text)
    ADC_ClearITPendingBit                    0x080054a5   Thumb Code    10  stm32f10x_adc.o(.text)
    DMA_DeInit                               0x080054b1   Thumb Code   324  stm32f10x_dma.o(.text)
    DMA_Init                                 0x080055f5   Thumb Code    60  stm32f10x_dma.o(.text)
    DMA_StructInit                           0x08005631   Thumb Code    26  stm32f10x_dma.o(.text)
    DMA_Cmd                                  0x0800564b   Thumb Code    24  stm32f10x_dma.o(.text)
    DMA_ITConfig                             0x08005663   Thumb Code    18  stm32f10x_dma.o(.text)
    DMA_SetCurrDataCounter                   0x08005675   Thumb Code     4  stm32f10x_dma.o(.text)
    DMA_GetCurrDataCounter                   0x08005679   Thumb Code     8  stm32f10x_dma.o(.text)
    DMA_GetFlagStatus                        0x08005681   Thumb Code    40  stm32f10x_dma.o(.text)
    DMA_ClearFlag                            0x080056a9   Thumb Code    22  stm32f10x_dma.o(.text)
    DMA_GetITStatus                          0x080056bf   Thumb Code    40  stm32f10x_dma.o(.text)
    DMA_ClearITPendingBit                    0x080056e7   Thumb Code    22  stm32f10x_dma.o(.text)
    FLASH_SetLatency                         0x08005705   Thumb Code    18  stm32f10x_flash.o(.text)
    FLASH_HalfCycleAccessCmd                 0x08005717   Thumb Code    22  stm32f10x_flash.o(.text)
    FLASH_PrefetchBufferCmd                  0x0800572d   Thumb Code    22  stm32f10x_flash.o(.text)
    FLASH_Unlock                             0x08005743   Thumb Code    12  stm32f10x_flash.o(.text)
    FLASH_UnlockBank1                        0x0800574f   Thumb Code    12  stm32f10x_flash.o(.text)
    FLASH_Lock                               0x0800575b   Thumb Code    14  stm32f10x_flash.o(.text)
    FLASH_LockBank1                          0x08005769   Thumb Code    14  stm32f10x_flash.o(.text)
    FLASH_GetBank1Status                     0x08005777   Thumb Code    48  stm32f10x_flash.o(.text)
    FLASH_WaitForLastOperation               0x080057a7   Thumb Code    38  stm32f10x_flash.o(.text)
    FLASH_ErasePage                          0x080057cd   Thumb Code    72  stm32f10x_flash.o(.text)
    FLASH_EraseAllPages                      0x08005815   Thumb Code    68  stm32f10x_flash.o(.text)
    FLASH_WaitForLastBank1Operation          0x08005859   Thumb Code    38  stm32f10x_flash.o(.text)
    FLASH_EraseAllBank1Pages                 0x0800587f   Thumb Code    68  stm32f10x_flash.o(.text)
    FLASH_GetReadOutProtectionStatus         0x080058c3   Thumb Code    20  stm32f10x_flash.o(.text)
    FLASH_EraseOptionBytes                   0x080058d7   Thumb Code   150  stm32f10x_flash.o(.text)
    FLASH_ProgramWord                        0x0800596d   Thumb Code   102  stm32f10x_flash.o(.text)
    FLASH_ProgramHalfWord                    0x080059d3   Thumb Code    60  stm32f10x_flash.o(.text)
    FLASH_ProgramOptionByteData              0x08005a0f   Thumb Code    72  stm32f10x_flash.o(.text)
    FLASH_EnableWriteProtection              0x08005a57   Thumb Code   200  stm32f10x_flash.o(.text)
    FLASH_ReadOutProtection                  0x08005b1f   Thumb Code   156  stm32f10x_flash.o(.text)
    FLASH_UserOptionByteConfig               0x08005bbb   Thumb Code    88  stm32f10x_flash.o(.text)
    FLASH_GetUserOptionByte                  0x08005c13   Thumb Code     8  stm32f10x_flash.o(.text)
    FLASH_GetWriteProtectionOptionByte       0x08005c1b   Thumb Code     6  stm32f10x_flash.o(.text)
    FLASH_GetPrefetchBufferStatus            0x08005c21   Thumb Code    20  stm32f10x_flash.o(.text)
    FLASH_ITConfig                           0x08005c35   Thumb Code    26  stm32f10x_flash.o(.text)
    FLASH_GetFlagStatus                      0x08005c4f   Thumb Code    42  stm32f10x_flash.o(.text)
    FLASH_ClearFlag                          0x08005c79   Thumb Code     6  stm32f10x_flash.o(.text)
    FLASH_GetStatus                          0x08005c7f   Thumb Code    48  stm32f10x_flash.o(.text)
    GPIO_DeInit                              0x08005cc1   Thumb Code   172  stm32f10x_gpio.o(.text)
    GPIO_AFIODeInit                          0x08005d6d   Thumb Code    20  stm32f10x_gpio.o(.text)
    GPIO_Init                                0x08005d81   Thumb Code   278  stm32f10x_gpio.o(.text)
    GPIO_StructInit                          0x08005e97   Thumb Code    16  stm32f10x_gpio.o(.text)
    GPIO_ReadInputDataBit                    0x08005ea7   Thumb Code    18  stm32f10x_gpio.o(.text)
    GPIO_ReadInputData                       0x08005eb9   Thumb Code     8  stm32f10x_gpio.o(.text)
    GPIO_ReadOutputDataBit                   0x08005ec1   Thumb Code    18  stm32f10x_gpio.o(.text)
    GPIO_ReadOutputData                      0x08005ed3   Thumb Code     8  stm32f10x_gpio.o(.text)
    GPIO_SetBits                             0x08005edb   Thumb Code     4  stm32f10x_gpio.o(.text)
    GPIO_ResetBits                           0x08005edf   Thumb Code     4  stm32f10x_gpio.o(.text)
    GPIO_WriteBit                            0x08005ee3   Thumb Code    10  stm32f10x_gpio.o(.text)
    GPIO_Write                               0x08005eed   Thumb Code     4  stm32f10x_gpio.o(.text)
    GPIO_PinLockConfig                       0x08005ef1   Thumb Code    18  stm32f10x_gpio.o(.text)
    GPIO_EventOutputConfig                   0x08005f03   Thumb Code    26  stm32f10x_gpio.o(.text)
    GPIO_EventOutputCmd                      0x08005f1d   Thumb Code     6  stm32f10x_gpio.o(.text)
    GPIO_PinRemapConfig                      0x08005f23   Thumb Code   138  stm32f10x_gpio.o(.text)
    GPIO_EXTILineConfig                      0x08005fad   Thumb Code    66  stm32f10x_gpio.o(.text)
    GPIO_ETH_MediaInterfaceConfig            0x08005fef   Thumb Code     8  stm32f10x_gpio.o(.text)
    RCC_DeInit                               0x0800601d   Thumb Code    64  stm32f10x_rcc.o(.text)
    RCC_HSEConfig                            0x0800605d   Thumb Code    70  stm32f10x_rcc.o(.text)
    RCC_GetFlagStatus                        0x080060a3   Thumb Code    56  stm32f10x_rcc.o(.text)
    RCC_WaitForHSEStartUp                    0x080060db   Thumb Code    56  stm32f10x_rcc.o(.text)
    RCC_AdjustHSICalibrationValue            0x08006113   Thumb Code    20  stm32f10x_rcc.o(.text)
    RCC_HSICmd                               0x08006127   Thumb Code     6  stm32f10x_rcc.o(.text)
    RCC_PLLConfig                            0x0800612d   Thumb Code    24  stm32f10x_rcc.o(.text)
    RCC_PLLCmd                               0x08006145   Thumb Code     6  stm32f10x_rcc.o(.text)
    RCC_SYSCLKConfig                         0x0800614b   Thumb Code    18  stm32f10x_rcc.o(.text)
    RCC_GetSYSCLKSource                      0x0800615d   Thumb Code    10  stm32f10x_rcc.o(.text)
    RCC_HCLKConfig                           0x08006167   Thumb Code    18  stm32f10x_rcc.o(.text)
    RCC_PCLK1Config                          0x08006179   Thumb Code    18  stm32f10x_rcc.o(.text)
    RCC_PCLK2Config                          0x0800618b   Thumb Code    20  stm32f10x_rcc.o(.text)
    RCC_ITConfig                             0x0800619f   Thumb Code    26  stm32f10x_rcc.o(.text)
    RCC_USBCLKConfig                         0x080061b9   Thumb Code     8  stm32f10x_rcc.o(.text)
    RCC_ADCCLKConfig                         0x080061c1   Thumb Code    18  stm32f10x_rcc.o(.text)
    RCC_LSEConfig                            0x080061d3   Thumb Code    50  stm32f10x_rcc.o(.text)
    RCC_LSICmd                               0x08006205   Thumb Code     6  stm32f10x_rcc.o(.text)
    RCC_RTCCLKConfig                         0x0800620b   Thumb Code    12  stm32f10x_rcc.o(.text)
    RCC_RTCCLKCmd                            0x08006217   Thumb Code     8  stm32f10x_rcc.o(.text)
    RCC_GetClocksFreq                        0x0800621f   Thumb Code   192  stm32f10x_rcc.o(.text)
    RCC_AHBPeriphClockCmd                    0x080062df   Thumb Code    26  stm32f10x_rcc.o(.text)
    RCC_APB2PeriphClockCmd                   0x080062f9   Thumb Code    26  stm32f10x_rcc.o(.text)
    RCC_APB1PeriphClockCmd                   0x08006313   Thumb Code    26  stm32f10x_rcc.o(.text)
    RCC_APB2PeriphResetCmd                   0x0800632d   Thumb Code    26  stm32f10x_rcc.o(.text)
    RCC_APB1PeriphResetCmd                   0x08006347   Thumb Code    26  stm32f10x_rcc.o(.text)
    RCC_BackupResetCmd                       0x08006361   Thumb Code     8  stm32f10x_rcc.o(.text)
    RCC_ClockSecuritySystemCmd               0x08006369   Thumb Code     6  stm32f10x_rcc.o(.text)
    RCC_MCOConfig                            0x0800636f   Thumb Code     6  stm32f10x_rcc.o(.text)
    RCC_ClearFlag                            0x08006375   Thumb Code    14  stm32f10x_rcc.o(.text)
    RCC_GetITStatus                          0x08006383   Thumb Code    20  stm32f10x_rcc.o(.text)
    RCC_ClearITPendingBit                    0x08006397   Thumb Code     6  stm32f10x_rcc.o(.text)
    SPI_I2S_DeInit                           0x080063c1   Thumb Code    76  stm32f10x_spi.o(.text)
    SPI_Init                                 0x0800640d   Thumb Code    60  stm32f10x_spi.o(.text)
    I2S_Init                                 0x08006449   Thumb Code   226  stm32f10x_spi.o(.text)
    SPI_StructInit                           0x0800652b   Thumb Code    24  stm32f10x_spi.o(.text)
    I2S_StructInit                           0x08006543   Thumb Code    20  stm32f10x_spi.o(.text)
    SPI_Cmd                                  0x08006557   Thumb Code    24  stm32f10x_spi.o(.text)
    I2S_Cmd                                  0x0800656f   Thumb Code    24  stm32f10x_spi.o(.text)
    SPI_I2S_ITConfig                         0x08006587   Thumb Code    32  stm32f10x_spi.o(.text)
    SPI_I2S_DMACmd                           0x080065a7   Thumb Code    18  stm32f10x_spi.o(.text)
    SPI_I2S_SendData                         0x080065b9   Thumb Code     4  stm32f10x_spi.o(.text)
    SPI_I2S_ReceiveData                      0x080065bd   Thumb Code     6  stm32f10x_spi.o(.text)
    SPI_NSSInternalSoftwareConfig            0x080065c3   Thumb Code    30  stm32f10x_spi.o(.text)
    SPI_SSOutputCmd                          0x080065e1   Thumb Code    24  stm32f10x_spi.o(.text)
    SPI_DataSizeConfig                       0x080065f9   Thumb Code    18  stm32f10x_spi.o(.text)
    SPI_TransmitCRC                          0x0800660b   Thumb Code    10  stm32f10x_spi.o(.text)
    SPI_CalculateCRC                         0x08006615   Thumb Code    24  stm32f10x_spi.o(.text)
    SPI_GetCRC                               0x0800662d   Thumb Code    16  stm32f10x_spi.o(.text)
    SPI_GetCRCPolynomial                     0x0800663d   Thumb Code     6  stm32f10x_spi.o(.text)
    SPI_BiDirectionalLineConfig              0x08006643   Thumb Code    28  stm32f10x_spi.o(.text)
    SPI_I2S_GetFlagStatus                    0x0800665f   Thumb Code    18  stm32f10x_spi.o(.text)
    SPI_I2S_ClearFlag                        0x08006671   Thumb Code     6  stm32f10x_spi.o(.text)
    SPI_I2S_GetITStatus                      0x08006677   Thumb Code    52  stm32f10x_spi.o(.text)
    SPI_I2S_ClearITPendingBit                0x080066ab   Thumb Code    20  stm32f10x_spi.o(.text)
    TIM_DeInit                               0x080066cd   Thumb Code   424  stm32f10x_tim.o(.text)
    TIM_TimeBaseInit                         0x08006875   Thumb Code   122  stm32f10x_tim.o(.text)
    TIM_OC1Init                              0x080068ef   Thumb Code   132  stm32f10x_tim.o(.text)
    TIM_OC2Init                              0x08006973   Thumb Code   154  stm32f10x_tim.o(.text)
    TIM_OC3Init                              0x08006a0d   Thumb Code   150  stm32f10x_tim.o(.text)
    TIM_OC4Init                              0x08006aa3   Thumb Code   182  stm32f10x_tim.o(.text)
    TIM_SetIC4Prescaler                      0x08006b59   Thumb Code    26  stm32f10x_tim.o(.text)
    TIM_SetIC3Prescaler                      0x08006bf5   Thumb Code    18  stm32f10x_tim.o(.text)
    TIM_SetIC2Prescaler                      0x08006c81   Thumb Code    26  stm32f10x_tim.o(.text)
    TIM_SetIC1Prescaler                      0x08006d1d   Thumb Code    18  stm32f10x_tim.o(.text)
    TIM_ICInit                               0x08006d9b   Thumb Code   150  stm32f10x_tim.o(.text)
    TIM_PWMIConfig                           0x08006e31   Thumb Code   124  stm32f10x_tim.o(.text)
    TIM_BDTRConfig                           0x08006ead   Thumb Code    32  stm32f10x_tim.o(.text)
    TIM_TimeBaseStructInit                   0x08006ecd   Thumb Code    18  stm32f10x_tim.o(.text)
    TIM_OCStructInit                         0x08006edf   Thumb Code    20  stm32f10x_tim.o(.text)
    TIM_ICStructInit                         0x08006ef3   Thumb Code    18  stm32f10x_tim.o(.text)
    TIM_BDTRStructInit                       0x08006f05   Thumb Code    40  stm32f10x_tim.o(.text)
    TIM_Cmd                                  0x08006f2d   Thumb Code    24  stm32f10x_tim.o(.text)
    TIM_CtrlPWMOutputs                       0x08006f45   Thumb Code    30  stm32f10x_tim.o(.text)
    TIM_ITConfig                             0x08006f63   Thumb Code    18  stm32f10x_tim.o(.text)
    TIM_GenerateEvent                        0x08006f75   Thumb Code     4  stm32f10x_tim.o(.text)
    TIM_DMAConfig                            0x08006f79   Thumb Code    10  stm32f10x_tim.o(.text)
    TIM_DMACmd                               0x08006f83   Thumb Code    18  stm32f10x_tim.o(.text)
    TIM_InternalClockConfig                  0x08006f95   Thumb Code    12  stm32f10x_tim.o(.text)
    TIM_SelectInputTrigger                   0x08006fa1   Thumb Code    18  stm32f10x_tim.o(.text)
    TIM_ITRxExternalClockConfig              0x08006fb3   Thumb Code    24  stm32f10x_tim.o(.text)
    TIM_TIxExternalClockConfig               0x08006fcb   Thumb Code    62  stm32f10x_tim.o(.text)
    TIM_ETRConfig                            0x08007009   Thumb Code    28  stm32f10x_tim.o(.text)
    TIM_ETRClockMode1Config                  0x08007025   Thumb Code    54  stm32f10x_tim.o(.text)
    TIM_ETRClockMode2Config                  0x0800705b   Thumb Code    32  stm32f10x_tim.o(.text)
    TIM_PrescalerConfig                      0x0800707b   Thumb Code     6  stm32f10x_tim.o(.text)
    TIM_CounterModeConfig                    0x08007081   Thumb Code    18  stm32f10x_tim.o(.text)
    TIM_EncoderInterfaceConfig               0x08007093   Thumb Code    66  stm32f10x_tim.o(.text)
    TIM_ForcedOC1Config                      0x080070d5   Thumb Code    18  stm32f10x_tim.o(.text)
    TIM_ForcedOC2Config                      0x080070e7   Thumb Code    26  stm32f10x_tim.o(.text)
    TIM_ForcedOC3Config                      0x08007101   Thumb Code    18  stm32f10x_tim.o(.text)
    TIM_ForcedOC4Config                      0x08007113   Thumb Code    26  stm32f10x_tim.o(.text)
    TIM_ARRPreloadConfig                     0x0800712d   Thumb Code    24  stm32f10x_tim.o(.text)
    TIM_SelectCOM                            0x08007145   Thumb Code    24  stm32f10x_tim.o(.text)
    TIM_SelectCCDMA                          0x0800715d   Thumb Code    24  stm32f10x_tim.o(.text)
    TIM_CCPreloadControl                     0x08007175   Thumb Code    24  stm32f10x_tim.o(.text)
    TIM_OC1PreloadConfig                     0x0800718d   Thumb Code    18  stm32f10x_tim.o(.text)
    TIM_OC2PreloadConfig                     0x0800719f   Thumb Code    26  stm32f10x_tim.o(.text)
    TIM_OC3PreloadConfig                     0x080071b9   Thumb Code    18  stm32f10x_tim.o(.text)
    TIM_OC4PreloadConfig                     0x080071cb   Thumb Code    26  stm32f10x_tim.o(.text)
    TIM_OC1FastConfig                        0x080071e5   Thumb Code    18  stm32f10x_tim.o(.text)
    TIM_OC2FastConfig                        0x080071f7   Thumb Code    26  stm32f10x_tim.o(.text)
    TIM_OC3FastConfig                        0x08007211   Thumb Code    18  stm32f10x_tim.o(.text)
    TIM_OC4FastConfig                        0x08007223   Thumb Code    26  stm32f10x_tim.o(.text)
    TIM_ClearOC1Ref                          0x0800723d   Thumb Code    18  stm32f10x_tim.o(.text)
    TIM_ClearOC2Ref                          0x0800724f   Thumb Code    24  stm32f10x_tim.o(.text)
    TIM_ClearOC3Ref                          0x08007267   Thumb Code    18  stm32f10x_tim.o(.text)
    TIM_ClearOC4Ref                          0x08007279   Thumb Code    24  stm32f10x_tim.o(.text)
    TIM_OC1PolarityConfig                    0x08007291   Thumb Code    18  stm32f10x_tim.o(.text)
    TIM_OC1NPolarityConfig                   0x080072a3   Thumb Code    18  stm32f10x_tim.o(.text)
    TIM_OC2PolarityConfig                    0x080072b5   Thumb Code    26  stm32f10x_tim.o(.text)
    TIM_OC2NPolarityConfig                   0x080072cf   Thumb Code    26  stm32f10x_tim.o(.text)
    TIM_OC3PolarityConfig                    0x080072e9   Thumb Code    26  stm32f10x_tim.o(.text)
    TIM_OC3NPolarityConfig                   0x08007303   Thumb Code    26  stm32f10x_tim.o(.text)
    TIM_OC4PolarityConfig                    0x0800731d   Thumb Code    26  stm32f10x_tim.o(.text)
    TIM_CCxCmd                               0x08007337   Thumb Code    30  stm32f10x_tim.o(.text)
    TIM_CCxNCmd                              0x08007355   Thumb Code    30  stm32f10x_tim.o(.text)
    TIM_SelectOCxM                           0x08007373   Thumb Code    82  stm32f10x_tim.o(.text)
    TIM_UpdateDisableConfig                  0x080073c5   Thumb Code    24  stm32f10x_tim.o(.text)
    TIM_UpdateRequestConfig                  0x080073dd   Thumb Code    24  stm32f10x_tim.o(.text)
    TIM_SelectHallSensor                     0x080073f5   Thumb Code    24  stm32f10x_tim.o(.text)
    TIM_SelectOnePulseMode                   0x0800740d   Thumb Code    18  stm32f10x_tim.o(.text)
    TIM_SelectOutputTrigger                  0x0800741f   Thumb Code    18  stm32f10x_tim.o(.text)
    TIM_SelectSlaveMode                      0x08007431   Thumb Code    18  stm32f10x_tim.o(.text)
    TIM_SelectMasterSlaveMode                0x08007443   Thumb Code    18  stm32f10x_tim.o(.text)
    TIM_SetCounter                           0x08007455   Thumb Code     4  stm32f10x_tim.o(.text)
    TIM_SetAutoreload                        0x08007459   Thumb Code     4  stm32f10x_tim.o(.text)
    TIM_SetCompare1                          0x0800745d   Thumb Code     4  stm32f10x_tim.o(.text)
    TIM_SetCompare2                          0x08007461   Thumb Code     4  stm32f10x_tim.o(.text)
    TIM_SetCompare3                          0x08007465   Thumb Code     4  stm32f10x_tim.o(.text)
    TIM_SetCompare4                          0x08007469   Thumb Code     6  stm32f10x_tim.o(.text)
    TIM_SetClockDivision                     0x0800746f   Thumb Code    18  stm32f10x_tim.o(.text)
    TIM_GetCapture1                          0x08007481   Thumb Code     6  stm32f10x_tim.o(.text)
    TIM_GetCapture2                          0x08007487   Thumb Code     6  stm32f10x_tim.o(.text)
    TIM_GetCapture3                          0x0800748d   Thumb Code     6  stm32f10x_tim.o(.text)
    TIM_GetCapture4                          0x08007493   Thumb Code     8  stm32f10x_tim.o(.text)
    TIM_GetCounter                           0x0800749b   Thumb Code     6  stm32f10x_tim.o(.text)
    TIM_GetPrescaler                         0x080074a1   Thumb Code     6  stm32f10x_tim.o(.text)
    TIM_GetFlagStatus                        0x080074a7   Thumb Code    18  stm32f10x_tim.o(.text)
    TIM_ClearFlag                            0x080074b9   Thumb Code     6  stm32f10x_tim.o(.text)
    TIM_GetITStatus                          0x080074bf   Thumb Code    34  stm32f10x_tim.o(.text)
    TIM_ClearITPendingBit                    0x080074e1   Thumb Code     6  stm32f10x_tim.o(.text)
    USART_DeInit                             0x080074e9   Thumb Code   134  stm32f10x_usart.o(.text)
    USART_Init                               0x0800756f   Thumb Code   210  stm32f10x_usart.o(.text)
    USART_StructInit                         0x08007641   Thumb Code    24  stm32f10x_usart.o(.text)
    USART_ClockInit                          0x08007659   Thumb Code    34  stm32f10x_usart.o(.text)
    USART_ClockStructInit                    0x0800767b   Thumb Code    12  stm32f10x_usart.o(.text)
    USART_Cmd                                0x08007687   Thumb Code    24  stm32f10x_usart.o(.text)
    USART_ITConfig                           0x0800769f   Thumb Code    74  stm32f10x_usart.o(.text)
    USART_DMACmd                             0x080076e9   Thumb Code    18  stm32f10x_usart.o(.text)
    USART_SetAddress                         0x080076fb   Thumb Code    18  stm32f10x_usart.o(.text)
    USART_WakeUpConfig                       0x0800770d   Thumb Code    18  stm32f10x_usart.o(.text)
    USART_ReceiverWakeUpCmd                  0x0800771f   Thumb Code    24  stm32f10x_usart.o(.text)
    USART_LINBreakDetectLengthConfig         0x08007737   Thumb Code    18  stm32f10x_usart.o(.text)
    USART_LINCmd                             0x08007749   Thumb Code    24  stm32f10x_usart.o(.text)
    USART_SendData                           0x08007761   Thumb Code     8  stm32f10x_usart.o(.text)
    USART_ReceiveData                        0x08007769   Thumb Code    10  stm32f10x_usart.o(.text)
    USART_SendBreak                          0x08007773   Thumb Code    10  stm32f10x_usart.o(.text)
    USART_SetGuardTime                       0x0800777d   Thumb Code    16  stm32f10x_usart.o(.text)
    USART_SetPrescaler                       0x0800778d   Thumb Code    16  stm32f10x_usart.o(.text)
    USART_SmartCardCmd                       0x0800779d   Thumb Code    24  stm32f10x_usart.o(.text)
    USART_SmartCardNACKCmd                   0x080077b5   Thumb Code    24  stm32f10x_usart.o(.text)
    USART_HalfDuplexCmd                      0x080077cd   Thumb Code    24  stm32f10x_usart.o(.text)
    USART_OverSampling8Cmd                   0x080077e5   Thumb Code    22  stm32f10x_usart.o(.text)
    USART_OneBitMethodCmd                    0x080077fb   Thumb Code    24  stm32f10x_usart.o(.text)
    USART_IrDAConfig                         0x08007813   Thumb Code    18  stm32f10x_usart.o(.text)
    USART_IrDACmd                            0x08007825   Thumb Code    24  stm32f10x_usart.o(.text)
    USART_GetFlagStatus                      0x0800783d   Thumb Code    26  stm32f10x_usart.o(.text)
    USART_ClearFlag                          0x08007857   Thumb Code    18  stm32f10x_usart.o(.text)
    USART_GetITStatus                        0x08007869   Thumb Code    84  stm32f10x_usart.o(.text)
    USART_ClearITPendingBit                  0x080078bd   Thumb Code    52  stm32f10x_usart.o(.text)
    SystemInit                               0x080079cf   Thumb Code    78  system_stm32f10x.o(.text)
    SystemCoreClockUpdate                    0x08007a1d   Thumb Code   142  system_stm32f10x.o(.text)
    Reset_Handler                            0x08007ad1   Thumb Code     8  startup_stm32f10x_md.o(.text)
    HardFault_Handler                        0x08007adb   Thumb Code     2  startup_stm32f10x_md.o(.text)
    PendSV_Handler                           0x08007ae7   Thumb Code     2  startup_stm32f10x_md.o(.text)
    ADC1_2_IRQHandler                        0x08007aeb   Thumb Code     0  startup_stm32f10x_md.o(.text)
    CAN1_RX1_IRQHandler                      0x08007aeb   Thumb Code     0  startup_stm32f10x_md.o(.text)
    CAN1_SCE_IRQHandler                      0x08007aeb   Thumb Code     0  startup_stm32f10x_md.o(.text)
    DMA1_Channel1_IRQHandler                 0x08007aeb   Thumb Code     0  startup_stm32f10x_md.o(.text)
    DMA1_Channel2_IRQHandler                 0x08007aeb   Thumb Code     0  startup_stm32f10x_md.o(.text)
    DMA1_Channel3_IRQHandler                 0x08007aeb   Thumb Code     0  startup_stm32f10x_md.o(.text)
    DMA1_Channel4_IRQHandler                 0x08007aeb   Thumb Code     0  startup_stm32f10x_md.o(.text)
    DMA1_Channel5_IRQHandler                 0x08007aeb   Thumb Code     0  startup_stm32f10x_md.o(.text)
    DMA1_Channel6_IRQHandler                 0x08007aeb   Thumb Code     0  startup_stm32f10x_md.o(.text)
    DMA1_Channel7_IRQHandler                 0x08007aeb   Thumb Code     0  startup_stm32f10x_md.o(.text)
    EXTI0_IRQHandler                         0x08007aeb   Thumb Code     0  startup_stm32f10x_md.o(.text)
    EXTI15_10_IRQHandler                     0x08007aeb   Thumb Code     0  startup_stm32f10x_md.o(.text)
    EXTI1_IRQHandler                         0x08007aeb   Thumb Code     0  startup_stm32f10x_md.o(.text)
    EXTI2_IRQHandler                         0x08007aeb   Thumb Code     0  startup_stm32f10x_md.o(.text)
    EXTI3_IRQHandler                         0x08007aeb   Thumb Code     0  startup_stm32f10x_md.o(.text)
    EXTI4_IRQHandler                         0x08007aeb   Thumb Code     0  startup_stm32f10x_md.o(.text)
    EXTI9_5_IRQHandler                       0x08007aeb   Thumb Code     0  startup_stm32f10x_md.o(.text)
    FLASH_IRQHandler                         0x08007aeb   Thumb Code     0  startup_stm32f10x_md.o(.text)
    I2C1_ER_IRQHandler                       0x08007aeb   Thumb Code     0  startup_stm32f10x_md.o(.text)
    I2C1_EV_IRQHandler                       0x08007aeb   Thumb Code     0  startup_stm32f10x_md.o(.text)
    I2C2_ER_IRQHandler                       0x08007aeb   Thumb Code     0  startup_stm32f10x_md.o(.text)
    I2C2_EV_IRQHandler                       0x08007aeb   Thumb Code     0  startup_stm32f10x_md.o(.text)
    PVD_IRQHandler                           0x08007aeb   Thumb Code     0  startup_stm32f10x_md.o(.text)
    RCC_IRQHandler                           0x08007aeb   Thumb Code     0  startup_stm32f10x_md.o(.text)
    RTCAlarm_IRQHandler                      0x08007aeb   Thumb Code     0  startup_stm32f10x_md.o(.text)
    RTC_IRQHandler                           0x08007aeb   Thumb Code     0  startup_stm32f10x_md.o(.text)
    SPI1_IRQHandler                          0x08007aeb   Thumb Code     0  startup_stm32f10x_md.o(.text)
    SPI2_IRQHandler                          0x08007aeb   Thumb Code     0  startup_stm32f10x_md.o(.text)
    TAMPER_IRQHandler                        0x08007aeb   Thumb Code     0  startup_stm32f10x_md.o(.text)
    TIM1_BRK_IRQHandler                      0x08007aeb   Thumb Code     0  startup_stm32f10x_md.o(.text)
    TIM1_CC_IRQHandler                       0x08007aeb   Thumb Code     0  startup_stm32f10x_md.o(.text)
    TIM1_TRG_COM_IRQHandler                  0x08007aeb   Thumb Code     0  startup_stm32f10x_md.o(.text)
    TIM1_UP_IRQHandler                       0x08007aeb   Thumb Code     0  startup_stm32f10x_md.o(.text)
    TIM2_IRQHandler                          0x08007aeb   Thumb Code     0  startup_stm32f10x_md.o(.text)
    TIM3_IRQHandler                          0x08007aeb   Thumb Code     0  startup_stm32f10x_md.o(.text)
    TIM4_IRQHandler                          0x08007aeb   Thumb Code     0  startup_stm32f10x_md.o(.text)
    USART2_IRQHandler                        0x08007aeb   Thumb Code     0  startup_stm32f10x_md.o(.text)
    USBWakeUp_IRQHandler                     0x08007aeb   Thumb Code     0  startup_stm32f10x_md.o(.text)
    USB_HP_CAN1_TX_IRQHandler                0x08007aeb   Thumb Code     0  startup_stm32f10x_md.o(.text)
    USB_LP_CAN1_RX0_IRQHandler               0x08007aeb   Thumb Code     0  startup_stm32f10x_md.o(.text)
    WWDG_IRQHandler                          0x08007aeb   Thumb Code     0  startup_stm32f10x_md.o(.text)
    __user_initial_stackheap                 0x08007aed   Thumb Code     0  startup_stm32f10x_md.o(.text)
    __use_two_region_memory                  0x08007b11   Thumb Code     2  heapauxi.o(.text)
    __rt_heap_escrow                         0x08007b13   Thumb Code     2  heapauxi.o(.text)
    __rt_heap_expand                         0x08007b15   Thumb Code     2  heapauxi.o(.text)
    __cpp_initialize__aeabi_                 0x08007b19   Thumb Code    26  init_aeabi.o(.text)
    __read_errno                             0x08007b3d   Thumb Code    10  _rserrno.o(.text)
    __set_errno                              0x08007b47   Thumb Code    12  _rserrno.o(.text)
    __aeabi_errno_addr                       0x08007b55   Thumb Code     8  rt_errno_addr_intlibspace.o(.text)
    __errno$intlibspace                      0x08007b55   Thumb Code     0  rt_errno_addr_intlibspace.o(.text)
    __rt_errno_addr$intlibspace              0x08007b55   Thumb Code     0  rt_errno_addr_intlibspace.o(.text)
    __user_libspace                          0x08007b5d   Thumb Code     8  libspace.o(.text)
    __user_perproc_libspace                  0x08007b5d   Thumb Code     0  libspace.o(.text)
    __user_perthread_libspace                0x08007b5d   Thumb Code     0  libspace.o(.text)
    __user_setup_stackheap                   0x08007b65   Thumb Code    74  sys_stackheap_outer.o(.text)
    exit                                     0x08007baf   Thumb Code    12  exit.o(.text)
    _sys_exit                                0x08007bbd   Thumb Code     8  sys_exit.o(.text)
    __I$use$semihosting                      0x08007bc9   Thumb Code     0  use_no_semi.o(.text)
    __use_no_semihosting_swi                 0x08007bc9   Thumb Code     2  use_no_semi.o(.text)
    FTC_Filter::LPF2ndData_t::LPF2ndData_t() 0x08007bcb   Thumb Code    30  ftc_imu.o(i._ZN10FTC_Filter12LPF2ndData_tC1Ev)
    FTC_Filter::LPF2ndData_t::LPF2ndData_t__sub_object() 0x08007bcb   Thumb Code     0  ftc_imu.o(i._ZN10FTC_Filter12LPF2ndData_tC1Ev)
    __semihosting_library_function           0x08007bcb   Thumb Code     0  indicate_semi.o(.text)
    FTC_Filter::LPF4thData_t::LPF4thData_t() 0x08007be9   Thumb Code    90  ftc_imu.o(i._ZN10FTC_Filter12LPF4thData_tC1Ev)
    FTC_Filter::LPF4thData_t::LPF4thData_t__sub_object() 0x08007be9   Thumb Code     0  ftc_imu.o(i._ZN10FTC_Filter12LPF4thData_tC1Ev)
    FTC_PID::set_pid(float, float, float, float) 0x08007c43   Thumb Code    14  ftc_flycontrol.o(i._ZN7FTC_PID7set_pidEffff)
    FTC_PID::FTC_PID()                       0x08007c51   Thumb Code    12  ftc_flycontrol.o(i._ZN7FTC_PIDC1Ev)
    FTC_PID::FTC_PID__sub_object()           0x08007c51   Thumb Code     0  ftc_flycontrol.o(i._ZN7FTC_PIDC1Ev)
    __ARM_fpclassifyf                        0x08007c5d   Thumb Code    38  fpclassifyf.o(i.__ARM_fpclassifyf)
    __ARM_isnanf                             0x08007c83   Thumb Code    14  ftc_math.o(i.__ARM_isnanf)
    __aeabi_vec_ctor_nocookie_nodtor         0x08007c91   Thumb Code    36  aeabi_vec_ctor_nocookie_nodtor.o(i.__aeabi_vec_ctor_nocookie_nodtor)
    __cxa_guard_acquire                      0x08007cb5   Thumb Code    16  cxa_guard_acquire.o(i.__cxa_guard_acquire)
    __mathlib_flt_underflow                  0x08007cc5   Thumb Code    10  funder.o(i.__mathlib_flt_underflow)
    __mathlib_rredf2                         0x08007cd1   Thumb Code   326  rredf.o(i.__mathlib_rredf2)
    asinf                                    0x08007e29   Thumb Code   260  asinf.o(i.asinf)
    cosf                                     0x08007f51   Thumb Code   334  cosf.o(i.cosf)
    __mathlib_powf                           0x080080d5   Thumb Code     0  powf.o(i.powf)
    powf                                     0x080080d5   Thumb Code  1538  powf.o(i.powf)
    sinf                                     0x080086f1   Thumb Code   344  sinf.o(i.sinf)
    sqrtf                                    0x0800887d   Thumb Code    44  sqrtf.o(i.sqrtf)
    Matrix3<float>::from_euler(const Vector3<float>&) 0x080088a9   Thumb Code   264  ftc_matrix3.o(t._ZN7Matrix3IfE10from_eulerERK7Vector3IfE)
    Vector3<double>::Vector3()               0x080089b1   Thumb Code    16  ftc_imu.o(t._ZN7Vector3IdEC1Ev)
    Vector3<double>::Vector3__sub_object()   0x080089b1   Thumb Code     0  ftc_imu.o(t._ZN7Vector3IdEC1Ev)
    Vector3<float>::Vector3(float, float, float) 0x080089c1   Thumb Code     8  ftc_matrix3.o(t._ZN7Vector3IfEC1Efff)
    Vector3<float>::Vector3__sub_object(float, float, float) 0x080089c1   Thumb Code     0  ftc_matrix3.o(t._ZN7Vector3IfEC1Efff)
    Vector3<float>::Vector3()                0x080089c9   Thumb Code    10  ftc_imu.o(t._ZN7Vector3IfEC1Ev)
    Vector3<float>::Vector3__sub_object()    0x080089c9   Thumb Code     0  ftc_imu.o(t._ZN7Vector3IfEC1Ev)
    Vector3<float>::operator ()(float, float, float) 0x080089d3   Thumb Code     8  ftc_navgation.o(t._ZN7Vector3IfEclEfff)
    Vector3<float>::operator +=(const Vector3<float>&) 0x080089db   Thumb Code    40  ftc_vector3.o(t._ZN7Vector3IfEpLERKS0_)
    Vector3<short>::Vector3()                0x08008a03   Thumb Code    10  ftc_flycontrol.o(t._ZN7Vector3IsEC1Ev)
    Vector3<short>::Vector3__sub_object()    0x08008a03   Thumb Code     0  ftc_flycontrol.o(t._ZN7Vector3IsEC1Ev)
    Vector3<short>::operator ()(short, short, short) 0x08008a0d   Thumb Code     8  ftc_drv_mpu6050.o(t._ZN7Vector3IsEclEsss)
    Matrix3<float>::operator *(const Vector3<float>&) const 0x08008a15   Thumb Code   164  ftc_matrix3.o(t._ZNK7Matrix3IfEmlERK7Vector3IfE)
    Vector3<float>::operator -(const Vector3<float>&) const 0x08008ab9   Thumb Code    56  ftc_vector3.o(t._ZNK7Vector3IfEmiERKS0_)
    Vector3<float>::operator *(const Vector3<float>&) const 0x08008af1   Thumb Code    56  ftc_vector3.o(t._ZNK7Vector3IfEmlERKS0_)
    Vector3<float>::operator *(float) const  0x08008b29   Thumb Code    56  ftc_vector3.o(t._ZNK7Vector3IfEmlEf)
    Vector3<float>::operator +(const Vector3<float>&) const 0x08008b61   Thumb Code    56  ftc_vector3.o(t._ZNK7Vector3IfEplERKS0_)
    __aeabi_d2f                              0x08008b99   Thumb Code     0  d2f.o(x$fpl$d2f)
    _d2f                                     0x08008b99   Thumb Code    98  d2f.o(x$fpl$d2f)
    __aeabi_dadd                             0x08008bfd   Thumb Code     0  daddsub_clz.o(x$fpl$dadd)
    _dadd                                    0x08008bfd   Thumb Code   332  daddsub_clz.o(x$fpl$dadd)
    __fpl_dcmp_Inf                           0x08008d4d   Thumb Code    24  dcmpi.o(x$fpl$dcmpinf)
    __aeabi_d2iz                             0x08008d65   Thumb Code     0  dfix.o(x$fpl$dfix)
    _dfix                                    0x08008d65   Thumb Code    94  dfix.o(x$fpl$dfix)
    __aeabi_i2d                              0x08008dc3   Thumb Code     0  dflt_clz.o(x$fpl$dflt)
    _dflt                                    0x08008dc3   Thumb Code    46  dflt_clz.o(x$fpl$dflt)
    __aeabi_ui2d                             0x08008df1   Thumb Code     0  dflt_clz.o(x$fpl$dfltu)
    _dfltu                                   0x08008df1   Thumb Code    38  dflt_clz.o(x$fpl$dfltu)
    __aeabi_cdcmple                          0x08008e19   Thumb Code     0  dleqf.o(x$fpl$dleqf)
    _dcmple                                  0x08008e19   Thumb Code   120  dleqf.o(x$fpl$dleqf)
    __fpl_dcmple_InfNaN                      0x08008e7b   Thumb Code     0  dleqf.o(x$fpl$dleqf)
    __aeabi_dmul                             0x08008e91   Thumb Code     0  dmul.o(x$fpl$dmul)
    _dmul                                    0x08008e91   Thumb Code   332  dmul.o(x$fpl$dmul)
    __fpl_dnaninf                            0x08008fe5   Thumb Code   156  dnaninf.o(x$fpl$dnaninf)
    __fpl_dretinf                            0x08009081   Thumb Code    12  dretinf.o(x$fpl$dretinf)
    __aeabi_dsub                             0x0800908d   Thumb Code     0  daddsub_clz.o(x$fpl$dsub)
    _dsub                                    0x0800908d   Thumb Code   464  daddsub_clz.o(x$fpl$dsub)
    __aeabi_f2d                              0x08009261   Thumb Code     0  f2d.o(x$fpl$f2d)
    _f2d                                     0x08009261   Thumb Code    86  f2d.o(x$fpl$f2d)
    __aeabi_fadd                             0x080092b9   Thumb Code     0  faddsub_clz.o(x$fpl$fadd)
    _fadd                                    0x080092b9   Thumb Code   196  faddsub_clz.o(x$fpl$fadd)
    __fpl_fcheck_NaN1                        0x0800937d   Thumb Code     6  fcheck1.o(x$fpl$fcheck1)
    __fpl_fcmp_Inf                           0x08009389   Thumb Code    24  fcmpi.o(x$fpl$fcmpinf)
    __aeabi_fdiv                             0x080093a1   Thumb Code     0  fdiv.o(x$fpl$fdiv)
    _fdiv                                    0x080093a1   Thumb Code   384  fdiv.o(x$fpl$fdiv)
    __aeabi_cfcmpeq                          0x08009525   Thumb Code     0  feqf.o(x$fpl$feqf)
    _fcmpeq                                  0x08009525   Thumb Code   104  feqf.o(x$fpl$feqf)
    __aeabi_f2iz                             0x0800958d   Thumb Code     0  ffix.o(x$fpl$ffix)
    _ffix                                    0x0800958d   Thumb Code    54  ffix.o(x$fpl$ffix)
    _ffix_r                                  0x080095c5   Thumb Code    82  ffix.o(x$fpl$ffixr)
    __aeabi_f2uiz                            0x08009619   Thumb Code     0  ffixu.o(x$fpl$ffixu)
    _ffixu                                   0x08009619   Thumb Code    62  ffixu.o(x$fpl$ffixu)
    __aeabi_i2f                              0x08009659   Thumb Code     0  fflt_clz.o(x$fpl$fflt)
    _fflt                                    0x08009659   Thumb Code    48  fflt_clz.o(x$fpl$fflt)
    __aeabi_ui2f                             0x08009689   Thumb Code     0  fflt_clz.o(x$fpl$ffltu)
    _ffltu                                   0x08009689   Thumb Code    38  fflt_clz.o(x$fpl$ffltu)
    __aeabi_cfcmple                          0x080096b1   Thumb Code     0  fleqf.o(x$fpl$fleqf)
    _fcmple                                  0x080096b1   Thumb Code   104  fleqf.o(x$fpl$fleqf)
    __fpl_fcmple_InfNaN                      0x08009703   Thumb Code     0  fleqf.o(x$fpl$fleqf)
    __aeabi_fmul                             0x08009719   Thumb Code     0  fmul.o(x$fpl$fmul)
    _fmul                                    0x08009719   Thumb Code   258  fmul.o(x$fpl$fmul)
    __fpl_fnaninf                            0x0800981b   Thumb Code   140  fnaninf.o(x$fpl$fnaninf)
    __fpl_fretinf                            0x080098a7   Thumb Code    10  fretinf.o(x$fpl$fretinf)
    __aeabi_cfrcmple                         0x080098b1   Thumb Code     0  frleqf.o(x$fpl$frleqf)
    _frcmple                                 0x080098b1   Thumb Code    98  frleqf.o(x$fpl$frleqf)
    _frnd                                    0x08009915   Thumb Code    96  frnd.o(x$fpl$frnd)
    __aeabi_frsub                            0x08009975   Thumb Code     0  faddsub_clz.o(x$fpl$frsb)
    _frsb                                    0x08009975   Thumb Code    20  faddsub_clz.o(x$fpl$frsb)
    _fsqrt                                   0x08009989   Thumb Code   272  fsqrt.o(x$fpl$fsqrt)
    __aeabi_fsub                             0x08009a99   Thumb Code     0  faddsub_clz.o(x$fpl$fsub)
    _fsub                                    0x08009a99   Thumb Code   234  faddsub_clz.o(x$fpl$fsub)
    __fpl_return_NaN                         0x08009b83   Thumb Code   100  retnan.o(x$fpl$retnan)
    __ARM_scalbnf                            0x08009be7   Thumb Code    76  scalbnf.o(x$fpl$scalbnf)
    __fpl_cmpreturn                          0x08009c33   Thumb Code    48  trapv.o(x$fpl$trapveneer)
    __I$use$fp                               0x08009c62   Number         0  usenofp.o(x$fpl$usenofp)
    VirtAddVarTab                            0x08009c6a   Data          50  ftc_drv_eeprom.o(.constdata)
    Region$$Table$$Base                      0x08009dfc   Number         0  anon$$obj.o(Region$$Table)
    Region$$Table$$Limit                     0x08009e1c   Number         0  anon$$obj.o(Region$$Table)
    SHT$$INIT_ARRAY$$Base                    0x08009e1c   Number         0  ftc_config.o(.init_array)
    SHT$$INIT_ARRAY$$Limit                   0x08009e3c   Number         0  init_aeabi.o(.init_array)
    param                                    0x2000003a   Data           1  ftc_param.o(.data)
    FirstInitFlag                            0x2000003c   Data           2  ftc_param.o(.data)
    ADC_ConvertedValue                       0x20000048   Data           2  ftc_drv_adc.o(.data)
    ADC_Battery                              0x2000004c   Data           4  ftc_drv_adc.o(.data)
    V_Battery                                0x20000050   Data           4  ftc_drv_adc.o(.data)
    DataVar                                  0x20000054   Data           2  ftc_drv_eeprom.o(.data)
    CurWrAddress                             0x20000058   Data           4  ftc_drv_eeprom.o(.data)
    led                                      0x2000005c   Data           1  ftc_drv_led.o(.data)
    TX_ADDRESS                               0x20000079   Data           5  ftc_drv_nrf24l01.o(.data)
    RX_ADDRESS                               0x2000007e   Data           5  ftc_drv_nrf24l01.o(.data)
    pwm                                      0x20000083   Data           1  ftc_drv_pwm.o(.data)
    uart3                                    0x20000084   Data           1  ftc_drv_uart3.o(.data)
    TxCounter3                               0x20000085   Data           1  ftc_drv_uart3.o(.data)
    count3                                   0x20000086   Data           1  ftc_drv_uart3.o(.data)
    SystemCoreClock                          0x200000a0   Data           4  system_stm32f10x.o(.data)
    AHBPrescTable                            0x200000a4   Data          16  system_stm32f10x.o(.data)
    ftc                                      0x200000b4   Data          16  ftc_config.o(.bss)
    dt                                       0x200000c4   Data          65  ftc_dt.o(.bss)
    fc                                       0x20000108   Data         244  ftc_flycontrol.o(.bss)
    imu                                      0x20000200   Data         688  ftc_imu.o(.bss)
    motor                                    0x200004b0   Data          12  ftc_motor.o(.bss)
    nav                                      0x200004bc   Data         212  ftc_navgation.o(.bss)
    rc                                       0x20000590   Data          66  ftc_rc.o(.bss)
    scheduler                                0x200005d2   Data          10  ftc_scheduler.o(.bss)
    mpu6050                                  0x200005dc   Data          64  ftc_drv_mpu6050.o(.bss)
    ms5611                                   0x20000634   Data          40  ftc_drv_ms5611.o(.bss)
    nrf                                      0x2000065c   Data         510  ftc_drv_nrf24l01.o(.bss)
    TxBuffer3                                0x2000085a   Data         256  ftc_drv_uart3.o(.bss)
    __libspace_start                         0x2000098c   Data          96  libspace.o(.bss)
    __temporary_stack_top$libspace           0x200009ec   Data           0  libspace.o(.bss)



==============================================================================

Memory Map of the image

  Image Entry point : 0x080000ed

  Load Region LR_IROM1 (Base: 0x08000000, Size: 0x00009ef0, Max: 0x00010000, ABSOLUTE)

    Execution Region ER_IROM1 (Base: 0x08000000, Size: 0x00009e3c, Max: 0x00010000, ABSOLUTE)

    Base Addr    Size         Type   Attr      Idx    E Section Name        Object

    0x08000000   0x000000ec   Data   RO         1700    RESET               startup_stm32f10x_md.o
    0x080000ec   0x00000008   Code   RO         1711  * !!!main             c_w.l(__main.o)
    0x080000f4   0x00000034   Code   RO         2165    !!!scatter          c_w.l(__scatter.o)
    0x08000128   0x0000001a   Code   RO         2167    !!handler_copy      c_w.l(__scatter_copy.o)
    0x08000142   0x00000002   PAD
    0x08000144   0x0000001c   Code   RO         2169    !!handler_zi        c_w.l(__scatter_zi.o)
    0x08000160   0x00000002   Code   RO         1968    .ARM.Collect$$libinit$$00000000  c_w.l(libinit.o)
    0x08000162   0x00000000   Code   RO         1852    .ARM.Collect$$libinit$$00000002  c_w.l(libinit2.o)
    0x08000162   0x00000000   Code   RO         1855    .ARM.Collect$$libinit$$00000008  c_w.l(libinit2.o)
    0x08000162   0x00000000   Code   RO         1857    .ARM.Collect$$libinit$$0000000A  c_w.l(libinit2.o)
    0x08000162   0x00000000   Code   RO         1859    .ARM.Collect$$libinit$$0000000C  c_w.l(libinit2.o)
    0x08000162   0x00000000   Code   RO         1862    .ARM.Collect$$libinit$$0000000F  c_w.l(libinit2.o)
    0x08000162   0x00000000   Code   RO         1864    .ARM.Collect$$libinit$$00000011  c_w.l(libinit2.o)
    0x08000162   0x00000000   Code   RO         1866    .ARM.Collect$$libinit$$00000013  c_w.l(libinit2.o)
    0x08000162   0x00000000   Code   RO         1868    .ARM.Collect$$libinit$$00000015  c_w.l(libinit2.o)
    0x08000162   0x00000000   Code   RO         1870    .ARM.Collect$$libinit$$00000017  c_w.l(libinit2.o)
    0x08000162   0x00000000   Code   RO         1872    .ARM.Collect$$libinit$$00000019  c_w.l(libinit2.o)
    0x08000162   0x00000000   Code   RO         1874    .ARM.Collect$$libinit$$0000001B  c_w.l(libinit2.o)
    0x08000162   0x00000000   Code   RO         1876    .ARM.Collect$$libinit$$0000001D  c_w.l(libinit2.o)
    0x08000162   0x00000000   Code   RO         1878    .ARM.Collect$$libinit$$0000001F  c_w.l(libinit2.o)
    0x08000162   0x00000000   Code   RO         1880    .ARM.Collect$$libinit$$00000021  c_w.l(libinit2.o)
    0x08000162   0x00000000   Code   RO         1882    .ARM.Collect$$libinit$$00000023  c_w.l(libinit2.o)
    0x08000162   0x00000000   Code   RO         1886    .ARM.Collect$$libinit$$0000002A  c_w.l(libinit2.o)
    0x08000162   0x00000000   Code   RO         1888    .ARM.Collect$$libinit$$0000002C  c_w.l(libinit2.o)
    0x08000162   0x00000000   Code   RO         1890    .ARM.Collect$$libinit$$0000002E  c_w.l(libinit2.o)
    0x08000162   0x00000004   Code   RO         1891    .ARM.Collect$$libinit$$0000002F  c_w.l(libinit2.o)
    0x08000166   0x00000000   Code   RO         1892    .ARM.Collect$$libinit$$00000030  c_w.l(libinit2.o)
    0x08000166   0x00000002   Code   RO         1893    .ARM.Collect$$libinit$$00000031  c_w.l(libinit2.o)
    0x08000168   0x00000002   Code   RO         2123    .ARM.Collect$$libshutdown$$00000000  c_w.l(libshutdown.o)
    0x0800016a   0x00000000   Code   RO         2132    .ARM.Collect$$libshutdown$$00000003  c_w.l(libshutdown2.o)
    0x0800016a   0x00000000   Code   RO         2135    .ARM.Collect$$libshutdown$$00000006  c_w.l(libshutdown2.o)
    0x0800016a   0x00000000   Code   RO         2138    .ARM.Collect$$libshutdown$$00000009  c_w.l(libshutdown2.o)
    0x0800016a   0x00000000   Code   RO         2140    .ARM.Collect$$libshutdown$$0000000B  c_w.l(libshutdown2.o)
    0x0800016a   0x00000000   Code   RO         2143    .ARM.Collect$$libshutdown$$0000000E  c_w.l(libshutdown2.o)
    0x0800016a   0x00000002   Code   RO         2144    .ARM.Collect$$libshutdown$$0000000F  c_w.l(libshutdown2.o)
    0x0800016c   0x00000000   Code   RO         1848    .ARM.Collect$$rtentry$$00000000  c_w.l(rtentry.o)
    0x0800016c   0x00000000   Code   RO         1925    .ARM.Collect$$rtentry$$00000002  c_w.l(rtentry2.o)
    0x0800016c   0x00000006   Code   RO         1937    .ARM.Collect$$rtentry$$00000004  c_w.l(rtentry4.o)
    0x08000172   0x00000000   Code   RO         1927    .ARM.Collect$$rtentry$$00000009  c_w.l(rtentry2.o)
    0x08000172   0x00000004   Code   RO         1928    .ARM.Collect$$rtentry$$0000000A  c_w.l(rtentry2.o)
    0x08000176   0x00000000   Code   RO         1930    .ARM.Collect$$rtentry$$0000000C  c_w.l(rtentry2.o)
    0x08000176   0x00000008   Code   RO         1931    .ARM.Collect$$rtentry$$0000000D  c_w.l(rtentry2.o)
    0x0800017e   0x00000002   Code   RO         1979    .ARM.Collect$$rtexit$$00000000  c_w.l(rtexit.o)
    0x08000180   0x00000000   Code   RO         2063    .ARM.Collect$$rtexit$$00000002  c_w.l(rtexit2.o)
    0x08000180   0x00000004   Code   RO         2064    .ARM.Collect$$rtexit$$00000003  c_w.l(rtexit2.o)
    0x08000184   0x00000006   Code   RO         2065    .ARM.Collect$$rtexit$$00000004  c_w.l(rtexit2.o)
    0x0800018a   0x00000002   PAD
    0x0800018c   0x0000002c   Code   RO            3    .text               ftccopter.o
    0x080001b8   0x00000100   Code   RO          199    .text               ftc_config.o
    0x080002b8   0x00001324   Code   RO          230    .text               ftc_dt.o
    0x080015dc   0x00000334   Code   RO          255    .text               ftc_filter.o
    0x08001910   0x0000012c   Code   RO          294    .text               ftc_flycontrol.o
    0x08001a3c   0x000002c0   Code   RO          344    .text               ftc_imu.o
    0x08001cfc   0x000000d4   Code   RO          423    .text               ftc_motor.o
    0x08001dd0   0x000008b8   Code   RO          449    .text               ftc_navgation.o
    0x08002688   0x000005ac   Code   RO          490    .text               ftc_param.o
    0x08002c34   0x000003e0   Code   RO          544    .text               ftc_rc.o
    0x08003014   0x00000100   Code   RO          573    .text               ftc_scheduler.o
    0x08003114   0x000001d0   Code   RO          637    .text               ftc_math.o
    0x080032e4   0x0000016c   Code   RO         1074    .text               board.o
    0x08003450   0x000001dc   Code   RO         1146    .text               ftc_drv_adc.o
    0x0800362c   0x000004d8   Code   RO         1173    .text               ftc_drv_eeprom.o
    0x08003b04   0x000003c8   Code   RO         1201    .text               ftc_drv_i2c_soft.o
    0x08003ecc   0x0000000a   Code   RO         1221    .text               ftc_drv_led.o
    0x08003ed6   0x00000002   PAD
    0x08003ed8   0x00000504   Code   RO         1247    .text               ftc_drv_mpu6050.o
    0x080043dc   0x0000030c   Code   RO         1308    .text               ftc_drv_ms5611.o
    0x080046e8   0x000002f8   Code   RO         1345    .text               ftc_drv_nrf24l01.o
    0x080049e0   0x000001f0   Code   RO         1372    .text               ftc_drv_pwm.o
    0x08004bd0   0x00000144   Code   RO         1398    .text               ftc_drv_spi2.o
    0x08004d14   0x00000244   Code   RO         1418    .text               ftc_drv_uart3.o
    0x08004f58   0x0000002c   Code   RO         1445    .text               stm32f10x_it.o
    0x08004f84   0x000000dc   Code   RO         1469    .text               misc.o
    0x08005060   0x0000044e   Code   RO         1490    .text               stm32f10x_adc.o
    0x080054ae   0x00000002   PAD
    0x080054b0   0x00000254   Code   RO         1511    .text               stm32f10x_dma.o
    0x08005704   0x000005bc   Code   RO         1532    .text               stm32f10x_flash.o
    0x08005cc0   0x0000035c   Code   RO         1553    .text               stm32f10x_gpio.o
    0x0800601c   0x000003a4   Code   RO         1574    .text               stm32f10x_rcc.o
    0x080063c0   0x0000030c   Code   RO         1597    .text               stm32f10x_spi.o
    0x080066cc   0x00000e1a   Code   RO         1618    .text               stm32f10x_tim.o
    0x080074e6   0x00000002   PAD
    0x080074e8   0x00000408   Code   RO         1639    .text               stm32f10x_usart.o
    0x080078f0   0x000001e0   Code   RO         1660    .text               system_stm32f10x.o
    0x08007ad0   0x00000040   Code   RO         1701    .text               startup_stm32f10x_md.o
    0x08007b10   0x00000006   Code   RO         1709    .text               c_w.l(heapauxi.o)
    0x08007b16   0x00000002   PAD
    0x08007b18   0x00000024   Code   RO         1716    .text               c_w.l(init_aeabi.o)
    0x08007b3c   0x00000016   Code   RO         1849    .text               c_w.l(_rserrno.o)
    0x08007b52   0x00000002   PAD
    0x08007b54   0x00000008   Code   RO         1942    .text               c_w.l(rt_errno_addr_intlibspace.o)
    0x08007b5c   0x00000008   Code   RO         1952    .text               c_w.l(libspace.o)
    0x08007b64   0x0000004a   Code   RO         1955    .text               c_w.l(sys_stackheap_outer.o)
    0x08007bae   0x0000000c   Code   RO         1957    .text               c_w.l(exit.o)
    0x08007bba   0x00000002   PAD
    0x08007bbc   0x0000000c   Code   RO         2055    .text               c_w.l(sys_exit.o)
    0x08007bc8   0x00000002   Code   RO         2057    .text               c_w.l(use_no_semi.o)
    0x08007bca   0x00000000   Code   RO         2061    .text               c_w.l(indicate_semi.o)
    0x08007bca   0x0000001e   Code   RO          373    i._ZN10FTC_Filter12LPF2ndData_tC1Ev  ftc_imu.o
    0x08007be8   0x0000005a   Code   RO          364    i._ZN10FTC_Filter12LPF4thData_tC1Ev  ftc_imu.o
    0x08007c42   0x0000000e   Code   RO          313    i._ZN7FTC_PID7set_pidEffff  ftc_flycontrol.o
    0x08007c50   0x0000000c   Code   RO          325    i._ZN7FTC_PIDC1Ev   ftc_flycontrol.o
    0x08007c5c   0x00000026   Code   RO         1917    i.__ARM_fpclassifyf  m_ws.l(fpclassifyf.o)
    0x08007c82   0x0000000e   Code   RO          647    i.__ARM_isnanf      ftc_math.o
    0x08007c90   0x00000024   Code   RO         1719    i.__aeabi_vec_ctor_nocookie_nodtor  cpprt_w.l(aeabi_vec_ctor_nocookie_nodtor.o)
    0x08007cb4   0x00000010   Code   RO         1722    i.__cxa_guard_acquire  cpprt_w.l(cxa_guard_acquire.o)
    0x08007cc4   0x0000000a   Code   RO         1919    i.__mathlib_flt_underflow  m_ws.l(funder.o)
    0x08007cce   0x00000002   PAD
    0x08007cd0   0x00000158   Code   RO         1921    i.__mathlib_rredf2  m_ws.l(rredf.o)
    0x08007e28   0x00000128   Code   RO         1799    i.asinf             m_ws.l(asinf.o)
    0x08007f50   0x00000184   Code   RO         1815    i.cosf              m_ws.l(cosf.o)
    0x080080d4   0x0000061c   Code   RO         1823    i.powf              m_ws.l(powf.o)
    0x080086f0   0x0000018c   Code   RO         1833    i.sinf              m_ws.l(sinf.o)
    0x0800887c   0x0000002c   Code   RO         1841    i.sqrtf             m_ws.l(sqrtf.o)
    0x080088a8   0x00000108   Code   RO          732    t._ZN7Matrix3IfE10from_eulerERK7Vector3IfE  ftc_matrix3.o
    0x080089b0   0x00000010   Code   RO          376    t._ZN7Vector3IdEC1Ev  ftc_imu.o
    0x080089c0   0x00000008   Code   RO          756    t._ZN7Vector3IfEC1Efff  ftc_matrix3.o
    0x080089c8   0x0000000a   Code   RO          367    t._ZN7Vector3IfEC1Ev  ftc_imu.o
    0x080089d2   0x00000008   Code   RO          469    t._ZN7Vector3IfEclEfff  ftc_navgation.o
    0x080089da   0x00000028   Code   RO          896    t._ZN7Vector3IfEpLERKS0_  ftc_vector3.o
    0x08008a02   0x0000000a   Code   RO          319    t._ZN7Vector3IsEC1Ev  ftc_flycontrol.o
    0x08008a0c   0x00000008   Code   RO         1267    t._ZN7Vector3IsEclEsss  ftc_drv_mpu6050.o
    0x08008a14   0x000000a4   Code   RO          702    t._ZNK7Matrix3IfEmlERK7Vector3IfE  ftc_matrix3.o
    0x08008ab8   0x00000038   Code   RO          902    t._ZNK7Vector3IfEmiERKS0_  ftc_vector3.o
    0x08008af0   0x00000038   Code   RO          824    t._ZNK7Vector3IfEmlERKS0_  ftc_vector3.o
    0x08008b28   0x00000038   Code   RO          860    t._ZNK7Vector3IfEmlEf  ftc_vector3.o
    0x08008b60   0x00000038   Code   RO          890    t._ZNK7Vector3IfEplERKS0_  ftc_vector3.o
    0x08008b98   0x00000062   Code   RO         1728    x$fpl$d2f           fz_ws.l(d2f.o)
    0x08008bfa   0x00000002   PAD
    0x08008bfc   0x00000150   Code   RO         1730    x$fpl$dadd          fz_ws.l(daddsub_clz.o)
    0x08008d4c   0x00000018   Code   RO         1896    x$fpl$dcmpinf       fz_ws.l(dcmpi.o)
    0x08008d64   0x0000005e   Code   RO         1742    x$fpl$dfix          fz_ws.l(dfix.o)
    0x08008dc2   0x0000002e   Code   RO         1747    x$fpl$dflt          fz_ws.l(dflt_clz.o)
    0x08008df0   0x00000026   Code   RO         1746    x$fpl$dfltu         fz_ws.l(dflt_clz.o)
    0x08008e16   0x00000002   PAD
    0x08008e18   0x00000078   Code   RO         1752    x$fpl$dleqf         fz_ws.l(dleqf.o)
    0x08008e90   0x00000154   Code   RO         1754    x$fpl$dmul          fz_ws.l(dmul.o)
    0x08008fe4   0x0000009c   Code   RO         1898    x$fpl$dnaninf       fz_ws.l(dnaninf.o)
    0x08009080   0x0000000c   Code   RO         1900    x$fpl$dretinf       fz_ws.l(dretinf.o)
    0x0800908c   0x000001d4   Code   RO         1732    x$fpl$dsub          fz_ws.l(daddsub_clz.o)
    0x08009260   0x00000056   Code   RO         1756    x$fpl$f2d           fz_ws.l(f2d.o)
    0x080092b6   0x00000002   PAD
    0x080092b8   0x000000c4   Code   RO         1758    x$fpl$fadd          fz_ws.l(faddsub_clz.o)
    0x0800937c   0x0000000c   Code   RO         1948    x$fpl$fcheck1       fz_ws.l(fcheck1.o)
    0x08009388   0x00000018   Code   RO         1902    x$fpl$fcmpinf       fz_ws.l(fcmpi.o)
    0x080093a0   0x00000184   Code   RO         1765    x$fpl$fdiv          fz_ws.l(fdiv.o)
    0x08009524   0x00000068   Code   RO         1768    x$fpl$feqf          fz_ws.l(feqf.o)
    0x0800958c   0x00000036   Code   RO         1770    x$fpl$ffix          fz_ws.l(ffix.o)
    0x080095c2   0x00000002   PAD
    0x080095c4   0x00000052   Code   RO         1771    x$fpl$ffixr         fz_ws.l(ffix.o)
    0x08009616   0x00000002   PAD
    0x08009618   0x0000003e   Code   RO         1774    x$fpl$ffixu         fz_ws.l(ffixu.o)
    0x08009656   0x00000002   PAD
    0x08009658   0x00000030   Code   RO         1779    x$fpl$fflt          fz_ws.l(fflt_clz.o)
    0x08009688   0x00000026   Code   RO         1778    x$fpl$ffltu         fz_ws.l(fflt_clz.o)
    0x080096ae   0x00000002   PAD
    0x080096b0   0x00000068   Code   RO         1784    x$fpl$fleqf         fz_ws.l(fleqf.o)
    0x08009718   0x00000102   Code   RO         1786    x$fpl$fmul          fz_ws.l(fmul.o)
    0x0800981a   0x0000008c   Code   RO         1904    x$fpl$fnaninf       fz_ws.l(fnaninf.o)
    0x080098a6   0x0000000a   Code   RO         1906    x$fpl$fretinf       fz_ws.l(fretinf.o)
    0x080098b0   0x00000062   Code   RO         1788    x$fpl$frleqf        fz_ws.l(frleqf.o)
    0x08009912   0x00000002   PAD
    0x08009914   0x00000060   Code   RO         1908    x$fpl$frnd          fz_ws.l(frnd.o)
    0x08009974   0x00000014   Code   RO         1759    x$fpl$frsb          fz_ws.l(faddsub_clz.o)
    0x08009988   0x00000110   Code   RO         1910    x$fpl$fsqrt         fz_ws.l(fsqrt.o)
    0x08009a98   0x000000ea   Code   RO         1760    x$fpl$fsub          fz_ws.l(faddsub_clz.o)
    0x08009b82   0x00000064   Code   RO         1975    x$fpl$retnan        fz_ws.l(retnan.o)
    0x08009be6   0x0000004c   Code   RO         1914    x$fpl$scalbnf       fz_ws.l(scalbnf.o)
    0x08009c32   0x00000030   Code   RO         2053    x$fpl$trapveneer    fz_ws.l(trapv.o)
    0x08009c62   0x00000000   Code   RO         1916    x$fpl$usenofp       fz_ws.l(usenofp.o)
    0x08009c62   0x00000008   Data   RO          547    .constdata          ftc_rc.o
    0x08009c6a   0x00000032   Data   RO         1175    .constdata          ftc_drv_eeprom.o
    0x08009c9c   0x00000140   Data   RO         1824    .constdata          m_ws.l(powf.o)
    0x08009ddc   0x00000020   Data   RO         1922    .constdata          m_ws.l(rredf.o)
    0x08009dfc   0x00000020   Data   RO         2163    Region$$Table       anon$$obj.o
    0x08009e1c   0x00000004   Data   RO          203    .init_array         ftc_config.o
    0x08009e20   0x00000004   Data   RO          297    .init_array         ftc_flycontrol.o
    0x08009e24   0x00000004   Data   RO          348    .init_array         ftc_imu.o
    0x08009e28   0x00000004   Data   RO          453    .init_array         ftc_navgation.o
    0x08009e2c   0x00000004   Data   RO          549    .init_array         ftc_rc.o
    0x08009e30   0x00000004   Data   RO          576    .init_array         ftc_scheduler.o
    0x08009e34   0x00000004   Data   RO         1251    .init_array         ftc_drv_mpu6050.o
    0x08009e38   0x00000004   Data   RO         1312    .init_array         ftc_drv_ms5611.o
    0x08009e3c   0x00000000   Data   RO         1714    .init_array         c_w.l(init_aeabi.o)


    Execution Region RW_IRAM1 (Base: 0x20000000, Size: 0x00000ff0, Max: 0x00005000, ABSOLUTE)

    Base Addr    Size         Type   Attr      Idx    E Section Name        Object

    0x20000000   0x00000002   Data   RW          202    .data               ftc_config.o
    0x20000002   0x00000009   Data   RW          233    .data               ftc_dt.o
    0x2000000b   0x00000001   PAD
    0x2000000c   0x00000010   Data   RW          257    .data               ftc_filter.o
    0x2000001c   0x00000004   Data   RW          347    .data               ftc_imu.o
    0x20000020   0x00000019   Data   RW          452    .data               ftc_navgation.o
    0x20000039   0x00000001   PAD
    0x2000003a   0x00000004   Data   RW          492    .data               ftc_param.o
    0x2000003e   0x00000002   Data   RW          548    .data               ftc_rc.o
    0x20000040   0x00000008   Data   RW         1076    .data               board.o
    0x20000048   0x0000000c   Data   RW         1148    .data               ftc_drv_adc.o
    0x20000054   0x00000008   Data   RW         1176    .data               ftc_drv_eeprom.o
    0x2000005c   0x00000001   Data   RW         1223    .data               ftc_drv_led.o
    0x2000005d   0x00000003   PAD
    0x20000060   0x0000000e   Data   RW         1250    .data               ftc_drv_mpu6050.o
    0x2000006e   0x00000002   PAD
    0x20000070   0x00000009   Data   RW         1311    .data               ftc_drv_ms5611.o
    0x20000079   0x0000000a   Data   RW         1348    .data               ftc_drv_nrf24l01.o
    0x20000083   0x00000001   Data   RW         1374    .data               ftc_drv_pwm.o
    0x20000084   0x00000005   Data   RW         1421    .data               ftc_drv_uart3.o
    0x20000089   0x00000014   Data   RW         1576    .data               stm32f10x_rcc.o
    0x2000009d   0x00000003   PAD
    0x200000a0   0x00000014   Data   RW         1662    .data               system_stm32f10x.o
    0x200000b4   0x00000010   Zero   RW          201    .bss                ftc_config.o
    0x200000c4   0x00000041   Zero   RW          232    .bss                ftc_dt.o
    0x20000105   0x00000003   PAD
    0x20000108   0x000000f4   Zero   RW          296    .bss                ftc_flycontrol.o
    0x200001fc   0x00000004   PAD
    0x20000200   0x000002b0   Zero   RW          346    .bss                ftc_imu.o
    0x200004b0   0x0000000c   Zero   RW          425    .bss                ftc_motor.o
    0x200004bc   0x000000d4   Zero   RW          451    .bss                ftc_navgation.o
    0x20000590   0x00000042   Zero   RW          546    .bss                ftc_rc.o
    0x200005d2   0x0000000a   Zero   RW          575    .bss                ftc_scheduler.o
    0x200005dc   0x00000058   Zero   RW         1249    .bss                ftc_drv_mpu6050.o
    0x20000634   0x00000028   Zero   RW         1310    .bss                ftc_drv_ms5611.o
    0x2000065c   0x000001fe   Zero   RW         1347    .bss                ftc_drv_nrf24l01.o
    0x2000085a   0x00000132   Zero   RW         1420    .bss                ftc_drv_uart3.o
    0x2000098c   0x00000060   Zero   RW         1953    .bss                c_w.l(libspace.o)
    0x200009ec   0x00000004   PAD
    0x200009f0   0x00000200   Zero   RW         1699    HEAP                startup_stm32f10x_md.o
    0x20000bf0   0x00000400   Zero   RW         1698    STACK               startup_stm32f10x_md.o


==============================================================================

Image component sizes


      Code (inc. data)   RO Data    RW Data    ZI Data      Debug   Object Name

       364         34          0          8          0      25557   board.o
       256         16          4          2         16       2130   ftc_config.o
       476         52          0         12          0       1734   ftc_drv_adc.o
      1240         40         50          8          0       5088   ftc_drv_eeprom.o
       968          4          0          0          0       3816   ftc_drv_i2c_soft.o
        10          0          0          1          0       1414   ftc_drv_led.o
      1292         42          4         14         88       8002   ftc_drv_mpu6050.o
       780         32          4          9         40       4119   ftc_drv_ms5611.o
       760         14          0         10        510       4884   ftc_drv_nrf24l01.o
       496         24          0          1          0       1882   ftc_drv_pwm.o
       324         12          0          0          0       1332   ftc_drv_spi2.o
       580         34          0          5        306       2968   ftc_drv_uart3.o
      4900        132          0          9         65       9077   ftc_dt.o
       820         26          0         16          0       7820   ftc_filter.o
       336         48          4          0        244       4881   ftc_flycontrol.o
       850         44          4          4        688       8766   ftc_imu.o
       478         22          0          0          0       4769   ftc_math.o
       436          0          0          0          0       4340   ftc_matrix3.o
       212         12          0          0         12       2212   ftc_motor.o
      2240        128          4         25        212       4074   ftc_navgation.o
      1452         50          0          4          0       3018   ftc_param.o
         0          0          0          0          0        315   ftc_pid.o
       992         36         12          2         66       3445   ftc_rc.o
       256         30          4          0         10       1963   ftc_scheduler.o
       264          0          0          0          0       2604   ftc_vector3.o
        44         14          0          0          0     291011   ftccopter.o
       220         22          0          0          0       1905   misc.o
        64         26        236          0       1536        876   startup_stm32f10x_md.o
      1102         26          0          0          0      11005   stm32f10x_adc.o
       596          8          0          0          0       4450   stm32f10x_dma.o
      1468         34          0          0          0       8154   stm32f10x_flash.o
       860         38          0          0          0       5773   stm32f10x_gpio.o
        44          6          0          0          0       1305   stm32f10x_it.o
       932         36          0         20          0       8960   stm32f10x_rcc.o
       780         14          0          0          0       6666   stm32f10x_spi.o
      3610         88          0          0          0      22428   stm32f10x_tim.o
      1032         22          0          0          0       8524   stm32f10x_usart.o
       480         38          0         20          0       2023   system_stm32f10x.o

    ----------------------------------------------------------------------
     32020       1204        358        180       3800     493290   Object Totals
         0          0         32          0          0          0   (incl. Generated)
         6          0          0         10          7          0   (incl. Padding)

    ----------------------------------------------------------------------

      Code (inc. data)   RO Data    RW Data    ZI Data      Debug   Library Member Name

         8          0          0          0          0         68   __main.o
        52          8          0          0          0          0   __scatter.o
        26          0          0          0          0          0   __scatter_copy.o
        28          0          0          0          0          0   __scatter_zi.o
        22          0          0          0          0        100   _rserrno.o
        12          0          0          0          0         72   exit.o
         6          0          0          0          0        152   heapauxi.o
         0          0          0          0          0          0   indicate_semi.o
        36         10          0          0          0         80   init_aeabi.o
         2          0          0          0          0          0   libinit.o
         6          0          0          0          0          0   libinit2.o
         2          0          0          0          0          0   libshutdown.o
         2          0          0          0          0          0   libshutdown2.o
         8          4          0          0         96         68   libspace.o
         8          4          0          0          0         68   rt_errno_addr_intlibspace.o
         0          0          0          0          0          0   rtentry.o
        12          0          0          0          0          0   rtentry2.o
         6          0          0          0          0          0   rtentry4.o
         2          0          0          0          0          0   rtexit.o
        10          0          0          0          0          0   rtexit2.o
        12          4          0          0          0         68   sys_exit.o
        74          0          0          0          0         80   sys_stackheap_outer.o
         2          0          0          0          0         68   use_no_semi.o
        36          0          0          0          0         84   aeabi_vec_ctor_nocookie_nodtor.o
        16          0          0          0          0         68   cxa_guard_acquire.o
        98          4          0          0          0         92   d2f.o
       804         16          0          0          0        272   daddsub_clz.o
        24          0          0          0          0         68   dcmpi.o
        94          4          0          0          0         92   dfix.o
        84          0          0          0          0        136   dflt_clz.o
       120          4          0          0          0         92   dleqf.o
       340         12          0          0          0        104   dmul.o
       156          4          0          0          0         92   dnaninf.o
        12          0          0          0          0         68   dretinf.o
        86          4          0          0          0         84   f2d.o
       450          8          0          0          0        236   faddsub_clz.o
        12          4          0          0          0         68   fcheck1.o
        24          0          0          0          0         68   fcmpi.o
       388         76          0          0          0         96   fdiv.o
       104          4          0          0          0         84   feqf.o
       136          8          0          0          0        168   ffix.o
        62          4          0          0          0         84   ffixu.o
        86          0          0          0          0        136   fflt_clz.o
       104          4          0          0          0         84   fleqf.o
       258          4          0          0          0         84   fmul.o
       140          4          0          0          0         84   fnaninf.o
        10          0          0          0          0         68   fretinf.o
        98          0          0          0          0         68   frleqf.o
        96          4          0          0          0         76   frnd.o
       272        100          0          0          0         88   fsqrt.o
       100          0          0          0          0         68   retnan.o
        76          0          0          0          0         68   scalbnf.o
        48          0          0          0          0         68   trapv.o
         0          0          0          0          0          0   usenofp.o
       296         36          0          0          0        120   asinf.o
       388         54          0          0          0        124   cosf.o
        38          0          0          0          0         68   fpclassifyf.o
        10          0          0          0          0         68   funder.o
      1564         82        320          0          0        240   powf.o
       344         18         32          0          0         88   rredf.o
       396         52          0          0          0        124   sinf.o
        44          0          0          0          0         80   sqrtf.o

    ----------------------------------------------------------------------
      7778        540        352          0        100       4684   Library Totals
        28          0          0          0          4          0   (incl. Padding)

    ----------------------------------------------------------------------

      Code (inc. data)   RO Data    RW Data    ZI Data      Debug   Library Name

       336         30          0          0         96        824   c_w.l
        52          0          0          0          0        152   cpprt_w.l
      4282        268          0          0          0       2796   fz_ws.l
      3080        242        352          0          0        912   m_ws.l

    ----------------------------------------------------------------------
      7778        540        352          0        100       4684   Library Totals

    ----------------------------------------------------------------------

==============================================================================


      Code (inc. data)   RO Data    RW Data    ZI Data      Debug   

     39798       1744        710        180       3900     491210   Grand Totals
     39798       1744        710        180       3900     491210   ELF Image Totals
     39798       1744        710        180          0          0   ROM Totals

==============================================================================

    Total RO  Size (Code + RO Data)                40508 (  39.56kB)
    Total RW  Size (RW Data + ZI Data)              4080 (   3.98kB)
    Total ROM Size (Code + RO Data + RW Data)      40688 (  39.73kB)

==============================================================================

